Archive member included to satisfy reference by file (symbol)

c:/st/stm32cubeide_1.12.0/stm32cubeide/plugins/com.st.stm32cube.ide.mcu.externaltools.gnu-tools-for-stm32.10.3-2021.10.win32_1.0.200.202301161003/tools/bin/../lib/gcc/arm-none-eabi/10.3.1/../../../../arm-none-eabi/lib/thumb/v7e-m+fp/hard\libc_nano.a(lib_a-errno.o)
                              ./Core/Src/syscalls.o (__errno)
c:/st/stm32cubeide_1.12.0/stm32cubeide/plugins/com.st.stm32cube.ide.mcu.externaltools.gnu-tools-for-stm32.10.3-2021.10.win32_1.0.200.202301161003/tools/bin/../lib/gcc/arm-none-eabi/10.3.1/../../../../arm-none-eabi/lib/thumb/v7e-m+fp/hard\libc_nano.a(lib_a-exit.o)
                              c:/st/stm32cubeide_1.12.0/stm32cubeide/plugins/com.st.stm32cube.ide.mcu.externaltools.gnu-tools-for-stm32.10.3-2021.10.win32_1.0.200.202301161003/tools/bin/../lib/gcc/arm-none-eabi/10.3.1/../../../../arm-none-eabi/lib/thumb/v7e-m+fp/hard/crt0.o (exit)
c:/st/stm32cubeide_1.12.0/stm32cubeide/plugins/com.st.stm32cube.ide.mcu.externaltools.gnu-tools-for-stm32.10.3-2021.10.win32_1.0.200.202301161003/tools/bin/../lib/gcc/arm-none-eabi/10.3.1/../../../../arm-none-eabi/lib/thumb/v7e-m+fp/hard\libc_nano.a(lib_a-impure.o)
                              c:/st/stm32cubeide_1.12.0/stm32cubeide/plugins/com.st.stm32cube.ide.mcu.externaltools.gnu-tools-for-stm32.10.3-2021.10.win32_1.0.200.202301161003/tools/bin/../lib/gcc/arm-none-eabi/10.3.1/../../../../arm-none-eabi/lib/thumb/v7e-m+fp/hard\libc_nano.a(lib_a-exit.o) (_global_impure_ptr)
c:/st/stm32cubeide_1.12.0/stm32cubeide/plugins/com.st.stm32cube.ide.mcu.externaltools.gnu-tools-for-stm32.10.3-2021.10.win32_1.0.200.202301161003/tools/bin/../lib/gcc/arm-none-eabi/10.3.1/../../../../arm-none-eabi/lib/thumb/v7e-m+fp/hard\libc_nano.a(lib_a-init.o)
                              c:/st/stm32cubeide_1.12.0/stm32cubeide/plugins/com.st.stm32cube.ide.mcu.externaltools.gnu-tools-for-stm32.10.3-2021.10.win32_1.0.200.202301161003/tools/bin/../lib/gcc/arm-none-eabi/10.3.1/../../../../arm-none-eabi/lib/thumb/v7e-m+fp/hard/crt0.o (__libc_init_array)
c:/st/stm32cubeide_1.12.0/stm32cubeide/plugins/com.st.stm32cube.ide.mcu.externaltools.gnu-tools-for-stm32.10.3-2021.10.win32_1.0.200.202301161003/tools/bin/../lib/gcc/arm-none-eabi/10.3.1/../../../../arm-none-eabi/lib/thumb/v7e-m+fp/hard\libc_nano.a(lib_a-memset.o)
                              c:/st/stm32cubeide_1.12.0/stm32cubeide/plugins/com.st.stm32cube.ide.mcu.externaltools.gnu-tools-for-stm32.10.3-2021.10.win32_1.0.200.202301161003/tools/bin/../lib/gcc/arm-none-eabi/10.3.1/../../../../arm-none-eabi/lib/thumb/v7e-m+fp/hard/crt0.o (memset)
c:/st/stm32cubeide_1.12.0/stm32cubeide/plugins/com.st.stm32cube.ide.mcu.externaltools.gnu-tools-for-stm32.10.3-2021.10.win32_1.0.200.202301161003/tools/bin/../lib/gcc/arm-none-eabi/10.3.1/thumb/v7e-m+fp/hard\libgcc.a(_aeabi_uldivmod.o)
                              ./Drivers/STM32F4xx_HAL_Driver/Src/stm32f4xx_hal_rcc.o (__aeabi_uldivmod)
c:/st/stm32cubeide_1.12.0/stm32cubeide/plugins/com.st.stm32cube.ide.mcu.externaltools.gnu-tools-for-stm32.10.3-2021.10.win32_1.0.200.202301161003/tools/bin/../lib/gcc/arm-none-eabi/10.3.1/thumb/v7e-m+fp/hard\libgcc.a(_udivmoddi4.o)
                              c:/st/stm32cubeide_1.12.0/stm32cubeide/plugins/com.st.stm32cube.ide.mcu.externaltools.gnu-tools-for-stm32.10.3-2021.10.win32_1.0.200.202301161003/tools/bin/../lib/gcc/arm-none-eabi/10.3.1/thumb/v7e-m+fp/hard\libgcc.a(_aeabi_uldivmod.o) (__udivmoddi4)
c:/st/stm32cubeide_1.12.0/stm32cubeide/plugins/com.st.stm32cube.ide.mcu.externaltools.gnu-tools-for-stm32.10.3-2021.10.win32_1.0.200.202301161003/tools/bin/../lib/gcc/arm-none-eabi/10.3.1/thumb/v7e-m+fp/hard\libgcc.a(_dvmd_tls.o)
                              c:/st/stm32cubeide_1.12.0/stm32cubeide/plugins/com.st.stm32cube.ide.mcu.externaltools.gnu-tools-for-stm32.10.3-2021.10.win32_1.0.200.202301161003/tools/bin/../lib/gcc/arm-none-eabi/10.3.1/thumb/v7e-m+fp/hard\libgcc.a(_aeabi_uldivmod.o) (__aeabi_ldiv0)

Discarded input sections

 .text          0x0000000000000000        0x0 c:/st/stm32cubeide_1.12.0/stm32cubeide/plugins/com.st.stm32cube.ide.mcu.externaltools.gnu-tools-for-stm32.10.3-2021.10.win32_1.0.200.202301161003/tools/bin/../lib/gcc/arm-none-eabi/10.3.1/thumb/v7e-m+fp/hard/crti.o
 .data          0x0000000000000000        0x0 c:/st/stm32cubeide_1.12.0/stm32cubeide/plugins/com.st.stm32cube.ide.mcu.externaltools.gnu-tools-for-stm32.10.3-2021.10.win32_1.0.200.202301161003/tools/bin/../lib/gcc/arm-none-eabi/10.3.1/thumb/v7e-m+fp/hard/crti.o
 .bss           0x0000000000000000        0x0 c:/st/stm32cubeide_1.12.0/stm32cubeide/plugins/com.st.stm32cube.ide.mcu.externaltools.gnu-tools-for-stm32.10.3-2021.10.win32_1.0.200.202301161003/tools/bin/../lib/gcc/arm-none-eabi/10.3.1/thumb/v7e-m+fp/hard/crti.o
[...]
Memory Configuration

Name             Origin             Length             Attributes
CCMRAM           0x0000000010000000 0x0000000000010000 xrw
RAM              0x0000000020000000 0x0000000000020000 xrw
FLASH            0x0000000008008000 0x0000000000078000 xr
*default*        0x0000000000000000 0xffffffffffffffff

Linker script and memory map

LOAD c:/st/stm32cubeide_1.12.0/stm32cubeide/plugins/com.st.stm32cube.ide.mcu.externaltools.gnu-tools-for-stm32.10.3-2021.10.win32_1.0.200.202301161003/tools/bin/../lib/gcc/arm-none-eabi/10.3.1/thumb/v7e-m+fp/hard/crti.o
LOAD c:/st/stm32cubeide_1.12.0/stm32cubeide/plugins/com.st.stm32cube.ide.mcu.externaltools.gnu-tools-for-stm32.10.3-2021.10.win32_1.0.200.202301161003/tools/bin/../lib/gcc/arm-none-eabi/10.3.1/thumb/v7e-m+fp/hard/crtbegin.o
LOAD c:/st/stm32cubeide_1.12.0/stm32cubeide/plugins/com.st.stm32cube.ide.mcu.externaltools.gnu-tools-for-stm32.10.3-2021.10.win32_1.0.200.202301161003/tools/bin/../lib/gcc/arm-none-eabi/10.3.1/../../../../arm-none-eabi/lib/thumb/v7e-m+fp/hard/crt0.o
LOAD ./App/app.o
LOAD ./App/boot.o
LOAD ./App/led.o
LOAD ./App/timer.o
LOAD ./Core/Src/main.o
LOAD ./Core/Src/stm32f4xx_hal_msp.o
LOAD ./Core/Src/stm32f4xx_it.o
LOAD ./Core/Src/syscalls.o
LOAD ./Core/Src/sysmem.o
LOAD ./Core/Src/system_stm32f4xx.o
LOAD ./Core/Startup/startup_stm32f407vetx.o
LOAD ./Drivers/STM32F4xx_HAL_Driver/Src/stm32f4xx_hal.o
LOAD ./Drivers/STM32F4xx_HAL_Driver/Src/stm32f4xx_hal_cortex.o
LOAD ./Drivers/STM32F4xx_HAL_Driver/Src/stm32f4xx_hal_dma.o
LOAD ./Drivers/STM32F4xx_HAL_Driver/Src/stm32f4xx_hal_dma_ex.o
LOAD ./Drivers/STM32F4xx_HAL_Driver/Src/stm32f4xx_hal_exti.o
LOAD ./Drivers/STM32F4xx_HAL_Driver/Src/stm32f4xx_hal_flash.o
LOAD ./Drivers/STM32F4xx_HAL_Driver/Src/stm32f4xx_hal_flash_ex.o
LOAD ./Drivers/STM32F4xx_HAL_Driver/Src/stm32f4xx_hal_flash_ramfunc.o
LOAD ./Drivers/STM32F4xx_HAL_Driver/Src/stm32f4xx_hal_gpio.o
LOAD ./Drivers/STM32F4xx_HAL_Driver/Src/stm32f4xx_hal_pcd.o
LOAD ./Drivers/STM32F4xx_HAL_Driver/Src/stm32f4xx_hal_pcd_ex.o
LOAD ./Drivers/STM32F4xx_HAL_Driver/Src/stm32f4xx_hal_pwr.o
LOAD ./Drivers/STM32F4xx_HAL_Driver/Src/stm32f4xx_hal_pwr_ex.o
LOAD ./Drivers/STM32F4xx_HAL_Driver/Src/stm32f4xx_hal_rcc.o
LOAD ./Drivers/STM32F4xx_HAL_Driver/Src/stm32f4xx_hal_rcc_ex.o
LOAD ./Drivers/STM32F4xx_HAL_Driver/Src/stm32f4xx_hal_spi.o
LOAD ./Drivers/STM32F4xx_HAL_Driver/Src/stm32f4xx_hal_tim.o
LOAD ./Drivers/STM32F4xx_HAL_Driver/Src/stm32f4xx_hal_tim_ex.o
LOAD ./Drivers/STM32F4xx_HAL_Driver/Src/stm32f4xx_hal_uart.o
LOAD ./Drivers/STM32F4xx_HAL_Driver/Src/stm32f4xx_ll_usb.o
START GROUP
LOAD c:/st/stm32cubeide_1.12.0/stm32cubeide/plugins/com.st.stm32cube.ide.mcu.externaltools.gnu-tools-for-stm32.10.3-2021.10.win32_1.0.200.202301161003/tools/bin/../lib/gcc/arm-none-eabi/10.3.1/../../../../arm-none-eabi/lib/thumb/v7e-m+fp/hard\libc_nano.a
LOAD c:/st/stm32cubeide_1.12.0/stm32cubeide/plugins/com.st.stm32cube.ide.mcu.externaltools.gnu-tools-for-stm32.10.3-2021.10.win32_1.0.200.202301161003/tools/bin/../lib/gcc/arm-none-eabi/10.3.1/../../../../arm-none-eabi/lib/thumb/v7e-m+fp/hard\libm.a
END GROUP
START GROUP
LOAD c:/st/stm32cubeide_1.12.0/stm32cubeide/plugins/com.st.stm32cube.ide.mcu.externaltools.gnu-tools-for-stm32.10.3-2021.10.win32_1.0.200.202301161003/tools/bin/../lib/gcc/arm-none-eabi/10.3.1/thumb/v7e-m+fp/hard\libgcc.a
LOAD c:/st/stm32cubeide_1.12.0/stm32cubeide/plugins/com.st.stm32cube.ide.mcu.externaltools.gnu-tools-for-stm32.10.3-2021.10.win32_1.0.200.202301161003/tools/bin/../lib/gcc/arm-none-eabi/10.3.1/../../../../arm-none-eabi/lib/thumb/v7e-m+fp/hard\libc_nano.a
END GROUP
START GROUP
LOAD c:/st/stm32cubeide_1.12.0/stm32cubeide/plugins/com.st.stm32cube.ide.mcu.externaltools.gnu-tools-for-stm32.10.3-2021.10.win32_1.0.200.202301161003/tools/bin/../lib/gcc/arm-none-eabi/10.3.1/thumb/v7e-m+fp/hard\libgcc.a
LOAD c:/st/stm32cubeide_1.12.0/stm32cubeide/plugins/com.st.stm32cube.ide.mcu.externaltools.gnu-tools-for-stm32.10.3-2021.10.win32_1.0.200.202301161003/tools/bin/../lib/gcc/arm-none-eabi/10.3.1/../../../../arm-none-eabi/lib/thumb/v7e-m+fp/hard\libc_nano.a
LOAD c:/st/stm32cubeide_1.12.0/stm32cubeide/plugins/com.st.stm32cube.ide.mcu.externaltools.gnu-tools-for-stm32.10.3-2021.10.win32_1.0.200.202301161003/tools/bin/../lib/gcc/arm-none-eabi/10.3.1/../../../../arm-none-eabi/lib/thumb/v7e-m+fp/hard\libnosys.a
END GROUP
START GROUP
LOAD c:/st/stm32cubeide_1.12.0/stm32cubeide/plugins/com.st.stm32cube.ide.mcu.externaltools.gnu-tools-for-stm32.10.3-2021.10.win32_1.0.200.202301161003/tools/bin/../lib/gcc/arm-none-eabi/10.3.1/thumb/v7e-m+fp/hard\libgcc.a
LOAD c:/st/stm32cubeide_1.12.0/stm32cubeide/plugins/com.st.stm32cube.ide.mcu.externaltools.gnu-tools-for-stm32.10.3-2021.10.win32_1.0.200.202301161003/tools/bin/../lib/gcc/arm-none-eabi/10.3.1/../../../../arm-none-eabi/lib/thumb/v7e-m+fp/hard\libc_nano.a
LOAD c:/st/stm32cubeide_1.12.0/stm32cubeide/plugins/com.st.stm32cube.ide.mcu.externaltools.gnu-tools-for-stm32.10.3-2021.10.win32_1.0.200.202301161003/tools/bin/../lib/gcc/arm-none-eabi/10.3.1/../../../../arm-none-eabi/lib/thumb/v7e-m+fp/hard\libnosys.a
END GROUP
LOAD c:/st/stm32cubeide_1.12.0/stm32cubeide/plugins/com.st.stm32cube.ide.mcu.externaltools.gnu-tools-for-stm32.10.3-2021.10.win32_1.0.200.202301161003/tools/bin/../lib/gcc/arm-none-eabi/10.3.1/thumb/v7e-m+fp/hard/crtend.o
LOAD c:/st/stm32cubeide_1.12.0/stm32cubeide/plugins/com.st.stm32cube.ide.mcu.externaltools.gnu-tools-for-stm32.10.3-2021.10.win32_1.0.200.202301161003/tools/bin/../lib/gcc/arm-none-eabi/10.3.1/thumb/v7e-m+fp/hard/crtn.o
                0x0000000020020000                _estack = (ORIGIN (RAM) + LENGTH (RAM))
                0x0000000000000200                _Min_Heap_Size = 0x200
                0x0000000000000400                _Min_Stack_Size = 0x400

.isr_vector     0x0000000008008000      0x188
                0x0000000008008000                . = ALIGN (0x4)
 *(.isr_vector)
 .isr_vector    0x0000000008008000      0x188 ./Core/Startup/startup_stm32f407vetx.o
                0x0000000008008000                g_pfnVectors
                0x0000000008008188                . = ALIGN (0x4)

.text           0x0000000008008188     0x2150
                0x0000000008008188                . = ALIGN (0x4)
 *(.text)
 .text          0x0000000008008188       0x40 c:/st/stm32cubeide_1.12.0/stm32cubeide/plugins/com.st.stm32cube.ide.mcu.externaltools.gnu-tools-for-stm32.10.3-2021.10.win32_1.0.200.202301161003/tools/bin/../lib/gcc/arm-none-eabi/10.3.1/thumb/v7e-m+fp/hard/crtbegin.o
 .text          0x00000000080081c8       0x30 c:/st/stm32cubeide_1.12.0/stm32cubeide/plugins/com.st.stm32cube.ide.mcu.externaltools.gnu-tools-for-stm32.10.3-2021.10.win32_1.0.200.202301161003/tools/bin/../lib/gcc/arm-none-eabi/10.3.1/thumb/v7e-m+fp/hard\libgcc.a(_aeabi_uldivmod.o)
                0x00000000080081c8                __aeabi_uldivmod
 .text          0x00000000080081f8      0x2d0 c:/st/stm32cubeide_1.12.0/stm32cubeide/plugins/com.st.stm32cube.ide.mcu.externaltools.gnu-tools-for-stm32.10.3-2021.10.win32_1.0.200.202301161003/tools/bin/../lib/gcc/arm-none-eabi/10.3.1/thumb/v7e-m+fp/hard\libgcc.a(_udivmoddi4.o)
                0x00000000080081f8                __udivmoddi4
 .text          0x00000000080084c8        0x4 c:/st/stm32cubeide_1.12.0/stm32cubeide/plugins/com.st.stm32cube.ide.mcu.externaltools.gnu-tools-for-stm32.10.3-2021.10.win32_1.0.200.202301161003/tools/bin/../lib/gcc/arm-none-eabi/10.3.1/thumb/v7e-m+fp/hard\libgcc.a(_dvmd_tls.o)
                0x00000000080084c8                __aeabi_idiv0
                0x00000000080084c8                __aeabi_ldiv0
 *(.text*)
 .text.AppInit  0x00000000080084cc       0x14 ./App/app.o
                0x00000000080084cc                AppInit
 .text.AppTask  0x00000000080084e0       0x10 ./App/app.o
                0x00000000080084e0                AppTask
 .text.__NVIC_SystemReset
                0x00000000080084f0       0x2c ./App/boot.o
 .text.BootComInit
                0x000000000800851c        0xc ./App/boot.o
                0x000000000800851c                BootComInit
 .text.BootComCheckActivationRequest
                0x0000000008008528        0xc ./App/boot.o
                0x0000000008008528                BootComCheckActivationRequest
 .text.BootActivate
                0x0000000008008534        0x8 ./App/boot.o
                0x0000000008008534                BootActivate
 .text.BootComRs232Init
                0x000000000800853c       0x48 ./App/boot.o
 .text.BootComRs232CheckActivationRequest
                0x0000000008008584       0xb4 ./App/boot.o
 .text.Rs232ReceiveByte
                0x0000000008008638       0x30 ./App/boot.o
 .text.LedInit  0x0000000008008668       0x18 ./App/led.o
                0x0000000008008668                LedInit
 .text.LedToggle
                0x0000000008008680       0x64 ./App/led.o
                0x0000000008008680                LedToggle
 .text.TimerInit
                0x00000000080086e4        0xe ./App/timer.o
                0x00000000080086e4                TimerInit
 .text.TimerGet
                0x00000000080086f2        0xe ./App/timer.o
                0x00000000080086f2                TimerGet
 .text.VectorBase_Config
                0x0000000008008700       0x1c ./Core/Src/main.o
 .text.main     0x000000000800871c       0x22 ./Core/Src/main.o
                0x000000000800871c                main
 *fill*         0x000000000800873e        0x2 
 .text.SystemClock_Config
                0x0000000008008740       0xd4 ./Core/Src/main.o
                0x0000000008008740                SystemClock_Config
 .text.MX_USART2_UART_Init
                0x0000000008008814       0x54 ./Core/Src/main.o
 .text.MX_GPIO_Init
                0x0000000008008868      0x154 ./Core/Src/main.o
 .text.Error_Handler
                0x00000000080089bc        0xe ./Core/Src/main.o
                0x00000000080089bc                Error_Handler
 *fill*         0x00000000080089ca        0x2 
 .text.HAL_MspInit
                0x00000000080089cc       0x50 ./Core/Src/stm32f4xx_hal_msp.o
                0x00000000080089cc                HAL_MspInit
 .text.HAL_UART_MspInit
                0x0000000008008a1c       0x90 ./Core/Src/stm32f4xx_hal_msp.o
                0x0000000008008a1c                HAL_UART_MspInit
 .text.NMI_Handler
                0x0000000008008aac        0x6 ./Core/Src/stm32f4xx_it.o
                0x0000000008008aac                NMI_Handler
 .text.HardFault_Handler
                0x0000000008008ab2        0x6 ./Core/Src/stm32f4xx_it.o
                0x0000000008008ab2                HardFault_Handler
 .text.MemManage_Handler
                0x0000000008008ab8        0x6 ./Core/Src/stm32f4xx_it.o
                0x0000000008008ab8                MemManage_Handler
 .text.BusFault_Handler
                0x0000000008008abe        0x6 ./Core/Src/stm32f4xx_it.o
                0x0000000008008abe                BusFault_Handler
 .text.UsageFault_Handler
                0x0000000008008ac4        0x6 ./Core/Src/stm32f4xx_it.o
                0x0000000008008ac4                UsageFault_Handler
 .text.SVC_Handler
                0x0000000008008aca        0xe ./Core/Src/stm32f4xx_it.o
                0x0000000008008aca                SVC_Handler
 .text.DebugMon_Handler
                0x0000000008008ad8        0xe ./Core/Src/stm32f4xx_it.o
                0x0000000008008ad8                DebugMon_Handler
 .text.PendSV_Handler
                0x0000000008008ae6        0xe ./Core/Src/stm32f4xx_it.o
                0x0000000008008ae6                PendSV_Handler
 .text.SysTick_Handler
                0x0000000008008af4        0xc ./Core/Src/stm32f4xx_it.o
                0x0000000008008af4                SysTick_Handler
 .text.SystemInit
                0x0000000008008b00       0x24 ./Core/Src/system_stm32f4xx.o
                0x0000000008008b00                SystemInit
 .text.Reset_Handler
                0x0000000008008b24       0x50 ./Core/Startup/startup_stm32f407vetx.o
                0x0000000008008b24                Reset_Handler
 .text.Default_Handler
                0x0000000008008b74        0x2 ./Core/Startup/startup_stm32f407vetx.o
                0x0000000008008b74                RTC_Alarm_IRQHandler
                0x0000000008008b74                HASH_RNG_IRQHandler
                0x0000000008008b74                EXTI2_IRQHandler
                0x0000000008008b74                TIM8_CC_IRQHandler
                0x0000000008008b74                TIM1_CC_IRQHandler
                0x0000000008008b74                DMA2_Stream5_IRQHandler
                0x0000000008008b74                DMA1_Stream5_IRQHandler
                0x0000000008008b74                PVD_IRQHandler
                0x0000000008008b74                SDIO_IRQHandler
                0x0000000008008b74                TAMP_STAMP_IRQHandler
                0x0000000008008b74                CAN2_RX1_IRQHandler
                0x0000000008008b74                EXTI3_IRQHandler
                0x0000000008008b74                TIM8_TRG_COM_TIM14_IRQHandler
                0x0000000008008b74                TIM1_UP_TIM10_IRQHandler
                0x0000000008008b74                TIM8_UP_TIM13_IRQHandler
                0x0000000008008b74                I2C3_ER_IRQHandler
                0x0000000008008b74                EXTI0_IRQHandler
                0x0000000008008b74                I2C2_EV_IRQHandler
                0x0000000008008b74                DMA1_Stream2_IRQHandler
                0x0000000008008b74                CAN1_RX0_IRQHandler
                0x0000000008008b74                FPU_IRQHandler
                0x0000000008008b74                OTG_HS_WKUP_IRQHandler
                0x0000000008008b74                CAN2_SCE_IRQHandler
                0x0000000008008b74                DMA2_Stream2_IRQHandler
                0x0000000008008b74                SPI1_IRQHandler
                0x0000000008008b74                TIM6_DAC_IRQHandler
                0x0000000008008b74                TIM1_BRK_TIM9_IRQHandler
                0x0000000008008b74                DCMI_IRQHandler
                0x0000000008008b74                CAN2_RX0_IRQHandler
                0x0000000008008b74                DMA2_Stream3_IRQHandler
                0x0000000008008b74                USART6_IRQHandler
                0x0000000008008b74                USART3_IRQHandler
                0x0000000008008b74                CAN1_RX1_IRQHandler
                0x0000000008008b74                UART5_IRQHandler
                0x0000000008008b74                DMA2_Stream0_IRQHandler
                0x0000000008008b74                TIM4_IRQHandler
                0x0000000008008b74                I2C1_EV_IRQHandler
                0x0000000008008b74                DMA1_Stream6_IRQHandler
                0x0000000008008b74                DMA1_Stream1_IRQHandler
                0x0000000008008b74                UART4_IRQHandler
                0x0000000008008b74                TIM3_IRQHandler
                0x0000000008008b74                RCC_IRQHandler
                0x0000000008008b74                TIM8_BRK_TIM12_IRQHandler
                0x0000000008008b74                Default_Handler
                0x0000000008008b74                EXTI15_10_IRQHandler
                0x0000000008008b74                ADC_IRQHandler
                0x0000000008008b74                DMA1_Stream7_IRQHandler
                0x0000000008008b74                TIM7_IRQHandler
                0x0000000008008b74                CAN2_TX_IRQHandler
                0x0000000008008b74                TIM5_IRQHandler
                0x0000000008008b74                DMA2_Stream7_IRQHandler
                0x0000000008008b74                I2C3_EV_IRQHandler
                0x0000000008008b74                EXTI9_5_IRQHandler
                0x0000000008008b74                RTC_WKUP_IRQHandler
                0x0000000008008b74                ETH_WKUP_IRQHandler
                0x0000000008008b74                SPI2_IRQHandler
                0x0000000008008b74                OTG_HS_EP1_IN_IRQHandler
                0x0000000008008b74                DMA1_Stream0_IRQHandler
                0x0000000008008b74                CAN1_TX_IRQHandler
                0x0000000008008b74                EXTI4_IRQHandler
                0x0000000008008b74                FSMC_IRQHandler
                0x0000000008008b74                ETH_IRQHandler
                0x0000000008008b74                OTG_HS_EP1_OUT_IRQHandler
                0x0000000008008b74                WWDG_IRQHandler
                0x0000000008008b74                TIM2_IRQHandler
                0x0000000008008b74                OTG_FS_WKUP_IRQHandler
                0x0000000008008b74                TIM1_TRG_COM_TIM11_IRQHandler
                0x0000000008008b74                OTG_HS_IRQHandler
                0x0000000008008b74                EXTI1_IRQHandler
                0x0000000008008b74                USART2_IRQHandler
                0x0000000008008b74                I2C2_ER_IRQHandler
                0x0000000008008b74                DMA2_Stream1_IRQHandler
                0x0000000008008b74                CAN1_SCE_IRQHandler
                0x0000000008008b74                FLASH_IRQHandler
                0x0000000008008b74                DMA2_Stream4_IRQHandler
                0x0000000008008b74                USART1_IRQHandler
                0x0000000008008b74                OTG_FS_IRQHandler
                0x0000000008008b74                SPI3_IRQHandler
                0x0000000008008b74                DMA1_Stream4_IRQHandler
                0x0000000008008b74                I2C1_ER_IRQHandler
                0x0000000008008b74                DMA2_Stream6_IRQHandler
                0x0000000008008b74                DMA1_Stream3_IRQHandler
 *fill*         0x0000000008008b76        0x2 
 .text.HAL_Init
                0x0000000008008b78       0x44 ./Drivers/STM32F4xx_HAL_Driver/Src/stm32f4xx_hal.o
                0x0000000008008b78                HAL_Init
 .text.HAL_InitTick
                0x0000000008008bbc       0x60 ./Drivers/STM32F4xx_HAL_Driver/Src/stm32f4xx_hal.o
                0x0000000008008bbc                HAL_InitTick
 .text.HAL_IncTick
                0x0000000008008c1c       0x28 ./Drivers/STM32F4xx_HAL_Driver/Src/stm32f4xx_hal.o
                0x0000000008008c1c                HAL_IncTick
 .text.HAL_GetTick
                0x0000000008008c44       0x18 ./Drivers/STM32F4xx_HAL_Driver/Src/stm32f4xx_hal.o
                0x0000000008008c44                HAL_GetTick
 .text.__NVIC_SetPriorityGrouping
                0x0000000008008c5c       0x48 ./Drivers/STM32F4xx_HAL_Driver/Src/stm32f4xx_hal_cortex.o
 .text.__NVIC_GetPriorityGrouping
                0x0000000008008ca4       0x1c ./Drivers/STM32F4xx_HAL_Driver/Src/stm32f4xx_hal_cortex.o
 .text.__NVIC_SetPriority
                0x0000000008008cc0       0x54 ./Drivers/STM32F4xx_HAL_Driver/Src/stm32f4xx_hal_cortex.o
 .text.NVIC_EncodePriority
                0x0000000008008d14       0x66 ./Drivers/STM32F4xx_HAL_Driver/Src/stm32f4xx_hal_cortex.o
 *fill*         0x0000000008008d7a        0x2 
 .text.SysTick_Config
                0x0000000008008d7c       0x44 ./Drivers/STM32F4xx_HAL_Driver/Src/stm32f4xx_hal_cortex.o
 .text.HAL_NVIC_SetPriorityGrouping
                0x0000000008008dc0       0x16 ./Drivers/STM32F4xx_HAL_Driver/Src/stm32f4xx_hal_cortex.o
                0x0000000008008dc0                HAL_NVIC_SetPriorityGrouping
 .text.HAL_NVIC_SetPriority
                0x0000000008008dd6       0x38 ./Drivers/STM32F4xx_HAL_Driver/Src/stm32f4xx_hal_cortex.o
                0x0000000008008dd6                HAL_NVIC_SetPriority
 .text.HAL_SYSTICK_Config
                0x0000000008008e0e       0x18 ./Drivers/STM32F4xx_HAL_Driver/Src/stm32f4xx_hal_cortex.o
                0x0000000008008e0e                HAL_SYSTICK_Config
 *fill*         0x0000000008008e26        0x2 
 .text.HAL_GPIO_Init
                0x0000000008008e28      0x338 ./Drivers/STM32F4xx_HAL_Driver/Src/stm32f4xx_hal_gpio.o
                0x0000000008008e28                HAL_GPIO_Init
 .text.HAL_GPIO_WritePin
                0x0000000008009160       0x32 ./Drivers/STM32F4xx_HAL_Driver/Src/stm32f4xx_hal_gpio.o
                0x0000000008009160                HAL_GPIO_WritePin
 *fill*         0x0000000008009192        0x2 
 .text.HAL_RCC_OscConfig
                0x0000000008009194      0x4f0 ./Drivers/STM32F4xx_HAL_Driver/Src/stm32f4xx_hal_rcc.o
                0x0000000008009194                HAL_RCC_OscConfig
 .text.HAL_RCC_ClockConfig
                0x0000000008009684      0x1cc ./Drivers/STM32F4xx_HAL_Driver/Src/stm32f4xx_hal_rcc.o
                0x0000000008009684                HAL_RCC_ClockConfig
 .text.HAL_RCC_GetSysClockFreq
                0x0000000008009850      0x20c ./Drivers/STM32F4xx_HAL_Driver/Src/stm32f4xx_hal_rcc.o
                0x0000000008009850                HAL_RCC_GetSysClockFreq
 .text.HAL_RCC_GetHCLKFreq
                0x0000000008009a5c       0x18 ./Drivers/STM32F4xx_HAL_Driver/Src/stm32f4xx_hal_rcc.o
                0x0000000008009a5c                HAL_RCC_GetHCLKFreq
 .text.HAL_RCC_GetPCLK1Freq
                0x0000000008009a74       0x28 ./Drivers/STM32F4xx_HAL_Driver/Src/stm32f4xx_hal_rcc.o
                0x0000000008009a74                HAL_RCC_GetPCLK1Freq
 .text.HAL_RCC_GetPCLK2Freq
                0x0000000008009a9c       0x28 ./Drivers/STM32F4xx_HAL_Driver/Src/stm32f4xx_hal_rcc.o
                0x0000000008009a9c                HAL_RCC_GetPCLK2Freq
 .text.HAL_UART_Init
                0x0000000008009ac4       0x9a ./Drivers/STM32F4xx_HAL_Driver/Src/stm32f4xx_hal_uart.o
                0x0000000008009ac4                HAL_UART_Init
 .text.HAL_UART_Receive
                0x0000000008009b5e      0x144 ./Drivers/STM32F4xx_HAL_Driver/Src/stm32f4xx_hal_uart.o
                0x0000000008009b5e                HAL_UART_Receive
 .text.UART_WaitOnFlagUntilTimeout
                0x0000000008009ca2       0xdc ./Drivers/STM32F4xx_HAL_Driver/Src/stm32f4xx_hal_uart.o
 *fill*         0x0000000008009d7e        0x2 
 .text.UART_SetConfig
                0x0000000008009d80      0x4e8 ./Drivers/STM32F4xx_HAL_Driver/Src/stm32f4xx_hal_uart.o
 .text.__libc_init_array
                0x000000000800a268       0x48 c:/st/stm32cubeide_1.12.0/stm32cubeide/plugins/com.st.stm32cube.ide.mcu.externaltools.gnu-tools-for-stm32.10.3-2021.10.win32_1.0.200.202301161003/tools/bin/../lib/gcc/arm-none-eabi/10.3.1/../../../../arm-none-eabi/lib/thumb/v7e-m+fp/hard\libc_nano.a(lib_a-init.o)
                0x000000000800a268                __libc_init_array
 .text.memset   0x000000000800a2b0       0x10 c:/st/stm32cubeide_1.12.0/stm32cubeide/plugins/com.st.stm32cube.ide.mcu.externaltools.gnu-tools-for-stm32.10.3-2021.10.win32_1.0.200.202301161003/tools/bin/../lib/gcc/arm-none-eabi/10.3.1/../../../../arm-none-eabi/lib/thumb/v7e-m+fp/hard\libc_nano.a(lib_a-memset.o)
                0x000000000800a2b0                memset
 *(.glue_7)
 .glue_7        0x000000000800a2c0        0x0 linker stubs
 *(.glue_7t)
 .glue_7t       0x000000000800a2c0        0x0 linker stubs
 *(.eh_frame)
 .eh_frame      0x000000000800a2c0        0x0 c:/st/stm32cubeide_1.12.0/stm32cubeide/plugins/com.st.stm32cube.ide.mcu.externaltools.gnu-tools-for-stm32.10.3-2021.10.win32_1.0.200.202301161003/tools/bin/../lib/gcc/arm-none-eabi/10.3.1/thumb/v7e-m+fp/hard/crtbegin.o
 *(.init)
 .init          0x000000000800a2c0        0x4 c:/st/stm32cubeide_1.12.0/stm32cubeide/plugins/com.st.stm32cube.ide.mcu.externaltools.gnu-tools-for-stm32.10.3-2021.10.win32_1.0.200.202301161003/tools/bin/../lib/gcc/arm-none-eabi/10.3.1/thumb/v7e-m+fp/hard/crti.o
                0x000000000800a2c0                _init
 .init          0x000000000800a2c4        0x8 c:/st/stm32cubeide_1.12.0/stm32cubeide/plugins/com.st.stm32cube.ide.mcu.externaltools.gnu-tools-for-stm32.10.3-2021.10.win32_1.0.200.202301161003/tools/bin/../lib/gcc/arm-none-eabi/10.3.1/thumb/v7e-m+fp/hard/crtn.o
 *(.fini)
 .fini          0x000000000800a2cc        0x4 c:/st/stm32cubeide_1.12.0/stm32cubeide/plugins/com.st.stm32cube.ide.mcu.externaltools.gnu-tools-for-stm32.10.3-2021.10.win32_1.0.200.202301161003/tools/bin/../lib/gcc/arm-none-eabi/10.3.1/thumb/v7e-m+fp/hard/crti.o
                0x000000000800a2cc                _fini
 .fini          0x000000000800a2d0        0x8 c:/st/stm32cubeide_1.12.0/stm32cubeide/plugins/com.st.stm32cube.ide.mcu.externaltools.gnu-tools-for-stm32.10.3-2021.10.win32_1.0.200.202301161003/tools/bin/../lib/gcc/arm-none-eabi/10.3.1/thumb/v7e-m+fp/hard/crtn.o
                0x000000000800a2d8                . = ALIGN (0x4)
                0x000000000800a2d8                _etext = .

.vfp11_veneer   0x000000000800a2d8        0x0
 .vfp11_veneer  0x000000000800a2d8        0x0 linker stubs

.v4_bx          0x000000000800a2d8        0x0
 .v4_bx         0x000000000800a2d8        0x0 linker stubs

.iplt           0x000000000800a2d8        0x0
 .iplt          0x000000000800a2d8        0x0 c:/st/stm32cubeide_1.12.0/stm32cubeide/plugins/com.st.stm32cube.ide.mcu.externaltools.gnu-tools-for-stm32.10.3-2021.10.win32_1.0.200.202301161003/tools/bin/../lib/gcc/arm-none-eabi/10.3.1/thumb/v7e-m+fp/hard/crtbegin.o

.rodata         0x000000000800a2d8       0x18
                0x000000000800a2d8                . = ALIGN (0x4)
 *(.rodata)
 *(.rodata*)
 .rodata.AHBPrescTable
                0x000000000800a2d8       0x10 ./Core/Src/system_stm32f4xx.o
                0x000000000800a2d8                AHBPrescTable
 .rodata.APBPrescTable
                0x000000000800a2e8        0x8 ./Core/Src/system_stm32f4xx.o
                0x000000000800a2e8                APBPrescTable
                0x000000000800a2f0                . = ALIGN (0x4)

.ARM.extab      0x000000000800a2f0        0x0
                0x000000000800a2f0                . = ALIGN (0x4)
 *(.ARM.extab* .gnu.linkonce.armextab.*)
                0x000000000800a2f0                . = ALIGN (0x4)

.ARM            0x000000000800a2f0        0x8
                0x000000000800a2f0                . = ALIGN (0x4)
                0x000000000800a2f0                __exidx_start = .
 *(.ARM.exidx*)
 .ARM.exidx     0x000000000800a2f0        0x8 c:/st/stm32cubeide_1.12.0/stm32cubeide/plugins/com.st.stm32cube.ide.mcu.externaltools.gnu-tools-for-stm32.10.3-2021.10.win32_1.0.200.202301161003/tools/bin/../lib/gcc/arm-none-eabi/10.3.1/thumb/v7e-m+fp/hard\libgcc.a(_udivmoddi4.o)
                0x000000000800a2f8                __exidx_end = .
                0x000000000800a2f8                . = ALIGN (0x4)

.rel.dyn        0x000000000800a2f8        0x0
 .rel.iplt      0x000000000800a2f8        0x0 c:/st/stm32cubeide_1.12.0/stm32cubeide/plugins/com.st.stm32cube.ide.mcu.externaltools.gnu-tools-for-stm32.10.3-2021.10.win32_1.0.200.202301161003/tools/bin/../lib/gcc/arm-none-eabi/10.3.1/thumb/v7e-m+fp/hard/crtbegin.o

.preinit_array  0x000000000800a2f8        0x0
                0x000000000800a2f8                . = ALIGN (0x4)
                0x000000000800a2f8                PROVIDE (__preinit_array_start = .)
 *(.preinit_array*)
                0x000000000800a2f8                PROVIDE (__preinit_array_end = .)
                0x000000000800a2f8                . = ALIGN (0x4)

.init_array     0x000000000800a2f8        0x4
                0x000000000800a2f8                . = ALIGN (0x4)
                0x000000000800a2f8                PROVIDE (__init_array_start = .)
 *(SORT_BY_NAME(.init_array.*))
 *(.init_array*)
 .init_array    0x000000000800a2f8        0x4 c:/st/stm32cubeide_1.12.0/stm32cubeide/plugins/com.st.stm32cube.ide.mcu.externaltools.gnu-tools-for-stm32.10.3-2021.10.win32_1.0.200.202301161003/tools/bin/../lib/gcc/arm-none-eabi/10.3.1/thumb/v7e-m+fp/hard/crtbegin.o
                0x000000000800a2fc                PROVIDE (__init_array_end = .)
                0x000000000800a2fc                . = ALIGN (0x4)

.fini_array     0x000000000800a2fc        0x4
                0x000000000800a2fc                . = ALIGN (0x4)
                [!provide]                        PROVIDE (__fini_array_start = .)
 *(SORT_BY_NAME(.fini_array.*))
 *(.fini_array*)
 .fini_array    0x000000000800a2fc        0x4 c:/st/stm32cubeide_1.12.0/stm32cubeide/plugins/com.st.stm32cube.ide.mcu.externaltools.gnu-tools-for-stm32.10.3-2021.10.win32_1.0.200.202301161003/tools/bin/../lib/gcc/arm-none-eabi/10.3.1/thumb/v7e-m+fp/hard/crtbegin.o
                [!provide]                        PROVIDE (__fini_array_end = .)
                0x000000000800a300                . = ALIGN (0x4)
                0x000000000800a300                _sidata = LOADADDR (.data)

.data           0x0000000020000000        0xc load address 0x000000000800a300
                0x0000000020000000                . = ALIGN (0x4)
                0x0000000020000000                _sdata = .
 *(.data)
 *(.data*)
 .data.SystemCoreClock
                0x0000000020000000        0x4 ./Core/Src/system_stm32f4xx.o
                0x0000000020000000                SystemCoreClock
 .data.uwTickPrio
                0x0000000020000004        0x4 ./Drivers/STM32F4xx_HAL_Driver/Src/stm32f4xx_hal.o
                0x0000000020000004                uwTickPrio
 .data.uwTickFreq
                0x0000000020000008        0x1 ./Drivers/STM32F4xx_HAL_Driver/Src/stm32f4xx_hal.o
                0x0000000020000008                uwTickFreq
 *(.RamFunc)
 *(.RamFunc*)
                0x000000002000000c                . = ALIGN (0x4)
 *fill*         0x0000000020000009        0x3 
                0x000000002000000c                _edata = .
                0x000000000800a30c                _siccmram = LOADADDR (.ccmram)

.igot.plt       0x000000002000000c        0x0 load address 0x000000000800a30c
 .igot.plt      0x000000002000000c        0x0 c:/st/stm32cubeide_1.12.0/stm32cubeide/plugins/com.st.stm32cube.ide.mcu.externaltools.gnu-tools-for-stm32.10.3-2021.10.win32_1.0.200.202301161003/tools/bin/../lib/gcc/arm-none-eabi/10.3.1/thumb/v7e-m+fp/hard/crtbegin.o

.ccmram         0x0000000010000000        0x0 load address 0x000000000800a30c
                0x0000000010000000                . = ALIGN (0x4)
                0x0000000010000000                _sccmram = .
 *(.ccmram)
 *(.ccmram*)
                0x0000000010000000                . = ALIGN (0x4)
                0x0000000010000000                _eccmram = .
                0x0000000010000000                . = ALIGN (0x4)

.bss            0x000000002000000c      0x140
                0x000000002000000c                _sbss = .
                0x000000002000000c                __bss_start__ = _sbss
 *(.bss)
 .bss           0x000000002000000c       0x1c c:/st/stm32cubeide_1.12.0/stm32cubeide/plugins/com.st.stm32cube.ide.mcu.externaltools.gnu-tools-for-stm32.10.3-2021.10.win32_1.0.200.202301161003/tools/bin/../lib/gcc/arm-none-eabi/10.3.1/thumb/v7e-m+fp/hard/crtbegin.o
 *(.bss*)
 .bss.rs232Handle
                0x0000000020000028       0x44 ./App/boot.o
 .bss.xcpCtoRxInProgress.3
                0x000000002000006c        0x1 ./App/boot.o
 *fill*         0x000000002000006d        0x3 
 .bss.xcpCtoReqPacket.2
                0x0000000020000070       0x82 ./App/boot.o
 *fill*         0x00000000200000f2        0x2 
 .bss.xcpCtoRxStartTime.1
                0x00000000200000f4        0x4 ./App/boot.o
 .bss.xcpCtoRxLength.0
                0x00000000200000f8        0x1 ./App/boot.o
 *fill*         0x00000000200000f9        0x3 
 .bss.timer_counter_last.1
                0x00000000200000fc        0x4 ./App/led.o
 .bss.led_toggle_state.0
                0x0000000020000100        0x1 ./App/led.o
 *fill*         0x0000000020000101        0x3 
 .bss.huart2    0x0000000020000104       0x44 ./Core/Src/main.o
                0x0000000020000104                huart2
 .bss.uwTick    0x0000000020000148        0x4 ./Drivers/STM32F4xx_HAL_Driver/Src/stm32f4xx_hal.o
                0x0000000020000148                uwTick
 *(COMMON)
                0x000000002000014c                . = ALIGN (0x4)
                0x000000002000014c                _ebss = .
                0x000000002000014c                __bss_end__ = _ebss

._user_heap_stack
                0x000000002000014c      0x604
                0x0000000020000150                . = ALIGN (0x8)
 *fill*         0x000000002000014c        0x4 
                [!provide]                        PROVIDE (end = .)
                0x0000000020000150                PROVIDE (_end = .)
                0x0000000020000350                . = (. + _Min_Heap_Size)
 *fill*         0x0000000020000150      0x200 
                0x0000000020000750                . = (. + _Min_Stack_Size)
 *fill*         0x0000000020000350      0x400 
                0x0000000020000750                . = ALIGN (0x8)

/DISCARD/
 libc.a(*)
 libm.a(*)
 libgcc.a(*)

.ARM.attributes
                0x0000000000000000       0x30
 *(.ARM.attributes)
 .ARM.attributes
                0x0000000000000000       0x1e c:/st/stm32cubeide_1.12.0/stm32cubeide/plugins/com.st.stm32cube.ide.mcu.externaltools.gnu-tools-for-stm32.10.3-2021.10.win32_1.0.200.202301161003/tools/bin/../lib/gcc/arm-none-eabi/10.3.1/thumb/v7e-m+fp/hard/crti.o
 .ARM.attributes
                0x000000000000001e       0x34 c:/st/stm32cubeide_1.12.0/stm32cubeide/plugins/com.st.stm32cube.ide.mcu.externaltools.gnu-tools-for-stm32.10.3-2021.10.win32_1.0.200.202301161003/tools/bin/../lib/gcc/arm-none-eabi/10.3.1/thumb/v7e-m+fp/hard/crtbegin.o
 .ARM.attributes
                0x0000000000000052       0x34 ./App/app.o
 .ARM.attributes
                0x0000000000000086       0x34 ./App/boot.o
 .ARM.attributes
                0x00000000000000ba       0x34 ./App/led.o
 .ARM.attributes
                0x00000000000000ee       0x34 ./App/timer.o
 .ARM.attributes
                0x0000000000000122       0x34 ./Core/Src/main.o
 .ARM.attributes
                0x0000000000000156       0x34 ./Core/Src/stm32f4xx_hal_msp.o
 .ARM.attributes
                0x000000000000018a       0x34 ./Core/Src/stm32f4xx_it.o
 .ARM.attributes
                0x00000000000001be       0x34 ./Core/Src/system_stm32f4xx.o
 .ARM.attributes
                0x00000000000001f2       0x21 ./Core/Startup/startup_stm32f407vetx.o
 .ARM.attributes
                0x0000000000000213       0x34 ./Drivers/STM32F4xx_HAL_Driver/Src/stm32f4xx_hal.o
 .ARM.attributes
                0x0000000000000247       0x34 ./Drivers/STM32F4xx_HAL_Driver/Src/stm32f4xx_hal_cortex.o
 .ARM.attributes
                0x000000000000027b       0x34 ./Drivers/STM32F4xx_HAL_Driver/Src/stm32f4xx_hal_gpio.o
 .ARM.attributes
                0x00000000000002af       0x34 ./Drivers/STM32F4xx_HAL_Driver/Src/stm32f4xx_hal_rcc.o
 .ARM.attributes
                0x00000000000002e3       0x34 ./Drivers/STM32F4xx_HAL_Driver/Src/stm32f4xx_hal_uart.o
 .ARM.attributes
                0x0000000000000317       0x34 c:/st/stm32cubeide_1.12.0/stm32cubeide/plugins/com.st.stm32cube.ide.mcu.externaltools.gnu-tools-for-stm32.10.3-2021.10.win32_1.0.200.202301161003/tools/bin/../lib/gcc/arm-none-eabi/10.3.1/../../../../arm-none-eabi/lib/thumb/v7e-m+fp/hard\libc_nano.a(lib_a-init.o)
 .ARM.attributes
                0x000000000000034b       0x34 c:/st/stm32cubeide_1.12.0/stm32cubeide/plugins/com.st.stm32cube.ide.mcu.externaltools.gnu-tools-for-stm32.10.3-2021.10.win32_1.0.200.202301161003/tools/bin/../lib/gcc/arm-none-eabi/10.3.1/../../../../arm-none-eabi/lib/thumb/v7e-m+fp/hard\libc_nano.a(lib_a-memset.o)
 .ARM.attributes
                0x000000000000037f       0x1e c:/st/stm32cubeide_1.12.0/stm32cubeide/plugins/com.st.stm32cube.ide.mcu.externaltools.gnu-tools-for-stm32.10.3-2021.10.win32_1.0.200.202301161003/tools/bin/../lib/gcc/arm-none-eabi/10.3.1/thumb/v7e-m+fp/hard\libgcc.a(_aeabi_uldivmod.o)
 .ARM.attributes
                0x000000000000039d       0x34 c:/st/stm32cubeide_1.12.0/stm32cubeide/plugins/com.st.stm32cube.ide.mcu.externaltools.gnu-tools-for-stm32.10.3-2021.10.win32_1.0.200.202301161003/tools/bin/../lib/gcc/arm-none-eabi/10.3.1/thumb/v7e-m+fp/hard\libgcc.a(_udivmoddi4.o)
 .ARM.attributes
                0x00000000000003d1       0x1e c:/st/stm32cubeide_1.12.0/stm32cubeide/plugins/com.st.stm32cube.ide.mcu.externaltools.gnu-tools-for-stm32.10.3-2021.10.win32_1.0.200.202301161003/tools/bin/../lib/gcc/arm-none-eabi/10.3.1/thumb/v7e-m+fp/hard\libgcc.a(_dvmd_tls.o)
 .ARM.attributes
                0x00000000000003ef       0x1e c:/st/stm32cubeide_1.12.0/stm32cubeide/plugins/com.st.stm32cube.ide.mcu.externaltools.gnu-tools-for-stm32.10.3-2021.10.win32_1.0.200.202301161003/tools/bin/../lib/gcc/arm-none-eabi/10.3.1/thumb/v7e-m+fp/hard/crtn.o
OUTPUT(Prog.elf elf32-littlearm)
LOAD linker stubs
LOAD c:/st/stm32cubeide_1.12.0/stm32cubeide/plugins/com.st.stm32cube.ide.mcu.externaltools.gnu-tools-for-stm32.10.3-2021.10.win32_1.0.200.202301161003/tools/bin/../lib/gcc/arm-none-eabi/10.3.1/../../../../arm-none-eabi/lib/thumb/v7e-m+fp/hard\libc.a
LOAD c:/st/stm32cubeide_1.12.0/stm32cubeide/plugins/com.st.stm32cube.ide.mcu.externaltools.gnu-tools-for-stm32.10.3-2021.10.win32_1.0.200.202301161003/tools/bin/../lib/gcc/arm-none-eabi/10.3.1/../../../../arm-none-eabi/lib/thumb/v7e-m+fp/hard\libm.a
LOAD c:/st/stm32cubeide_1.12.0/stm32cubeide/plugins/com.st.stm32cube.ide.mcu.externaltools.gnu-tools-for-stm32.10.3-2021.10.win32_1.0.200.202301161003/tools/bin/../lib/gcc/arm-none-eabi/10.3.1/thumb/v7e-m+fp/hard\libgcc.a

.debug_info     0x0000000000000000     0x945c
 .debug_info    0x0000000000000000       0xc3 ./App/app.o
 .debug_info    0x00000000000000c3      0x90d ./App/boot.o
 .debug_info    0x00000000000009d0      0x208 ./App/led.o
 .debug_info    0x0000000000000bd8       0xc3 ./App/timer.o
 .debug_info    0x0000000000000c9b     0x15b0 ./Core/Src/main.o
 .debug_info    0x000000000000224b     0x1188 ./Core/Src/stm32f4xx_hal_msp.o
 .debug_info    0x00000000000033d3      0x121 ./Core/Src/stm32f4xx_it.o
 .debug_info    0x00000000000034f4      0x523 ./Core/Src/system_stm32f4xx.o
 .debug_info    0x0000000000003a17       0x22 ./Core/Startup/startup_stm32f407vetx.o
 .debug_info    0x0000000000003a39      0x97c ./Drivers/STM32F4xx_HAL_Driver/Src/stm32f4xx_hal.o
 .debug_info    0x00000000000043b5      0xe1b ./Drivers/STM32F4xx_HAL_Driver/Src/stm32f4xx_hal_cortex.o
 .debug_info    0x00000000000051d0      0x76a ./Drivers/STM32F4xx_HAL_Driver/Src/stm32f4xx_hal_gpio.o
 .debug_info    0x000000000000593a      0x966 ./Drivers/STM32F4xx_HAL_Driver/Src/stm32f4xx_hal_rcc.o
 .debug_info    0x00000000000062a0     0x31bc ./Drivers/STM32F4xx_HAL_Driver/Src/stm32f4xx_hal_uart.o

.debug_abbrev   0x0000000000000000     0x1705
 .debug_abbrev  0x0000000000000000       0x5a ./App/app.o
 .debug_abbrev  0x000000000000005a      0x1fe ./App/boot.o
 .debug_abbrev  0x0000000000000258      0x132 ./App/led.o
 .debug_abbrev  0x000000000000038a       0x87 ./App/timer.o
 .debug_abbrev  0x0000000000000411      0x2f8 ./Core/Src/main.o
 .debug_abbrev  0x0000000000000709      0x1db ./Core/Src/stm32f4xx_hal_msp.o
 .debug_abbrev  0x00000000000008e4       0x74 ./Core/Src/stm32f4xx_it.o
 .debug_abbrev  0x0000000000000958      0x116 ./Core/Src/system_stm32f4xx.o
 .debug_abbrev  0x0000000000000a6e       0x12 ./Core/Startup/startup_stm32f407vetx.o
 .debug_abbrev  0x0000000000000a80      0x20d ./Drivers/STM32F4xx_HAL_Driver/Src/stm32f4xx_hal.o
 .debug_abbrev  0x0000000000000c8d      0x316 ./Drivers/STM32F4xx_HAL_Driver/Src/stm32f4xx_hal_cortex.o
 .debug_abbrev  0x0000000000000fa3      0x1c4 ./Drivers/STM32F4xx_HAL_Driver/Src/stm32f4xx_hal_gpio.o
 .debug_abbrev  0x0000000000001167      0x2aa ./Drivers/STM32F4xx_HAL_Driver/Src/stm32f4xx_hal_rcc.o
 .debug_abbrev  0x0000000000001411      0x2f4 ./Drivers/STM32F4xx_HAL_Driver/Src/stm32f4xx_hal_uart.o

.debug_aranges  0x0000000000000000      0x708
 .debug_aranges
                0x0000000000000000       0x28 ./App/app.o
 .debug_aranges
                0x0000000000000028       0x50 ./App/boot.o
 .debug_aranges
                0x0000000000000078       0x28 ./App/led.o
 .debug_aranges
                0x00000000000000a0       0x28 ./App/timer.o
 .debug_aranges
                0x00000000000000c8       0x58 ./Core/Src/main.o
 .debug_aranges
                0x0000000000000120       0x50 ./Core/Src/stm32f4xx_hal_msp.o
 .debug_aranges
                0x0000000000000170       0x60 ./Core/Src/stm32f4xx_it.o
 .debug_aranges
                0x00000000000001d0       0x28 ./Core/Src/system_stm32f4xx.o
 .debug_aranges
                0x00000000000001f8       0x28 ./Core/Startup/startup_stm32f407vetx.o
 .debug_aranges
                0x0000000000000220       0xf0 ./Drivers/STM32F4xx_HAL_Driver/Src/stm32f4xx_hal.o
 .debug_aranges
                0x0000000000000310      0x118 ./Drivers/STM32F4xx_HAL_Driver/Src/stm32f4xx_hal_cortex.o
 .debug_aranges
                0x0000000000000428       0x58 ./Drivers/STM32F4xx_HAL_Driver/Src/stm32f4xx_hal_gpio.o
 .debug_aranges
                0x0000000000000480       0x88 ./Drivers/STM32F4xx_HAL_Driver/Src/stm32f4xx_hal_rcc.o
 .debug_aranges
                0x0000000000000508      0x200 ./Drivers/STM32F4xx_HAL_Driver/Src/stm32f4xx_hal_uart.o

.debug_ranges   0x0000000000000000      0x660
 .debug_ranges  0x0000000000000000       0x18 ./App/app.o
 .debug_ranges  0x0000000000000018       0x40 ./App/boot.o
 .debug_ranges  0x0000000000000058       0x18 ./App/led.o
 .debug_ranges  0x0000000000000070       0x18 ./App/timer.o
 .debug_ranges  0x0000000000000088       0x48 ./Core/Src/main.o
 .debug_ranges  0x00000000000000d0       0x40 ./Core/Src/stm32f4xx_hal_msp.o
 .debug_ranges  0x0000000000000110       0x50 ./Core/Src/stm32f4xx_it.o
 .debug_ranges  0x0000000000000160       0x18 ./Core/Src/system_stm32f4xx.o
 .debug_ranges  0x0000000000000178       0x20 ./Core/Startup/startup_stm32f407vetx.o
 .debug_ranges  0x0000000000000198       0xe0 ./Drivers/STM32F4xx_HAL_Driver/Src/stm32f4xx_hal.o
 .debug_ranges  0x0000000000000278      0x108 ./Drivers/STM32F4xx_HAL_Driver/Src/stm32f4xx_hal_cortex.o
 .debug_ranges  0x0000000000000380       0x48 ./Drivers/STM32F4xx_HAL_Driver/Src/stm32f4xx_hal_gpio.o
 .debug_ranges  0x00000000000003c8       0x78 ./Drivers/STM32F4xx_HAL_Driver/Src/stm32f4xx_hal_rcc.o
 .debug_ranges  0x0000000000000440      0x220 ./Drivers/STM32F4xx_HAL_Driver/Src/stm32f4xx_hal_uart.o

.debug_macro    0x0000000000000000    0x2024d
 .debug_macro   0x0000000000000000      0x223 ./App/app.o
 .debug_macro   0x0000000000000223      0xa78 ./App/app.o
 .debug_macro   0x0000000000000c9b       0xc9 ./App/app.o
 .debug_macro   0x0000000000000d64       0x2e ./App/app.o
 .debug_macro   0x0000000000000d92       0x2f ./App/app.o
 .debug_macro   0x0000000000000dc1       0x22 ./App/app.o
 .debug_macro   0x0000000000000de3       0x8e ./App/app.o
 .debug_macro   0x0000000000000e71       0x51 ./App/app.o
 .debug_macro   0x0000000000000ec2      0x103 ./App/app.o
 .debug_macro   0x0000000000000fc5       0x6a ./App/app.o
 .debug_macro   0x000000000000102f      0x1df ./App/app.o
 .debug_macro   0x000000000000120e       0x1c ./App/app.o
 .debug_macro   0x000000000000122a       0x22 ./App/app.o
 .debug_macro   0x000000000000124c       0xd9 ./App/app.o
 .debug_macro   0x0000000000001325     0x102d ./App/app.o
 .debug_macro   0x0000000000002352      0x11f ./App/app.o
 .debug_macro   0x0000000000002471    0x15e82 ./App/app.o
 .debug_macro   0x00000000000182f3       0x6d ./App/app.o
 .debug_macro   0x0000000000018360      0x2a1 ./App/app.o
 .debug_macro   0x0000000000018601     0x367e ./App/app.o
 .debug_macro   0x000000000001bc7f      0x174 ./App/app.o
 .debug_macro   0x000000000001bdf3       0x5c ./App/app.o
 .debug_macro   0x000000000001be4f      0x96b ./App/app.o
 .debug_macro   0x000000000001c7ba      0x9fe ./App/app.o
 .debug_macro   0x000000000001d1b8      0x115 ./App/app.o
 .debug_macro   0x000000000001d2cd      0x13e ./App/app.o
 .debug_macro   0x000000000001d40b       0xa5 ./App/app.o
 .debug_macro   0x000000000001d4b0      0x174 ./App/app.o
 .debug_macro   0x000000000001d624      0x287 ./App/app.o
 .debug_macro   0x000000000001d8ab       0x5f ./App/app.o
 .debug_macro   0x000000000001d90a      0x236 ./App/app.o
 .debug_macro   0x000000000001db40      0x12c ./App/app.o
 .debug_macro   0x000000000001dc6c      0x21e ./App/app.o
 .debug_macro   0x000000000001de8a       0x2e ./App/app.o
 .debug_macro   0x000000000001deb8      0x11a ./App/app.o
 .debug_macro   0x000000000001dfd2       0x7e ./App/app.o
 .debug_macro   0x000000000001e050       0x89 ./App/app.o
 .debug_macro   0x000000000001e0d9      0x225 ./App/app.o
 .debug_macro   0x000000000001e2fe      0x295 ./App/app.o
 .debug_macro   0x000000000001e593      0x248 ./App/app.o
 .debug_macro   0x000000000001e7db       0xba ./App/app.o
 .debug_macro   0x000000000001e895      0x12d ./App/app.o
 .debug_macro   0x000000000001e9c2      0x229 ./App/boot.o
 .debug_macro   0x000000000001ebeb      0x229 ./App/led.o
 .debug_macro   0x000000000001ee14      0x223 ./App/timer.o
 .debug_macro   0x000000000001f037      0x22d ./Core/Src/main.o
 .debug_macro   0x000000000001f264      0x1f2 ./Core/Src/stm32f4xx_hal_msp.o
 .debug_macro   0x000000000001f456      0x1fc ./Core/Src/stm32f4xx_it.o
 .debug_macro   0x000000000001f652      0x1e8 ./Core/Src/system_stm32f4xx.o
 .debug_macro   0x000000000001f83a      0x248 ./Drivers/STM32F4xx_HAL_Driver/Src/stm32f4xx_hal.o
 .debug_macro   0x000000000001fa82      0x1e8 ./Drivers/STM32F4xx_HAL_Driver/Src/stm32f4xx_hal_cortex.o
 .debug_macro   0x000000000001fc6a      0x1ee ./Drivers/STM32F4xx_HAL_Driver/Src/stm32f4xx_hal_gpio.o
 .debug_macro   0x000000000001fe58      0x20c ./Drivers/STM32F4xx_HAL_Driver/Src/stm32f4xx_hal_rcc.o
 .debug_macro   0x0000000000020064      0x1e9 ./Drivers/STM32F4xx_HAL_Driver/Src/stm32f4xx_hal_uart.o

.debug_line     0x0000000000000000     0x98d2
 .debug_line    0x0000000000000000      0x743 ./App/app.o
 .debug_line    0x0000000000000743      0x886 ./App/boot.o
 .debug_line    0x0000000000000fc9      0x762 ./App/led.o
 .debug_line    0x000000000000172b      0x73d ./App/timer.o
 .debug_line    0x0000000000001e68      0x969 ./Core/Src/main.o
 .debug_line    0x00000000000027d1      0x7d8 ./Core/Src/stm32f4xx_hal_msp.o
 .debug_line    0x0000000000002fa9      0x7b3 ./Core/Src/stm32f4xx_it.o
 .debug_line    0x000000000000375c      0x772 ./Core/Src/system_stm32f4xx.o
 .debug_line    0x0000000000003ece       0x88 ./Core/Startup/startup_stm32f407vetx.o
 .debug_line    0x0000000000003f56      0x9d8 ./Drivers/STM32F4xx_HAL_Driver/Src/stm32f4xx_hal.o
 .debug_line    0x000000000000492e      0xc87 ./Drivers/STM32F4xx_HAL_Driver/Src/stm32f4xx_hal_cortex.o
 .debug_line    0x00000000000055b5      0xb4c ./Drivers/STM32F4xx_HAL_Driver/Src/stm32f4xx_hal_gpio.o
 .debug_line    0x0000000000006101      0xd54 ./Drivers/STM32F4xx_HAL_Driver/Src/stm32f4xx_hal_rcc.o
 .debug_line    0x0000000000006e55     0x2a7d ./Drivers/STM32F4xx_HAL_Driver/Src/stm32f4xx_hal_uart.o

.debug_str      0x0000000000000000    0xc18da
 .debug_str     0x0000000000000000    0xbefe3 ./App/app.o
                                      0xbf23a (size before relaxing)
 .debug_str     0x00000000000befe3      0x59f ./App/boot.o
                                      0xbf815 (size before relaxing)
 .debug_str     0x00000000000bf582       0xc5 ./App/led.o
                                      0xbf2df (size before relaxing)
 .debug_str     0x00000000000bf647       0x1b ./App/timer.o
                                      0xbf219 (size before relaxing)
 .debug_str     0x00000000000bf662      0x826 ./Core/Src/main.o
                                      0xbffad (size before relaxing)
 .debug_str     0x00000000000bfe88       0xb4 ./Core/Src/stm32f4xx_hal_msp.o
                                      0xbf98b (size before relaxing)
 .debug_str     0x00000000000bff3c       0xc9 ./Core/Src/stm32f4xx_it.o
                                      0xbeee6 (size before relaxing)
 .debug_str     0x00000000000c0005       0x87 ./Core/Src/system_stm32f4xx.o
                                      0xbf010 (size before relaxing)
 .debug_str     0x00000000000c008c       0x8c ./Core/Startup/startup_stm32f407vetx.o
 .debug_str     0x00000000000c0118      0xafb ./Drivers/STM32F4xx_HAL_Driver/Src/stm32f4xx_hal.o
                                      0xbfb94 (size before relaxing)
 .debug_str     0x00000000000c0c13      0x347 ./Drivers/STM32F4xx_HAL_Driver/Src/stm32f4xx_hal_cortex.o
                                      0xbf8c7 (size before relaxing)
 .debug_str     0x00000000000c0f5a      0x121 ./Drivers/STM32F4xx_HAL_Driver/Src/stm32f4xx_hal_gpio.o
                                      0xbf18b (size before relaxing)
 .debug_str     0x00000000000c107b      0x233 ./Drivers/STM32F4xx_HAL_Driver/Src/stm32f4xx_hal_rcc.o
                                      0xbf444 (size before relaxing)
 .debug_str     0x00000000000c12ae      0x62c ./Drivers/STM32F4xx_HAL_Driver/Src/stm32f4xx_hal_uart.o
                                      0xbf9e3 (size before relaxing)

.comment        0x0000000000000000       0x50
 .comment       0x0000000000000000       0x50 ./App/app.o
                                         0x51 (size before relaxing)
 .comment       0x0000000000000050       0x51 ./App/boot.o
 .comment       0x0000000000000050       0x51 ./App/led.o
 .comment       0x0000000000000050       0x51 ./App/timer.o
 .comment       0x0000000000000050       0x51 ./Core/Src/main.o
 .comment       0x0000000000000050       0x51 ./Core/Src/stm32f4xx_hal_msp.o
 .comment       0x0000000000000050       0x51 ./Core/Src/stm32f4xx_it.o
 .comment       0x0000000000000050       0x51 ./Core/Src/system_stm32f4xx.o
 .comment       0x0000000000000050       0x51 ./Drivers/STM32F4xx_HAL_Driver/Src/stm32f4xx_hal.o
 .comment       0x0000000000000050       0x51 ./Drivers/STM32F4xx_HAL_Driver/Src/stm32f4xx_hal_cortex.o
 .comment       0x0000000000000050       0x51 ./Drivers/STM32F4xx_HAL_Driver/Src/stm32f4xx_hal_gpio.o
 .comment       0x0000000000000050       0x51 ./Drivers/STM32F4xx_HAL_Driver/Src/stm32f4xx_hal_rcc.o
 .comment       0x0000000000000050       0x51 ./Drivers/STM32F4xx_HAL_Driver/Src/stm32f4xx_hal_uart.o

.debug_frame    0x0000000000000000     0x1a54
 .debug_frame   0x0000000000000000       0x48 ./App/app.o
 .debug_frame   0x0000000000000048       0xd8 ./App/boot.o
 .debug_frame   0x0000000000000120       0x50 ./App/led.o
 .debug_frame   0x0000000000000170       0x4c ./App/timer.o
 .debug_frame   0x00000000000001bc      0x108 ./Core/Src/main.o
 .debug_frame   0x00000000000002c4      0x110 ./Core/Src/stm32f4xx_hal_msp.o
 .debug_frame   0x00000000000003d4      0x104 ./Core/Src/stm32f4xx_it.o
 .debug_frame   0x00000000000004d8       0x58 ./Core/Src/system_stm32f4xx.o
 .debug_frame   0x0000000000000530      0x374 ./Drivers/STM32F4xx_HAL_Driver/Src/stm32f4xx_hal.o
 .debug_frame   0x00000000000008a4      0x498 ./Drivers/STM32F4xx_HAL_Driver/Src/stm32f4xx_hal_cortex.o
 .debug_frame   0x0000000000000d3c      0x14c ./Drivers/STM32F4xx_HAL_Driver/Src/stm32f4xx_hal_gpio.o
 .debug_frame   0x0000000000000e88      0x1f4 ./Drivers/STM32F4xx_HAL_Driver/Src/stm32f4xx_hal_rcc.o
 .debug_frame   0x000000000000107c      0x92c ./Drivers/STM32F4xx_HAL_Driver/Src/stm32f4xx_hal_uart.o
 .debug_frame   0x00000000000019a8       0x2c c:/st/stm32cubeide_1.12.0/stm32cubeide/plugins/com.st.stm32cube.ide.mcu.externaltools.gnu-tools-for-stm32.10.3-2021.10.win32_1.0.200.202301161003/tools/bin/../lib/gcc/arm-none-eabi/10.3.1/../../../../arm-none-eabi/lib/thumb/v7e-m+fp/hard\libc_nano.a(lib_a-init.o)
 .debug_frame   0x00000000000019d4       0x20 c:/st/stm32cubeide_1.12.0/stm32cubeide/plugins/com.st.stm32cube.ide.mcu.externaltools.gnu-tools-for-stm32.10.3-2021.10.win32_1.0.200.202301161003/tools/bin/../lib/gcc/arm-none-eabi/10.3.1/../../../../arm-none-eabi/lib/thumb/v7e-m+fp/hard\libc_nano.a(lib_a-memset.o)
 .debug_frame   0x00000000000019f4       0x2c c:/st/stm32cubeide_1.12.0/stm32cubeide/plugins/com.st.stm32cube.ide.mcu.externaltools.gnu-tools-for-stm32.10.3-2021.10.win32_1.0.200.202301161003/tools/bin/../lib/gcc/arm-none-eabi/10.3.1/thumb/v7e-m+fp/hard\libgcc.a(_aeabi_uldivmod.o)
 .debug_frame   0x0000000000001a20       0x34 c:/st/stm32cubeide_1.12.0/stm32cubeide/plugins/com.st.stm32cube.ide.mcu.externaltools.gnu-tools-for-stm32.10.3-2021.10.win32_1.0.200.202301161003/tools/bin/../lib/gcc/arm-none-eabi/10.3.1/thumb/v7e-m+fp/hard\libgcc.a(_udivmoddi4.o)
