../Drivers/STM32F4xx_HAL_Driver/Inc/stm32f4xx_ll_rcc.h:2949:22:LL_RCC_HSE_Enable	4	static
../Drivers/STM32F4xx_HAL_Driver/Inc/stm32f4xx_ll_rcc.h:2969:26:LL_RCC_HSE_IsReady	4	static
../Drivers/STM32F4xx_HAL_Driver/Inc/stm32f4xx_ll_rcc.h:3188:22:LL_RCC_SetSysClkSource	16	static
../Drivers/STM32F4xx_HAL_Driver/Inc/stm32f4xx_ll_rcc.h:3204:26:LL_RCC_GetSysClkSource	4	static
../Drivers/STM32F4xx_HAL_Driver/Inc/stm32f4xx_ll_rcc.h:3224:22:LL_RCC_SetAHBPrescaler	16	static
../Drivers/STM32F4xx_HAL_Driver/Inc/stm32f4xx_ll_rcc.h:3240:22:LL_RCC_SetAPB1Prescaler	16	static
../Drivers/STM32F4xx_HAL_Driver/Inc/stm32f4xx_ll_rcc.h:3256:22:LL_RCC_SetAPB2Prescaler	16	static
../Drivers/STM32F4xx_HAL_Driver/Inc/stm32f4xx_ll_rcc.h:4184:22:LL_RCC_PLL_Enable	4	static
../Drivers/STM32F4xx_HAL_Driver/Inc/stm32f4xx_ll_rcc.h:4205:26:LL_RCC_PLL_IsReady	4	static
../Drivers/STM32F4xx_HAL_Driver/Inc/stm32f4xx_ll_rcc.h:4304:22:LL_RCC_PLL_ConfigDomain_SYS	24	static
../Drivers/STM32F4xx_HAL_Driver/Inc/stm32f4xx_ll_rcc.h:4410:22:LL_RCC_PLL_ConfigDomain_48M	24	static
../Drivers/STM32F4xx_HAL_Driver/Inc/stm32f4xx_ll_bus.h:409:22:LL_AHB1_GRP1_EnableClock	24	static
../Drivers/STM32F4xx_HAL_Driver/Inc/stm32f4xx_ll_system.h:1543:22:LL_FLASH_SetLatency	16	static
../Drivers/STM32F4xx_HAL_Driver/Inc/stm32f4xx_ll_system.h:1569:26:LL_FLASH_GetLatency	4	static
../Drivers/STM32F4xx_HAL_Driver/Inc/stm32f4xx_ll_pwr.h:505:22:LL_PWR_SetRegulVoltageScaling	16	static
../Drivers/STM32F4xx_HAL_Driver/Inc/stm32f4xx_ll_pwr.h:883:26:LL_PWR_IsActiveFlag_VOS	4	static
../Drivers/STM32F4xx_HAL_Driver/Inc/stm32f4xx_ll_gpio.h:910:22:LL_GPIO_ResetOutputPin	16	static
../Core/Src/main.c:66:5:main	8	static
../Core/Src/main.c:112:6:SystemClock_Config	8	static
../Core/Src/main.c:162:6:MX_USB_OTG_FS_PCD_Init	8	static
../Core/Src/main.c:197:13:MX_GPIO_Init	32	static
../Core/Src/main.c:261:6:Error_Handler	4	static,ignoring_inline_asm
