../Drivers/STM32F4xx_HAL_Driver/Inc/stm32f4xx_ll_gpio.h:800:26:LL_GPIO_IsInputPinSet	16	static
../Drivers/STM32F4xx_HAL_Driver/Inc/stm32f4xx_ll_gpio.h:881:22:LL_GPIO_SetOutputPin	16	static
../Drivers/STM32F4xx_HAL_Driver/Inc/stm32f4xx_ll_gpio.h:910:22:LL_GPIO_ResetOutputPin	16	static
../Drivers/STM32F4xx_HAL_Driver/Inc/stm32f4xx_ll_bus.h:409:22:LL_AHB1_GRP1_EnableClock	24	static
../App/hooks.c:82:10:CpuUserProgramStartHook	8	static
../App/hooks.c:263:6:UsbConnectHook	40	static
../App/hooks.c:306:6:UsbEnterLowPowerModeHook	4	static
../App/hooks.c:318:6:UsbLeaveLowPowerModeHook	4	static
