Archive member included to satisfy reference by file (symbol)

c:/st/stm32cubeide_1.12.0/stm32cubeide/plugins/com.st.stm32cube.ide.mcu.externaltools.gnu-tools-for-stm32.10.3-2021.10.win32_1.0.200.202301161003/tools/bin/../lib/gcc/arm-none-eabi/10.3.1/../../../../arm-none-eabi/lib/thumb/v7e-m+fp/hard\libc_nano.a(lib_a-errno.o)
                              ./Core/Src/syscalls.o (__errno)
c:/st/stm32cubeide_1.12.0/stm32cubeide/plugins/com.st.stm32cube.ide.mcu.externaltools.gnu-tools-for-stm32.10.3-2021.10.win32_1.0.200.202301161003/tools/bin/../lib/gcc/arm-none-eabi/10.3.1/../../../../arm-none-eabi/lib/thumb/v7e-m+fp/hard\libc_nano.a(lib_a-exit.o)
                              c:/st/stm32cubeide_1.12.0/stm32cubeide/plugins/com.st.stm32cube.ide.mcu.externaltools.gnu-tools-for-stm32.10.3-2021.10.win32_1.0.200.202301161003/tools/bin/../lib/gcc/arm-none-eabi/10.3.1/../../../../arm-none-eabi/lib/thumb/v7e-m+fp/hard/crt0.o (exit)
c:/st/stm32cubeide_1.12.0/stm32cubeide/plugins/com.st.stm32cube.ide.mcu.externaltools.gnu-tools-for-stm32.10.3-2021.10.win32_1.0.200.202301161003/tools/bin/../lib/gcc/arm-none-eabi/10.3.1/../../../../arm-none-eabi/lib/thumb/v7e-m+fp/hard\libc_nano.a(lib_a-impure.o)
                              c:/st/stm32cubeide_1.12.0/stm32cubeide/plugins/com.st.stm32cube.ide.mcu.externaltools.gnu-tools-for-stm32.10.3-2021.10.win32_1.0.200.202301161003/tools/bin/../lib/gcc/arm-none-eabi/10.3.1/../../../../arm-none-eabi/lib/thumb/v7e-m+fp/hard\libc_nano.a(lib_a-exit.o) (_global_impure_ptr)
c:/st/stm32cubeide_1.12.0/stm32cubeide/plugins/com.st.stm32cube.ide.mcu.externaltools.gnu-tools-for-stm32.10.3-2021.10.win32_1.0.200.202301161003/tools/bin/../lib/gcc/arm-none-eabi/10.3.1/../../../../arm-none-eabi/lib/thumb/v7e-m+fp/hard\libc_nano.a(lib_a-init.o)
                              c:/st/stm32cubeide_1.12.0/stm32cubeide/plugins/com.st.stm32cube.ide.mcu.externaltools.gnu-tools-for-stm32.10.3-2021.10.win32_1.0.200.202301161003/tools/bin/../lib/gcc/arm-none-eabi/10.3.1/../../../../arm-none-eabi/lib/thumb/v7e-m+fp/hard/crt0.o (__libc_init_array)
c:/st/stm32cubeide_1.12.0/stm32cubeide/plugins/com.st.stm32cube.ide.mcu.externaltools.gnu-tools-for-stm32.10.3-2021.10.win32_1.0.200.202301161003/tools/bin/../lib/gcc/arm-none-eabi/10.3.1/../../../../arm-none-eabi/lib/thumb/v7e-m+fp/hard\libc_nano.a(lib_a-memset.o)
                              c:/st/stm32cubeide_1.12.0/stm32cubeide/plugins/com.st.stm32cube.ide.mcu.externaltools.gnu-tools-for-stm32.10.3-2021.10.win32_1.0.200.202301161003/tools/bin/../lib/gcc/arm-none-eabi/10.3.1/../../../../arm-none-eabi/lib/thumb/v7e-m+fp/hard/crt0.o (memset)
c:/st/stm32cubeide_1.12.0/stm32cubeide/plugins/com.st.stm32cube.ide.mcu.externaltools.gnu-tools-for-stm32.10.3-2021.10.win32_1.0.200.202301161003/tools/bin/../lib/gcc/arm-none-eabi/10.3.1/thumb/v7e-m+fp/hard\libgcc.a(_aeabi_uldivmod.o)
                              ./Drivers/STM32F4xx_HAL_Driver/Src/stm32f4xx_hal_rcc.o (__aeabi_uldivmod)
c:/st/stm32cubeide_1.12.0/stm32cubeide/plugins/com.st.stm32cube.ide.mcu.externaltools.gnu-tools-for-stm32.10.3-2021.10.win32_1.0.200.202301161003/tools/bin/../lib/gcc/arm-none-eabi/10.3.1/thumb/v7e-m+fp/hard\libgcc.a(_udivmoddi4.o)
                              c:/st/stm32cubeide_1.12.0/stm32cubeide/plugins/com.st.stm32cube.ide.mcu.externaltools.gnu-tools-for-stm32.10.3-2021.10.win32_1.0.200.202301161003/tools/bin/../lib/gcc/arm-none-eabi/10.3.1/thumb/v7e-m+fp/hard\libgcc.a(_aeabi_uldivmod.o) (__udivmoddi4)
c:/st/stm32cubeide_1.12.0/stm32cubeide/plugins/com.st.stm32cube.ide.mcu.externaltools.gnu-tools-for-stm32.10.3-2021.10.win32_1.0.200.202301161003/tools/bin/../lib/gcc/arm-none-eabi/10.3.1/thumb/v7e-m+fp/hard\libgcc.a(_dvmd_tls.o)
                              c:/st/stm32cubeide_1.12.0/stm32cubeide/plugins/com.st.stm32cube.ide.mcu.externaltools.gnu-tools-for-stm32.10.3-2021.10.win32_1.0.200.202301161003/tools/bin/../lib/gcc/arm-none-eabi/10.3.1/thumb/v7e-m+fp/hard\libgcc.a(_aeabi_uldivmod.o) (__aeabi_ldiv0)

Discarded input sections

 .text          0x0000000000000000        0x0 c:/st/stm32cubeide_1.12.0/stm32cubeide/plugins/com.st.stm32cube.ide.mcu.externaltools.gnu-tools-for-stm32.10.3-2021.10.win32_1.0.200.202301161003/tools/bin/../lib/gcc/arm-none-eabi/10.3.1/thumb/v7e-m+fp/hard/crti.o
 .data          0x0000000000000000        0x0 c:/st/stm32cubeide_1.12.0/stm32cubeide/plugins/com.st.stm32cube.ide.mcu.externaltools.gnu-tools-for-stm32.10.3-2021.10.win32_1.0.200.202301161003/tools/bin/../lib/gcc/arm-none-eabi/10.3.1/thumb/v7e-m+fp/hard/crti.o
 .bss           0x0000000000000000        0x0 c:/st/stm32cubeide_1.12.0/stm32cubeide/plugins/com.st.stm32cube.ide.mcu.externaltools.gnu-tools-for-stm32.10.3-2021.10.win32_1.0.200.202301161003/tools/bin/../lib/gcc/arm-none-eabi/10.3.1/thumb/v7e-m+fp/hard/crti.o
[...]
Memory Configuration

Name             Origin             Length             Attributes
CCMRAM           0x0000000010000000 0x0000000000010000 xrw
RAM              0x0000000020000000 0x0000000000020000 xrw
FLASH            0x0000000008000000 0x0000000000080000 xr
*default*        0x0000000000000000 0xffffffffffffffff

Linker script and memory map

LOAD c:/st/stm32cubeide_1.12.0/stm32cubeide/plugins/com.st.stm32cube.ide.mcu.externaltools.gnu-tools-for-stm32.10.3-2021.10.win32_1.0.200.202301161003/tools/bin/../lib/gcc/arm-none-eabi/10.3.1/thumb/v7e-m+fp/hard/crti.o
LOAD c:/st/stm32cubeide_1.12.0/stm32cubeide/plugins/com.st.stm32cube.ide.mcu.externaltools.gnu-tools-for-stm32.10.3-2021.10.win32_1.0.200.202301161003/tools/bin/../lib/gcc/arm-none-eabi/10.3.1/thumb/v7e-m+fp/hard/crtbegin.o
LOAD c:/st/stm32cubeide_1.12.0/stm32cubeide/plugins/com.st.stm32cube.ide.mcu.externaltools.gnu-tools-for-stm32.10.3-2021.10.win32_1.0.200.202301161003/tools/bin/../lib/gcc/arm-none-eabi/10.3.1/../../../../arm-none-eabi/lib/thumb/v7e-m+fp/hard/crt0.o
LOAD ./App/app.o
LOAD ./App/hooks.o
LOAD ./App/led.o
LOAD ./Core/Src/main.o
LOAD ./Core/Src/stm32f4xx_hal_msp.o
LOAD ./Core/Src/stm32f4xx_it.o
LOAD ./Core/Src/syscalls.o
LOAD ./Core/Src/sysmem.o
LOAD ./Core/Src/system_stm32f4xx.o
LOAD ./Core/Startup/startup_stm32f407vetx.o
LOAD ./Drivers/STM32F4xx_HAL_Driver/Src/stm32f4xx_hal.o
LOAD ./Drivers/STM32F4xx_HAL_Driver/Src/stm32f4xx_hal_cortex.o
LOAD ./Drivers/STM32F4xx_HAL_Driver/Src/stm32f4xx_hal_dma.o
LOAD ./Drivers/STM32F4xx_HAL_Driver/Src/stm32f4xx_hal_dma_ex.o
LOAD ./Drivers/STM32F4xx_HAL_Driver/Src/stm32f4xx_hal_exti.o
LOAD ./Drivers/STM32F4xx_HAL_Driver/Src/stm32f4xx_hal_flash.o
LOAD ./Drivers/STM32F4xx_HAL_Driver/Src/stm32f4xx_hal_flash_ex.o
LOAD ./Drivers/STM32F4xx_HAL_Driver/Src/stm32f4xx_hal_flash_ramfunc.o
LOAD ./Drivers/STM32F4xx_HAL_Driver/Src/stm32f4xx_hal_gpio.o
LOAD ./Drivers/STM32F4xx_HAL_Driver/Src/stm32f4xx_hal_pcd.o
LOAD ./Drivers/STM32F4xx_HAL_Driver/Src/stm32f4xx_hal_pcd_ex.o
LOAD ./Drivers/STM32F4xx_HAL_Driver/Src/stm32f4xx_hal_pwr.o
LOAD ./Drivers/STM32F4xx_HAL_Driver/Src/stm32f4xx_hal_pwr_ex.o
LOAD ./Drivers/STM32F4xx_HAL_Driver/Src/stm32f4xx_hal_rcc.o
LOAD ./Drivers/STM32F4xx_HAL_Driver/Src/stm32f4xx_hal_rcc_ex.o
LOAD ./Drivers/STM32F4xx_HAL_Driver/Src/stm32f4xx_hal_tim.o
LOAD ./Drivers/STM32F4xx_HAL_Driver/Src/stm32f4xx_hal_tim_ex.o
LOAD ./Drivers/STM32F4xx_HAL_Driver/Src/stm32f4xx_ll_exti.o
LOAD ./Drivers/STM32F4xx_HAL_Driver/Src/stm32f4xx_ll_gpio.o
LOAD ./Drivers/STM32F4xx_HAL_Driver/Src/stm32f4xx_ll_rcc.o
LOAD ./Drivers/STM32F4xx_HAL_Driver/Src/stm32f4xx_ll_spi.o
LOAD ./Drivers/STM32F4xx_HAL_Driver/Src/stm32f4xx_ll_usart.o
LOAD ./Drivers/STM32F4xx_HAL_Driver/Src/stm32f4xx_ll_usb.o
LOAD ./Drivers/STM32F4xx_HAL_Driver/Src/stm32f4xx_ll_utils.o
LOAD ./Library/FatFS/mmc.o
LOAD ./Library/STM32_USB_Device_Library/Core/Src/usbd_core.o
LOAD ./Library/STM32_USB_Device_Library/Core/Src/usbd_ctlreq.o
LOAD ./Library/STM32_USB_Device_Library/Core/Src/usbd_ioreq.o
LOAD ./Loader/ARMCM4_STM32F4/GCC/cpu_comp.o
LOAD ./Loader/ARMCM4_STM32F4/can.o
LOAD ./Loader/ARMCM4_STM32F4/cpu.o
LOAD ./Loader/ARMCM4_STM32F4/flash.o
LOAD ./Loader/ARMCM4_STM32F4/nvm.o
LOAD ./Loader/ARMCM4_STM32F4/rs232.o
LOAD ./Loader/ARMCM4_STM32F4/timer.o
LOAD ./Loader/ARMCM4_STM32F4/usb.o
LOAD ./Loader/asserts.o
LOAD ./Loader/backdoor.o
LOAD ./Loader/boot.o
LOAD ./Loader/com.o
LOAD ./Loader/cop.o
LOAD ./Loader/file.o
LOAD ./Loader/net.o
LOAD ./Loader/xcp.o
LOAD ./Loader/third_party/fatfs/src/ff.o
LOAD ./Loader/third_party/fatfs/src/option/ccsbcs.o
LOAD ./Loader/third_party/fatfs/src/option/syscall.o
LOAD ./Loader/third_party/fatfs/src/option/unicode.o
LOAD ./USB_DEVICE/App/usbd_bulk.o
LOAD ./USB_DEVICE/App/usbd_desc.o
LOAD ./USB_DEVICE/Target/usbd_conf.o
START GROUP
LOAD c:/st/stm32cubeide_1.12.0/stm32cubeide/plugins/com.st.stm32cube.ide.mcu.externaltools.gnu-tools-for-stm32.10.3-2021.10.win32_1.0.200.202301161003/tools/bin/../lib/gcc/arm-none-eabi/10.3.1/../../../../arm-none-eabi/lib/thumb/v7e-m+fp/hard\libc_nano.a
LOAD c:/st/stm32cubeide_1.12.0/stm32cubeide/plugins/com.st.stm32cube.ide.mcu.externaltools.gnu-tools-for-stm32.10.3-2021.10.win32_1.0.200.202301161003/tools/bin/../lib/gcc/arm-none-eabi/10.3.1/../../../../arm-none-eabi/lib/thumb/v7e-m+fp/hard\libm.a
END GROUP
START GROUP
LOAD c:/st/stm32cubeide_1.12.0/stm32cubeide/plugins/com.st.stm32cube.ide.mcu.externaltools.gnu-tools-for-stm32.10.3-2021.10.win32_1.0.200.202301161003/tools/bin/../lib/gcc/arm-none-eabi/10.3.1/thumb/v7e-m+fp/hard\libgcc.a
LOAD c:/st/stm32cubeide_1.12.0/stm32cubeide/plugins/com.st.stm32cube.ide.mcu.externaltools.gnu-tools-for-stm32.10.3-2021.10.win32_1.0.200.202301161003/tools/bin/../lib/gcc/arm-none-eabi/10.3.1/../../../../arm-none-eabi/lib/thumb/v7e-m+fp/hard\libc_nano.a
END GROUP
START GROUP
LOAD c:/st/stm32cubeide_1.12.0/stm32cubeide/plugins/com.st.stm32cube.ide.mcu.externaltools.gnu-tools-for-stm32.10.3-2021.10.win32_1.0.200.202301161003/tools/bin/../lib/gcc/arm-none-eabi/10.3.1/thumb/v7e-m+fp/hard\libgcc.a
LOAD c:/st/stm32cubeide_1.12.0/stm32cubeide/plugins/com.st.stm32cube.ide.mcu.externaltools.gnu-tools-for-stm32.10.3-2021.10.win32_1.0.200.202301161003/tools/bin/../lib/gcc/arm-none-eabi/10.3.1/../../../../arm-none-eabi/lib/thumb/v7e-m+fp/hard\libc_nano.a
LOAD c:/st/stm32cubeide_1.12.0/stm32cubeide/plugins/com.st.stm32cube.ide.mcu.externaltools.gnu-tools-for-stm32.10.3-2021.10.win32_1.0.200.202301161003/tools/bin/../lib/gcc/arm-none-eabi/10.3.1/../../../../arm-none-eabi/lib/thumb/v7e-m+fp/hard\libnosys.a
END GROUP
START GROUP
LOAD c:/st/stm32cubeide_1.12.0/stm32cubeide/plugins/com.st.stm32cube.ide.mcu.externaltools.gnu-tools-for-stm32.10.3-2021.10.win32_1.0.200.202301161003/tools/bin/../lib/gcc/arm-none-eabi/10.3.1/thumb/v7e-m+fp/hard\libgcc.a
LOAD c:/st/stm32cubeide_1.12.0/stm32cubeide/plugins/com.st.stm32cube.ide.mcu.externaltools.gnu-tools-for-stm32.10.3-2021.10.win32_1.0.200.202301161003/tools/bin/../lib/gcc/arm-none-eabi/10.3.1/../../../../arm-none-eabi/lib/thumb/v7e-m+fp/hard\libc_nano.a
LOAD c:/st/stm32cubeide_1.12.0/stm32cubeide/plugins/com.st.stm32cube.ide.mcu.externaltools.gnu-tools-for-stm32.10.3-2021.10.win32_1.0.200.202301161003/tools/bin/../lib/gcc/arm-none-eabi/10.3.1/../../../../arm-none-eabi/lib/thumb/v7e-m+fp/hard\libnosys.a
END GROUP
LOAD c:/st/stm32cubeide_1.12.0/stm32cubeide/plugins/com.st.stm32cube.ide.mcu.externaltools.gnu-tools-for-stm32.10.3-2021.10.win32_1.0.200.202301161003/tools/bin/../lib/gcc/arm-none-eabi/10.3.1/thumb/v7e-m+fp/hard/crtend.o
LOAD c:/st/stm32cubeide_1.12.0/stm32cubeide/plugins/com.st.stm32cube.ide.mcu.externaltools.gnu-tools-for-stm32.10.3-2021.10.win32_1.0.200.202301161003/tools/bin/../lib/gcc/arm-none-eabi/10.3.1/thumb/v7e-m+fp/hard/crtn.o
                0x0000000020020000                _estack = (ORIGIN (RAM) + LENGTH (RAM))
                0x0000000000000200                _Min_Heap_Size = 0x200
                0x0000000000000400                _Min_Stack_Size = 0x400

.isr_vector     0x0000000008000000      0x188
                0x0000000008000000                . = ALIGN (0x4)
 *(.isr_vector)
 .isr_vector    0x0000000008000000      0x188 ./Core/Startup/startup_stm32f407vetx.o
                0x0000000008000000                g_pfnVectors
                0x0000000008000188                . = ALIGN (0x4)

.text           0x0000000008000188     0x81b0
                0x0000000008000188                . = ALIGN (0x4)
 *(.text)
 .text          0x0000000008000188       0x40 c:/st/stm32cubeide_1.12.0/stm32cubeide/plugins/com.st.stm32cube.ide.mcu.externaltools.gnu-tools-for-stm32.10.3-2021.10.win32_1.0.200.202301161003/tools/bin/../lib/gcc/arm-none-eabi/10.3.1/thumb/v7e-m+fp/hard/crtbegin.o
 *(.text*)
 .text.AppInit  0x00000000080001c8        0xc ./App/app.o
                0x00000000080001c8                AppInit
 .text.AppTask  0x00000000080001d4        0xc ./App/app.o
                0x00000000080001d4                AppTask
 .text.LL_GPIO_IsInputPinSet
                0x00000000080001e0       0x2a ./App/hooks.o
 .text.LL_GPIO_SetOutputPin
                0x000000000800020a       0x1c ./App/hooks.o
 .text.LL_GPIO_ResetOutputPin
                0x0000000008000226       0x1e ./App/hooks.o
 .text.LL_AHB1_GRP1_EnableClock
                0x0000000008000244       0x30 ./App/hooks.o
 .text.CpuUserProgramStartHook
                0x0000000008000274       0x24 ./App/hooks.o
                0x0000000008000274                CpuUserProgramStartHook
 .text.UsbConnectHook
                0x0000000008000298       0x6c ./App/hooks.o
                0x0000000008000298                UsbConnectHook
 .text.UsbEnterLowPowerModeHook
                0x0000000008000304        0xe ./App/hooks.o
                0x0000000008000304                UsbEnterLowPowerModeHook
 .text.UsbLeaveLowPowerModeHook
                0x0000000008000312        0xe ./App/hooks.o
                0x0000000008000312                UsbLeaveLowPowerModeHook
 .text.LL_GPIO_SetOutputPin
                0x0000000008000320       0x1c ./App/led.o
 .text.LedBlinkExit
                0x000000000800033c       0x18 ./App/led.o
                0x000000000800033c                LedBlinkExit
 .text.LL_RCC_HSE_Enable
                0x0000000008000354       0x20 ./Core/Src/main.o
 .text.LL_RCC_HSE_IsReady
                0x0000000008000374       0x28 ./Core/Src/main.o
 .text.LL_RCC_SetSysClkSource
                0x000000000800039c       0x28 ./Core/Src/main.o
 .text.LL_RCC_GetSysClkSource
                0x00000000080003c4       0x1c ./Core/Src/main.o
 .text.LL_RCC_SetAHBPrescaler
                0x00000000080003e0       0x28 ./Core/Src/main.o
 .text.LL_RCC_SetAPB1Prescaler
                0x0000000008000408       0x28 ./Core/Src/main.o
 .text.LL_RCC_SetAPB2Prescaler
                0x0000000008000430       0x28 ./Core/Src/main.o
 .text.LL_RCC_PLL_Enable
                0x0000000008000458       0x20 ./Core/Src/main.o
 .text.LL_RCC_PLL_IsReady
                0x0000000008000478       0x28 ./Core/Src/main.o
 .text.LL_RCC_PLL_ConfigDomain_SYS
                0x00000000080004a0       0x4c ./Core/Src/main.o
 .text.LL_RCC_PLL_ConfigDomain_48M
                0x00000000080004ec       0x40 ./Core/Src/main.o
 .text.LL_AHB1_GRP1_EnableClock
                0x000000000800052c       0x30 ./Core/Src/main.o
 .text.LL_FLASH_SetLatency
                0x000000000800055c       0x28 ./Core/Src/main.o
 .text.LL_FLASH_GetLatency
                0x0000000008000584       0x1c ./Core/Src/main.o
 .text.LL_PWR_SetRegulVoltageScaling
                0x00000000080005a0       0x28 ./Core/Src/main.o
 .text.LL_PWR_IsActiveFlag_VOS
                0x00000000080005c8       0x28 ./Core/Src/main.o
 .text.LL_GPIO_ResetOutputPin
                0x00000000080005f0       0x1e ./Core/Src/main.o
 .text.main     0x000000000800060e       0x1a ./Core/Src/main.o
                0x000000000800060e                main
 .text.SystemClock_Config
                0x0000000008000628       0xb0 ./Core/Src/main.o
                0x0000000008000628                SystemClock_Config
 .text.MX_GPIO_Init
                0x00000000080006d8       0xe0 ./Core/Src/main.o
 .text.Error_Handler
                0x00000000080007b8        0xa ./Core/Src/main.o
                0x00000000080007b8                Error_Handler
 *fill*         0x00000000080007c2        0x2 
 .text.HAL_MspInit
                0x00000000080007c4       0x50 ./Core/Src/stm32f4xx_hal_msp.o
                0x00000000080007c4                HAL_MspInit
 .text.HAL_PCD_MspInit
                0x0000000008000814       0x98 ./Core/Src/stm32f4xx_hal_msp.o
                0x0000000008000814                HAL_PCD_MspInit
 .text.HAL_PCD_MspDeInit
                0x00000000080008ac       0x38 ./Core/Src/stm32f4xx_hal_msp.o
                0x00000000080008ac                HAL_PCD_MspDeInit
 .text.NMI_Handler
                0x00000000080008e4        0x6 ./Core/Src/stm32f4xx_it.o
                0x00000000080008e4                NMI_Handler
 .text.HardFault_Handler
                0x00000000080008ea        0x6 ./Core/Src/stm32f4xx_it.o
                0x00000000080008ea                HardFault_Handler
 .text.MemManage_Handler
                0x00000000080008f0        0x6 ./Core/Src/stm32f4xx_it.o
                0x00000000080008f0                MemManage_Handler
 .text.BusFault_Handler
                0x00000000080008f6        0x6 ./Core/Src/stm32f4xx_it.o
                0x00000000080008f6                BusFault_Handler
 .text.UsageFault_Handler
                0x00000000080008fc        0x6 ./Core/Src/stm32f4xx_it.o
                0x00000000080008fc                UsageFault_Handler
 .text.SVC_Handler
                0x0000000008000902        0xe ./Core/Src/stm32f4xx_it.o
                0x0000000008000902                SVC_Handler
 .text.DebugMon_Handler
                0x0000000008000910        0xe ./Core/Src/stm32f4xx_it.o
                0x0000000008000910                DebugMon_Handler
 .text.PendSV_Handler
                0x000000000800091e        0xe ./Core/Src/stm32f4xx_it.o
                0x000000000800091e                PendSV_Handler
 .text.SysTick_Handler
                0x000000000800092c        0xc ./Core/Src/stm32f4xx_it.o
                0x000000000800092c                SysTick_Handler
 .text.SystemInit
                0x0000000008000938       0x24 ./Core/Src/system_stm32f4xx.o
                0x0000000008000938                SystemInit
 .text.Reset_Handler
                0x000000000800095c       0x50 ./Core/Startup/startup_stm32f407vetx.o
                0x000000000800095c                Reset_Handler
 .text.Default_Handler
                0x00000000080009ac        0x2 ./Core/Startup/startup_stm32f407vetx.o
                0x00000000080009ac                RTC_Alarm_IRQHandler
                0x00000000080009ac                HASH_RNG_IRQHandler
                0x00000000080009ac                EXTI2_IRQHandler
                0x00000000080009ac                TIM8_CC_IRQHandler
                0x00000000080009ac                TIM1_CC_IRQHandler
                0x00000000080009ac                DMA2_Stream5_IRQHandler
                0x00000000080009ac                DMA1_Stream5_IRQHandler
                0x00000000080009ac                PVD_IRQHandler
                0x00000000080009ac                SDIO_IRQHandler
                0x00000000080009ac                TAMP_STAMP_IRQHandler
                0x00000000080009ac                CAN2_RX1_IRQHandler
                0x00000000080009ac                EXTI3_IRQHandler
                0x00000000080009ac                TIM8_TRG_COM_TIM14_IRQHandler
                0x00000000080009ac                TIM1_UP_TIM10_IRQHandler
                0x00000000080009ac                TIM8_UP_TIM13_IRQHandler
                0x00000000080009ac                I2C3_ER_IRQHandler
                0x00000000080009ac                EXTI0_IRQHandler
                0x00000000080009ac                I2C2_EV_IRQHandler
                0x00000000080009ac                DMA1_Stream2_IRQHandler
                0x00000000080009ac                CAN1_RX0_IRQHandler
                0x00000000080009ac                FPU_IRQHandler
                0x00000000080009ac                OTG_HS_WKUP_IRQHandler
                0x00000000080009ac                CAN2_SCE_IRQHandler
                0x00000000080009ac                DMA2_Stream2_IRQHandler
                0x00000000080009ac                SPI1_IRQHandler
                0x00000000080009ac                TIM6_DAC_IRQHandler
                0x00000000080009ac                TIM1_BRK_TIM9_IRQHandler
                0x00000000080009ac                DCMI_IRQHandler
                0x00000000080009ac                CAN2_RX0_IRQHandler
                0x00000000080009ac                DMA2_Stream3_IRQHandler
                0x00000000080009ac                USART6_IRQHandler
                0x00000000080009ac                USART3_IRQHandler
                0x00000000080009ac                CAN1_RX1_IRQHandler
                0x00000000080009ac                UART5_IRQHandler
                0x00000000080009ac                DMA2_Stream0_IRQHandler
                0x00000000080009ac                TIM4_IRQHandler
                0x00000000080009ac                I2C1_EV_IRQHandler
                0x00000000080009ac                DMA1_Stream6_IRQHandler
                0x00000000080009ac                DMA1_Stream1_IRQHandler
                0x00000000080009ac                UART4_IRQHandler
                0x00000000080009ac                TIM3_IRQHandler
                0x00000000080009ac                RCC_IRQHandler
                0x00000000080009ac                TIM8_BRK_TIM12_IRQHandler
                0x00000000080009ac                Default_Handler
                0x00000000080009ac                EXTI15_10_IRQHandler
                0x00000000080009ac                ADC_IRQHandler
                0x00000000080009ac                DMA1_Stream7_IRQHandler
                0x00000000080009ac                TIM7_IRQHandler
                0x00000000080009ac                CAN2_TX_IRQHandler
                0x00000000080009ac                TIM5_IRQHandler
                0x00000000080009ac                DMA2_Stream7_IRQHandler
                0x00000000080009ac                I2C3_EV_IRQHandler
                0x00000000080009ac                EXTI9_5_IRQHandler
                0x00000000080009ac                RTC_WKUP_IRQHandler
                0x00000000080009ac                ETH_WKUP_IRQHandler
                0x00000000080009ac                SPI2_IRQHandler
                0x00000000080009ac                OTG_HS_EP1_IN_IRQHandler
                0x00000000080009ac                DMA1_Stream0_IRQHandler
                0x00000000080009ac                CAN1_TX_IRQHandler
                0x00000000080009ac                EXTI4_IRQHandler
                0x00000000080009ac                FSMC_IRQHandler
                0x00000000080009ac                ETH_IRQHandler
                0x00000000080009ac                OTG_HS_EP1_OUT_IRQHandler
                0x00000000080009ac                WWDG_IRQHandler
                0x00000000080009ac                TIM2_IRQHandler
                0x00000000080009ac                OTG_FS_WKUP_IRQHandler
                0x00000000080009ac                TIM1_TRG_COM_TIM11_IRQHandler
                0x00000000080009ac                OTG_HS_IRQHandler
                0x00000000080009ac                EXTI1_IRQHandler
                0x00000000080009ac                USART2_IRQHandler
                0x00000000080009ac                I2C2_ER_IRQHandler
                0x00000000080009ac                DMA2_Stream1_IRQHandler
                0x00000000080009ac                CAN1_SCE_IRQHandler
                0x00000000080009ac                FLASH_IRQHandler
                0x00000000080009ac                DMA2_Stream4_IRQHandler
                0x00000000080009ac                USART1_IRQHandler
                0x00000000080009ac                OTG_FS_IRQHandler
                0x00000000080009ac                SPI3_IRQHandler
                0x00000000080009ac                DMA1_Stream4_IRQHandler
                0x00000000080009ac                I2C1_ER_IRQHandler
                0x00000000080009ac                DMA2_Stream6_IRQHandler
                0x00000000080009ac                DMA1_Stream3_IRQHandler
 *fill*         0x00000000080009ae        0x2 
 .text.HAL_Init
                0x00000000080009b0       0x44 ./Drivers/STM32F4xx_HAL_Driver/Src/stm32f4xx_hal.o
                0x00000000080009b0                HAL_Init
 .text.HAL_DeInit
                0x00000000080009f4       0x58 ./Drivers/STM32F4xx_HAL_Driver/Src/stm32f4xx_hal.o
                0x00000000080009f4                HAL_DeInit
 .text.HAL_MspDeInit
                0x0000000008000a4c        0xe ./Drivers/STM32F4xx_HAL_Driver/Src/stm32f4xx_hal.o
                0x0000000008000a4c                HAL_MspDeInit
 *fill*         0x0000000008000a5a        0x2 
 .text.HAL_InitTick
                0x0000000008000a5c       0x60 ./Drivers/STM32F4xx_HAL_Driver/Src/stm32f4xx_hal.o
                0x0000000008000a5c                HAL_InitTick
 .text.HAL_IncTick
                0x0000000008000abc       0x28 ./Drivers/STM32F4xx_HAL_Driver/Src/stm32f4xx_hal.o
                0x0000000008000abc                HAL_IncTick
 .text.HAL_Delay
                0x0000000008000ae4       0x48 ./Drivers/STM32F4xx_HAL_Driver/Src/stm32f4xx_hal.o
                0x0000000008000ae4                HAL_Delay
 .text.__NVIC_SetPriorityGrouping
                0x0000000008000b2c       0x48 ./Drivers/STM32F4xx_HAL_Driver/Src/stm32f4xx_hal_cortex.o
 .text.__NVIC_GetPriorityGrouping
                0x0000000008000b74       0x1c ./Drivers/STM32F4xx_HAL_Driver/Src/stm32f4xx_hal_cortex.o
 .text.__NVIC_SetPriority
                0x0000000008000b90       0x54 ./Drivers/STM32F4xx_HAL_Driver/Src/stm32f4xx_hal_cortex.o
 .text.NVIC_EncodePriority
                0x0000000008000be4       0x66 ./Drivers/STM32F4xx_HAL_Driver/Src/stm32f4xx_hal_cortex.o
 *fill*         0x0000000008000c4a        0x2 
 .text.SysTick_Config
                0x0000000008000c4c       0x44 ./Drivers/STM32F4xx_HAL_Driver/Src/stm32f4xx_hal_cortex.o
 .text.HAL_NVIC_SetPriorityGrouping
                0x0000000008000c90       0x16 ./Drivers/STM32F4xx_HAL_Driver/Src/stm32f4xx_hal_cortex.o
                0x0000000008000c90                HAL_NVIC_SetPriorityGrouping
 .text.HAL_NVIC_SetPriority
                0x0000000008000ca6       0x38 ./Drivers/STM32F4xx_HAL_Driver/Src/stm32f4xx_hal_cortex.o
                0x0000000008000ca6                HAL_NVIC_SetPriority
 .text.HAL_SYSTICK_Config
                0x0000000008000cde       0x18 ./Drivers/STM32F4xx_HAL_Driver/Src/stm32f4xx_hal_cortex.o
                0x0000000008000cde                HAL_SYSTICK_Config
 *fill*         0x0000000008000cf6        0x2 
 .text.HAL_FLASH_Program
                0x0000000008000cf8       0xa8 ./Drivers/STM32F4xx_HAL_Driver/Src/stm32f4xx_hal_flash.o
                0x0000000008000cf8                HAL_FLASH_Program
 .text.HAL_FLASH_Unlock
                0x0000000008000da0       0x44 ./Drivers/STM32F4xx_HAL_Driver/Src/stm32f4xx_hal_flash.o
                0x0000000008000da0                HAL_FLASH_Unlock
 .text.HAL_FLASH_Lock
                0x0000000008000de4       0x20 ./Drivers/STM32F4xx_HAL_Driver/Src/stm32f4xx_hal_flash.o
                0x0000000008000de4                HAL_FLASH_Lock
 .text.FLASH_WaitForLastOperation
                0x0000000008000e04       0x80 ./Drivers/STM32F4xx_HAL_Driver/Src/stm32f4xx_hal_flash.o
                0x0000000008000e04                FLASH_WaitForLastOperation
 .text.FLASH_Program_DoubleWord
                0x0000000008000e84       0x64 ./Drivers/STM32F4xx_HAL_Driver/Src/stm32f4xx_hal_flash.o
 .text.FLASH_Program_Word
                0x0000000008000ee8       0x44 ./Drivers/STM32F4xx_HAL_Driver/Src/stm32f4xx_hal_flash.o
 .text.FLASH_Program_HalfWord
                0x0000000008000f2c       0x48 ./Drivers/STM32F4xx_HAL_Driver/Src/stm32f4xx_hal_flash.o
 .text.FLASH_Program_Byte
                0x0000000008000f74       0x44 ./Drivers/STM32F4xx_HAL_Driver/Src/stm32f4xx_hal_flash.o
 .text.FLASH_SetErrorCode
                0x0000000008000fb8       0xac ./Drivers/STM32F4xx_HAL_Driver/Src/stm32f4xx_hal_flash.o
 .text.HAL_FLASHEx_Erase
                0x0000000008001064       0xe0 ./Drivers/STM32F4xx_HAL_Driver/Src/stm32f4xx_hal_flash_ex.o
                0x0000000008001064                HAL_FLASHEx_Erase
 .text.FLASH_MassErase
                0x0000000008001144       0x48 ./Drivers/STM32F4xx_HAL_Driver/Src/stm32f4xx_hal_flash_ex.o
 .text.FLASH_Erase_Sector
                0x000000000800118c       0x90 ./Drivers/STM32F4xx_HAL_Driver/Src/stm32f4xx_hal_flash_ex.o
                0x000000000800118c                FLASH_Erase_Sector
 .text.FLASH_FlushCaches
                0x000000000800121c       0x8c ./Drivers/STM32F4xx_HAL_Driver/Src/stm32f4xx_hal_flash_ex.o
                0x000000000800121c                FLASH_FlushCaches
 .text.HAL_GPIO_Init
                0x00000000080012a8      0x338 ./Drivers/STM32F4xx_HAL_Driver/Src/stm32f4xx_hal_gpio.o
                0x00000000080012a8                HAL_GPIO_Init
 .text.HAL_GPIO_DeInit
                0x00000000080015e0      0x1f8 ./Drivers/STM32F4xx_HAL_Driver/Src/stm32f4xx_hal_gpio.o
                0x00000000080015e0                HAL_GPIO_DeInit
 .text.HAL_PCD_Init
                0x00000000080017d8      0x23a ./Drivers/STM32F4xx_HAL_Driver/Src/stm32f4xx_hal_pcd.o
                0x00000000080017d8                HAL_PCD_Init
 .text.HAL_PCD_DeInit
                0x0000000008001a12       0x46 ./Drivers/STM32F4xx_HAL_Driver/Src/stm32f4xx_hal_pcd.o
                0x0000000008001a12                HAL_PCD_DeInit
 .text.HAL_PCD_Start
                0x0000000008001a58       0x66 ./Drivers/STM32F4xx_HAL_Driver/Src/stm32f4xx_hal_pcd.o
                0x0000000008001a58                HAL_PCD_Start
 .text.HAL_PCD_Stop
                0x0000000008001abe       0x72 ./Drivers/STM32F4xx_HAL_Driver/Src/stm32f4xx_hal_pcd.o
                0x0000000008001abe                HAL_PCD_Stop
 .text.HAL_PCD_IRQHandler
                0x0000000008001b30      0x93e ./Drivers/STM32F4xx_HAL_Driver/Src/stm32f4xx_hal_pcd.o
                0x0000000008001b30                HAL_PCD_IRQHandler
 .text.HAL_PCD_DevConnect
                0x000000000800246e       0x5c ./Drivers/STM32F4xx_HAL_Driver/Src/stm32f4xx_hal_pcd.o
                0x000000000800246e                HAL_PCD_DevConnect
 .text.HAL_PCD_DevDisconnect
                0x00000000080024ca       0x5c ./Drivers/STM32F4xx_HAL_Driver/Src/stm32f4xx_hal_pcd.o
                0x00000000080024ca                HAL_PCD_DevDisconnect
 .text.HAL_PCD_SetAddress
                0x0000000008002526       0x4a ./Drivers/STM32F4xx_HAL_Driver/Src/stm32f4xx_hal_pcd.o
                0x0000000008002526                HAL_PCD_SetAddress
 .text.HAL_PCD_EP_Open
                0x0000000008002570       0xd0 ./Drivers/STM32F4xx_HAL_Driver/Src/stm32f4xx_hal_pcd.o
                0x0000000008002570                HAL_PCD_EP_Open
 .text.HAL_PCD_EP_Close
                0x0000000008002640       0x94 ./Drivers/STM32F4xx_HAL_Driver/Src/stm32f4xx_hal_pcd.o
                0x0000000008002640                HAL_PCD_EP_Close
 .text.HAL_PCD_EP_Receive
                0x00000000080026d4       0x96 ./Drivers/STM32F4xx_HAL_Driver/Src/stm32f4xx_hal_pcd.o
                0x00000000080026d4                HAL_PCD_EP_Receive
 .text.HAL_PCD_EP_GetRxCount
                0x000000000800276a       0x30 ./Drivers/STM32F4xx_HAL_Driver/Src/stm32f4xx_hal_pcd.o
                0x000000000800276a                HAL_PCD_EP_GetRxCount
 .text.HAL_PCD_EP_Transmit
                0x000000000800279a       0x94 ./Drivers/STM32F4xx_HAL_Driver/Src/stm32f4xx_hal_pcd.o
                0x000000000800279a                HAL_PCD_EP_Transmit
 .text.HAL_PCD_EP_SetStall
                0x000000000800282e       0xc8 ./Drivers/STM32F4xx_HAL_Driver/Src/stm32f4xx_hal_pcd.o
                0x000000000800282e                HAL_PCD_EP_SetStall
 .text.HAL_PCD_EP_ClrStall
                0x00000000080028f6       0xac ./Drivers/STM32F4xx_HAL_Driver/Src/stm32f4xx_hal_pcd.o
                0x00000000080028f6                HAL_PCD_EP_ClrStall
 .text.HAL_PCD_EP_Abort
                0x00000000080029a2       0x62 ./Drivers/STM32F4xx_HAL_Driver/Src/stm32f4xx_hal_pcd.o
                0x00000000080029a2                HAL_PCD_EP_Abort
 .text.PCD_WriteEmptyTxFifo
                0x0000000008002a04      0x11a ./Drivers/STM32F4xx_HAL_Driver/Src/stm32f4xx_hal_pcd.o
 *fill*         0x0000000008002b1e        0x2 
 .text.PCD_EP_OutXfrComplete_int
                0x0000000008002b20      0x1d0 ./Drivers/STM32F4xx_HAL_Driver/Src/stm32f4xx_hal_pcd.o
 .text.PCD_EP_OutSetupPacket_int
                0x0000000008002cf0       0x8c ./Drivers/STM32F4xx_HAL_Driver/Src/stm32f4xx_hal_pcd.o
 .text.HAL_PCDEx_SetTxFiFo
                0x0000000008002d7c       0x8e ./Drivers/STM32F4xx_HAL_Driver/Src/stm32f4xx_hal_pcd_ex.o
                0x0000000008002d7c                HAL_PCDEx_SetTxFiFo
 .text.HAL_PCDEx_SetRxFiFo
                0x0000000008002e0a       0x22 ./Drivers/STM32F4xx_HAL_Driver/Src/stm32f4xx_hal_pcd_ex.o
                0x0000000008002e0a                HAL_PCDEx_SetRxFiFo
 .text.HAL_PCDEx_LPM_Callback
                0x0000000008002e2c       0x18 ./Drivers/STM32F4xx_HAL_Driver/Src/stm32f4xx_hal_pcd_ex.o
                0x0000000008002e2c                HAL_PCDEx_LPM_Callback
 .text.HAL_RCC_GetHCLKFreq
                0x0000000008002e44       0x18 ./Drivers/STM32F4xx_HAL_Driver/Src/stm32f4xx_hal_rcc.o
                0x0000000008002e44                HAL_RCC_GetHCLKFreq
 .text.LL_GPIO_SetPinMode
                0x0000000008002e5c       0x5e ./Drivers/STM32F4xx_HAL_Driver/Src/stm32f4xx_ll_gpio.o
 .text.LL_GPIO_SetPinOutputType
                0x0000000008002eba       0x30 ./Drivers/STM32F4xx_HAL_Driver/Src/stm32f4xx_ll_gpio.o
 .text.LL_GPIO_SetPinSpeed
                0x0000000008002eea       0x5e ./Drivers/STM32F4xx_HAL_Driver/Src/stm32f4xx_ll_gpio.o
 .text.LL_GPIO_SetPinPull
                0x0000000008002f48       0x5e ./Drivers/STM32F4xx_HAL_Driver/Src/stm32f4xx_ll_gpio.o
 .text.LL_GPIO_SetAFPin_0_7
                0x0000000008002fa6       0x5e ./Drivers/STM32F4xx_HAL_Driver/Src/stm32f4xx_ll_gpio.o
 .text.LL_GPIO_SetAFPin_8_15
                0x0000000008003004       0x62 ./Drivers/STM32F4xx_HAL_Driver/Src/stm32f4xx_ll_gpio.o
 .text.LL_GPIO_Init
                0x0000000008003066       0xe6 ./Drivers/STM32F4xx_HAL_Driver/Src/stm32f4xx_ll_gpio.o
                0x0000000008003066                LL_GPIO_Init
 .text.USB_CoreInit
                0x000000000800314c       0xc2 ./Drivers/STM32F4xx_HAL_Driver/Src/stm32f4xx_ll_usb.o
                0x000000000800314c                USB_CoreInit
 *fill*         0x000000000800320e        0x2 
 .text.USB_SetTurnaroundTime
                0x0000000008003210      0x144 ./Drivers/STM32F4xx_HAL_Driver/Src/stm32f4xx_ll_usb.o
                0x0000000008003210                USB_SetTurnaroundTime
 .text.USB_EnableGlobalInt
                0x0000000008003354       0x22 ./Drivers/STM32F4xx_HAL_Driver/Src/stm32f4xx_ll_usb.o
                0x0000000008003354                USB_EnableGlobalInt
 .text.USB_DisableGlobalInt
                0x0000000008003376       0x22 ./Drivers/STM32F4xx_HAL_Driver/Src/stm32f4xx_ll_usb.o
                0x0000000008003376                USB_DisableGlobalInt
 .text.USB_SetCurrentMode
                0x0000000008003398       0x98 ./Drivers/STM32F4xx_HAL_Driver/Src/stm32f4xx_ll_usb.o
                0x0000000008003398                USB_SetCurrentMode
 .text.USB_DevInit
                0x0000000008003430      0x2c8 ./Drivers/STM32F4xx_HAL_Driver/Src/stm32f4xx_ll_usb.o
                0x0000000008003430                USB_DevInit
 .text.USB_FlushTxFifo
                0x00000000080036f8       0x68 ./Drivers/STM32F4xx_HAL_Driver/Src/stm32f4xx_ll_usb.o
                0x00000000080036f8                USB_FlushTxFifo
 .text.USB_FlushRxFifo
                0x0000000008003760       0x60 ./Drivers/STM32F4xx_HAL_Driver/Src/stm32f4xx_ll_usb.o
                0x0000000008003760                USB_FlushRxFifo
 .text.USB_SetDevSpeed
                0x00000000080037c0       0x32 ./Drivers/STM32F4xx_HAL_Driver/Src/stm32f4xx_ll_usb.o
                0x00000000080037c0                USB_SetDevSpeed
 .text.USB_GetDevSpeed
                0x00000000080037f2       0x4a ./Drivers/STM32F4xx_HAL_Driver/Src/stm32f4xx_ll_usb.o
                0x00000000080037f2                USB_GetDevSpeed
 .text.USB_ActivateEndpoint
                0x000000000800383c      0x10e ./Drivers/STM32F4xx_HAL_Driver/Src/stm32f4xx_ll_usb.o
                0x000000000800383c                USB_ActivateEndpoint
 *fill*         0x000000000800394a        0x2 
 .text.USB_DeactivateEndpoint
                0x000000000800394c      0x1b8 ./Drivers/STM32F4xx_HAL_Driver/Src/stm32f4xx_ll_usb.o
                0x000000000800394c                USB_DeactivateEndpoint
 .text.USB_EPStartXfer
                0x0000000008003b04      0x490 ./Drivers/STM32F4xx_HAL_Driver/Src/stm32f4xx_ll_usb.o
                0x0000000008003b04                USB_EPStartXfer
 .text.USB_EP0StartXfer
                0x0000000008003f94      0x2b0 ./Drivers/STM32F4xx_HAL_Driver/Src/stm32f4xx_ll_usb.o
                0x0000000008003f94                USB_EP0StartXfer
 .text.USB_EPStopXfer
                0x0000000008004244      0x154 ./Drivers/STM32F4xx_HAL_Driver/Src/stm32f4xx_ll_usb.o
                0x0000000008004244                USB_EPStopXfer
 .text.USB_WritePacket
                0x0000000008004398       0x7c ./Drivers/STM32F4xx_HAL_Driver/Src/stm32f4xx_ll_usb.o
                0x0000000008004398                USB_WritePacket
 .text.USB_ReadPacket
                0x0000000008004414       0xb0 ./Drivers/STM32F4xx_HAL_Driver/Src/stm32f4xx_ll_usb.o
                0x0000000008004414                USB_ReadPacket
 .text.USB_EPSetStall
                0x00000000080044c4       0xdc ./Drivers/STM32F4xx_HAL_Driver/Src/stm32f4xx_ll_usb.o
                0x00000000080044c4                USB_EPSetStall
 .text.USB_EPClearStall
                0x00000000080045a0       0xcc ./Drivers/STM32F4xx_HAL_Driver/Src/stm32f4xx_ll_usb.o
                0x00000000080045a0                USB_EPClearStall
 .text.USB_StopDevice
                0x000000000800466c       0x9e ./Drivers/STM32F4xx_HAL_Driver/Src/stm32f4xx_ll_usb.o
                0x000000000800466c                USB_StopDevice
 .text.USB_SetDevAddress
                0x000000000800470a       0x4c ./Drivers/STM32F4xx_HAL_Driver/Src/stm32f4xx_ll_usb.o
                0x000000000800470a                USB_SetDevAddress
 .text.USB_DevConnect
                0x0000000008004756       0x42 ./Drivers/STM32F4xx_HAL_Driver/Src/stm32f4xx_ll_usb.o
                0x0000000008004756                USB_DevConnect
 .text.USB_DevDisconnect
                0x0000000008004798       0x42 ./Drivers/STM32F4xx_HAL_Driver/Src/stm32f4xx_ll_usb.o
                0x0000000008004798                USB_DevDisconnect
 .text.USB_ReadInterrupts
                0x00000000080047da       0x26 ./Drivers/STM32F4xx_HAL_Driver/Src/stm32f4xx_ll_usb.o
                0x00000000080047da                USB_ReadInterrupts
 .text.USB_ReadDevAllOutEpInterrupt
                0x0000000008004800       0x34 ./Drivers/STM32F4xx_HAL_Driver/Src/stm32f4xx_ll_usb.o
                0x0000000008004800                USB_ReadDevAllOutEpInterrupt
 .text.USB_ReadDevAllInEpInterrupt
                0x0000000008004834       0x34 ./Drivers/STM32F4xx_HAL_Driver/Src/stm32f4xx_ll_usb.o
                0x0000000008004834                USB_ReadDevAllInEpInterrupt
 .text.USB_ReadDevOutEPInterrupt
                0x0000000008004868       0x3c ./Drivers/STM32F4xx_HAL_Driver/Src/stm32f4xx_ll_usb.o
                0x0000000008004868                USB_ReadDevOutEPInterrupt
 .text.USB_ReadDevInEPInterrupt
                0x00000000080048a4       0x5c ./Drivers/STM32F4xx_HAL_Driver/Src/stm32f4xx_ll_usb.o
                0x00000000080048a4                USB_ReadDevInEPInterrupt
 .text.USB_GetMode
                0x0000000008004900       0x1c ./Drivers/STM32F4xx_HAL_Driver/Src/stm32f4xx_ll_usb.o
                0x0000000008004900                USB_GetMode
 .text.USB_ActivateSetup
                0x000000000800491c       0x46 ./Drivers/STM32F4xx_HAL_Driver/Src/stm32f4xx_ll_usb.o
                0x000000000800491c                USB_ActivateSetup
 *fill*         0x0000000008004962        0x2 
 .text.USB_EP0_OutStart
                0x0000000008004964       0xbc ./Drivers/STM32F4xx_HAL_Driver/Src/stm32f4xx_ll_usb.o
                0x0000000008004964                USB_EP0_OutStart
 .text.USB_CoreReset
                0x0000000008004a20       0x68 ./Drivers/STM32F4xx_HAL_Driver/Src/stm32f4xx_ll_usb.o
 .text.LL_SetSystemCoreClock
                0x0000000008004a88       0x20 ./Drivers/STM32F4xx_HAL_Driver/Src/stm32f4xx_ll_utils.o
                0x0000000008004a88                LL_SetSystemCoreClock
 .text.USBD_Init
                0x0000000008004aa8       0x6c ./Library/STM32_USB_Device_Library/Core/Src/usbd_core.o
                0x0000000008004aa8                USBD_Init
 .text.USBD_DeInit
                0x0000000008004b14       0x68 ./Library/STM32_USB_Device_Library/Core/Src/usbd_core.o
                0x0000000008004b14                USBD_DeInit
 .text.USBD_RegisterClass
                0x0000000008004b7c       0x42 ./Library/STM32_USB_Device_Library/Core/Src/usbd_core.o
                0x0000000008004b7c                USBD_RegisterClass
 .text.USBD_Start
                0x0000000008004bbe       0x18 ./Library/STM32_USB_Device_Library/Core/Src/usbd_core.o
                0x0000000008004bbe                USBD_Start
 .text.USBD_RunTestMode
                0x0000000008004bd6       0x16 ./Library/STM32_USB_Device_Library/Core/Src/usbd_core.o
                0x0000000008004bd6                USBD_RunTestMode
 .text.USBD_SetClassConfig
                0x0000000008004bec       0x38 ./Library/STM32_USB_Device_Library/Core/Src/usbd_core.o
                0x0000000008004bec                USBD_SetClassConfig
 .text.USBD_ClrClassConfig
                0x0000000008004c24       0x30 ./Library/STM32_USB_Device_Library/Core/Src/usbd_core.o
                0x0000000008004c24                USBD_ClrClassConfig
 .text.USBD_LL_SetupStage
                0x0000000008004c54       0xaa ./Library/STM32_USB_Device_Library/Core/Src/usbd_core.o
                0x0000000008004c54                USBD_LL_SetupStage
 .text.USBD_LL_DataOutStage
                0x0000000008004cfe       0xc6 ./Library/STM32_USB_Device_Library/Core/Src/usbd_core.o
                0x0000000008004cfe                USBD_LL_DataOutStage
 .text.USBD_LL_DataInStage
                0x0000000008004dc4      0x12c ./Library/STM32_USB_Device_Library/Core/Src/usbd_core.o
                0x0000000008004dc4                USBD_LL_DataInStage
 .text.USBD_LL_Reset
                0x0000000008004ef0       0x82 ./Library/STM32_USB_Device_Library/Core/Src/usbd_core.o
                0x0000000008004ef0                USBD_LL_Reset
 .text.USBD_LL_SetSpeed
                0x0000000008004f72       0x20 ./Library/STM32_USB_Device_Library/Core/Src/usbd_core.o
                0x0000000008004f72                USBD_LL_SetSpeed
 .text.USBD_LL_Suspend
                0x0000000008004f92       0x2a ./Library/STM32_USB_Device_Library/Core/Src/usbd_core.o
                0x0000000008004f92                USBD_LL_Suspend
 .text.USBD_LL_Resume
                0x0000000008004fbc       0x2c ./Library/STM32_USB_Device_Library/Core/Src/usbd_core.o
                0x0000000008004fbc                USBD_LL_Resume
 .text.USBD_LL_SOF
                0x0000000008004fe8       0x34 ./Library/STM32_USB_Device_Library/Core/Src/usbd_core.o
                0x0000000008004fe8                USBD_LL_SOF
 .text.USBD_LL_IsoINIncomplete
                0x000000000800501c       0x1a ./Library/STM32_USB_Device_Library/Core/Src/usbd_core.o
                0x000000000800501c                USBD_LL_IsoINIncomplete
 .text.USBD_LL_IsoOUTIncomplete
                0x0000000008005036       0x1a ./Library/STM32_USB_Device_Library/Core/Src/usbd_core.o
                0x0000000008005036                USBD_LL_IsoOUTIncomplete
 .text.USBD_LL_DevConnected
                0x0000000008005050       0x16 ./Library/STM32_USB_Device_Library/Core/Src/usbd_core.o
                0x0000000008005050                USBD_LL_DevConnected
 .text.USBD_LL_DevDisconnected
                0x0000000008005066       0x38 ./Library/STM32_USB_Device_Library/Core/Src/usbd_core.o
                0x0000000008005066                USBD_LL_DevDisconnected
 .text.SWAPBYTE
                0x000000000800509e       0x3c ./Library/STM32_USB_Device_Library/Core/Src/usbd_ctlreq.o
 *fill*         0x00000000080050da        0x2 
 .text.USBD_StdDevReq
                0x00000000080050dc       0xdc ./Library/STM32_USB_Device_Library/Core/Src/usbd_ctlreq.o
                0x00000000080050dc                USBD_StdDevReq
 .text.USBD_StdItfReq
                0x00000000080051b8       0x90 ./Library/STM32_USB_Device_Library/Core/Src/usbd_ctlreq.o
                0x00000000080051b8                USBD_StdItfReq
 .text.USBD_StdEPReq
                0x0000000008005248      0x2ba ./Library/STM32_USB_Device_Library/Core/Src/usbd_ctlreq.o
                0x0000000008005248                USBD_StdEPReq
 *fill*         0x0000000008005502        0x2 
 .text.USBD_GetDescriptor
                0x0000000008005504      0x328 ./Library/STM32_USB_Device_Library/Core/Src/usbd_ctlreq.o
 .text.USBD_SetAddress
                0x000000000800582c       0x86 ./Library/STM32_USB_Device_Library/Core/Src/usbd_ctlreq.o
 *fill*         0x00000000080058b2        0x2 
 .text.USBD_SetConfig
                0x00000000080058b4      0x148 ./Library/STM32_USB_Device_Library/Core/Src/usbd_ctlreq.o
 .text.USBD_GetConfig
                0x00000000080059fc       0x6a ./Library/STM32_USB_Device_Library/Core/Src/usbd_ctlreq.o
 .text.USBD_GetStatus
                0x0000000008005a66       0x66 ./Library/STM32_USB_Device_Library/Core/Src/usbd_ctlreq.o
 .text.USBD_SetFeature
                0x0000000008005acc       0x28 ./Library/STM32_USB_Device_Library/Core/Src/usbd_ctlreq.o
 .text.USBD_ClrFeature
                0x0000000008005af4       0x42 ./Library/STM32_USB_Device_Library/Core/Src/usbd_ctlreq.o
 .text.USBD_ParseSetupRequest
                0x0000000008005b36       0x74 ./Library/STM32_USB_Device_Library/Core/Src/usbd_ctlreq.o
                0x0000000008005b36                USBD_ParseSetupRequest
 .text.USBD_CtlError
                0x0000000008005baa       0x22 ./Library/STM32_USB_Device_Library/Core/Src/usbd_ctlreq.o
                0x0000000008005baa                USBD_CtlError
 .text.USBD_GetString
                0x0000000008005bcc       0x8c ./Library/STM32_USB_Device_Library/Core/Src/usbd_ctlreq.o
                0x0000000008005bcc                USBD_GetString
 .text.USBD_GetLen
                0x0000000008005c58       0x34 ./Library/STM32_USB_Device_Library/Core/Src/usbd_ctlreq.o
 .text.USBD_CtlSendData
                0x0000000008005c8c       0x36 ./Library/STM32_USB_Device_Library/Core/Src/usbd_ioreq.o
                0x0000000008005c8c                USBD_CtlSendData
 .text.USBD_CtlContinueSendData
                0x0000000008005cc2       0x22 ./Library/STM32_USB_Device_Library/Core/Src/usbd_ioreq.o
                0x0000000008005cc2                USBD_CtlContinueSendData
 .text.USBD_CtlContinueRx
                0x0000000008005ce4       0x22 ./Library/STM32_USB_Device_Library/Core/Src/usbd_ioreq.o
                0x0000000008005ce4                USBD_CtlContinueRx
 .text.USBD_CtlSendStatus
                0x0000000008005d06       0x26 ./Library/STM32_USB_Device_Library/Core/Src/usbd_ioreq.o
                0x0000000008005d06                USBD_CtlSendStatus
 .text.USBD_CtlReceiveStatus
                0x0000000008005d2c       0x26 ./Library/STM32_USB_Device_Library/Core/Src/usbd_ioreq.o
                0x0000000008005d2c                USBD_CtlReceiveStatus
 .text.CpuIrqDisable
                0x0000000008005d52       0x10 ./Loader/ARMCM4_STM32F4/GCC/cpu_comp.o
                0x0000000008005d52                CpuIrqDisable
 .text.CpuIrqEnable
                0x0000000008005d62       0x10 ./Loader/ARMCM4_STM32F4/GCC/cpu_comp.o
                0x0000000008005d62                CpuIrqEnable
 .text.CpuInit  0x0000000008005d72        0xc ./Loader/ARMCM4_STM32F4/cpu.o
                0x0000000008005d72                CpuInit
 *fill*         0x0000000008005d7e        0x2 
 .text.CpuStartUserProgram
                0x0000000008005d80       0x60 ./Loader/ARMCM4_STM32F4/cpu.o
                0x0000000008005d80                CpuStartUserProgram
 .text.CpuMemCopy
                0x0000000008005de0       0x40 ./Loader/ARMCM4_STM32F4/cpu.o
                0x0000000008005de0                CpuMemCopy
 .text.FlashInit
                0x0000000008005e20       0x28 ./Loader/ARMCM4_STM32F4/flash.o
                0x0000000008005e20                FlashInit
 .text.FlashWrite
                0x0000000008005e48       0x94 ./Loader/ARMCM4_STM32F4/flash.o
                0x0000000008005e48                FlashWrite
 .text.FlashErase
                0x0000000008005edc       0x6c ./Loader/ARMCM4_STM32F4/flash.o
                0x0000000008005edc                FlashErase
 .text.FlashWriteChecksum
                0x0000000008005f48       0xa8 ./Loader/ARMCM4_STM32F4/flash.o
                0x0000000008005f48                FlashWriteChecksum
 .text.FlashVerifyChecksum
                0x0000000008005ff0       0x88 ./Loader/ARMCM4_STM32F4/flash.o
                0x0000000008005ff0                FlashVerifyChecksum
 .text.FlashDone
                0x0000000008006078       0x48 ./Loader/ARMCM4_STM32F4/flash.o
                0x0000000008006078                FlashDone
 .text.FlashGetUserProgBaseAddress
                0x00000000080060c0       0x14 ./Loader/ARMCM4_STM32F4/flash.o
                0x00000000080060c0                FlashGetUserProgBaseAddress
 .text.FlashInitBlock
                0x00000000080060d4       0x46 ./Loader/ARMCM4_STM32F4/flash.o
 *fill*         0x000000000800611a        0x2 
 .text.FlashSwitchBlock
                0x000000000800611c       0x64 ./Loader/ARMCM4_STM32F4/flash.o
 .text.FlashAddToBlock
                0x0000000008006180       0xc4 ./Loader/ARMCM4_STM32F4/flash.o
 .text.FlashWriteBlock
                0x0000000008006244       0x7e ./Loader/ARMCM4_STM32F4/flash.o
 *fill*         0x00000000080062c2        0x2 
 .text.FlashEmptyCheckSector
                0x00000000080062c4       0xd4 ./Loader/ARMCM4_STM32F4/flash.o
 .text.FlashEraseSectors
                0x0000000008006398       0xba ./Loader/ARMCM4_STM32F4/flash.o
 *fill*         0x0000000008006452        0x2 
 .text.FlashGetSector
                0x0000000008006454       0x88 ./Loader/ARMCM4_STM32F4/flash.o
 .text.NvmInit  0x00000000080064dc        0xc ./Loader/ARMCM4_STM32F4/nvm.o
                0x00000000080064dc                NvmInit
 .text.NvmWrite
                0x00000000080064e8       0x20 ./Loader/ARMCM4_STM32F4/nvm.o
                0x00000000080064e8                NvmWrite
 .text.NvmErase
                0x0000000008006508       0x1c ./Loader/ARMCM4_STM32F4/nvm.o
                0x0000000008006508                NvmErase
 .text.NvmVerifyChecksum
                0x0000000008006524        0xe ./Loader/ARMCM4_STM32F4/nvm.o
                0x0000000008006524                NvmVerifyChecksum
 .text.NvmGetUserProgBaseAddress
                0x0000000008006532        0xe ./Loader/ARMCM4_STM32F4/nvm.o
                0x0000000008006532                NvmGetUserProgBaseAddress
 .text.NvmDone  0x0000000008006540       0x1c ./Loader/ARMCM4_STM32F4/nvm.o
                0x0000000008006540                NvmDone
 .text.TimerInit
                0x000000000800655c       0x30 ./Loader/ARMCM4_STM32F4/timer.o
                0x000000000800655c                TimerInit
 .text.TimerReset
                0x000000000800658c       0x24 ./Loader/ARMCM4_STM32F4/timer.o
                0x000000000800658c                TimerReset
 .text.TimerUpdate
                0x00000000080065b0       0x2c ./Loader/ARMCM4_STM32F4/timer.o
                0x00000000080065b0                TimerUpdate
 .text.TimerGet
                0x00000000080065dc       0x14 ./Loader/ARMCM4_STM32F4/timer.o
                0x00000000080065dc                TimerGet
 .text.HAL_GetTick
                0x00000000080065f0        0xe ./Loader/ARMCM4_STM32F4/timer.o
                0x00000000080065f0                HAL_GetTick
 *fill*         0x00000000080065fe        0x2 
 .text.UsbInit  0x0000000008006600       0xa4 ./Loader/ARMCM4_STM32F4/usb.o
                0x0000000008006600                UsbInit
 .text.UsbFree  0x00000000080066a4       0x24 ./Loader/ARMCM4_STM32F4/usb.o
                0x00000000080066a4                UsbFree
 .text.UsbTransmitPacket
                0x00000000080066c8       0x7c ./Loader/ARMCM4_STM32F4/usb.o
                0x00000000080066c8                UsbTransmitPacket
 .text.UsbReceivePacket
                0x0000000008006744       0xb8 ./Loader/ARMCM4_STM32F4/usb.o
                0x0000000008006744                UsbReceivePacket
 .text.UsbReceiveByte
                0x00000000080067fc       0x28 ./Loader/ARMCM4_STM32F4/usb.o
 .text.UsbTransmitByte
                0x0000000008006824       0x2c ./Loader/ARMCM4_STM32F4/usb.o
 .text.UsbTransmitPipeBulkIN
                0x0000000008006850       0x88 ./Loader/ARMCM4_STM32F4/usb.o
                0x0000000008006850                UsbTransmitPipeBulkIN
 .text.UsbReceivePipeBulkOUT
                0x00000000080068d8       0x80 ./Loader/ARMCM4_STM32F4/usb.o
                0x00000000080068d8                UsbReceivePipeBulkOUT
 .text.UsbFifoMgrInit
                0x0000000008006958       0x64 ./Loader/ARMCM4_STM32F4/usb.o
 .text.UsbFifoMgrCreate
                0x00000000080069bc       0x64 ./Loader/ARMCM4_STM32F4/usb.o
 .text.UsbFifoMgrWrite
                0x0000000008006a20      0x10c ./Loader/ARMCM4_STM32F4/usb.o
 .text.UsbFifoMgrRead
                0x0000000008006b2c       0xf8 ./Loader/ARMCM4_STM32F4/usb.o
 .text.UsbFifoMgrScan
                0x0000000008006c24       0x3c ./Loader/ARMCM4_STM32F4/usb.o
 .text.AssertFailure
                0x0000000008006c60       0x10 ./Loader/asserts.o
                0x0000000008006c60                AssertFailure
 .text.BackDoorInit
                0x0000000008006c70       0x1c ./Loader/backdoor.o
                0x0000000008006c70                BackDoorInit
 .text.BackDoorCheck
                0x0000000008006c8c       0x4c ./Loader/backdoor.o
                0x0000000008006c8c                BackDoorCheck
 .text.BackDoorSetExtension
                0x0000000008006cd8       0x20 ./Loader/backdoor.o
                0x0000000008006cd8                BackDoorSetExtension
 .text.BackDoorGetExtension
                0x0000000008006cf8       0x18 ./Loader/backdoor.o
                0x0000000008006cf8                BackDoorGetExtension
 .text.BackDoorRestartTimer
                0x0000000008006d10       0x24 ./Loader/backdoor.o
                0x0000000008006d10                BackDoorRestartTimer
 .text.BootInit
                0x0000000008006d34       0x20 ./Loader/boot.o
                0x0000000008006d34                BootInit
 .text.BootTask
                0x0000000008006d54       0x18 ./Loader/boot.o
                0x0000000008006d54                BootTask
 .text.ComInit  0x0000000008006d6c       0x1c ./Loader/com.o
                0x0000000008006d6c                ComInit
 .text.ComTask  0x0000000008006d88       0x38 ./Loader/com.o
                0x0000000008006d88                ComTask
 .text.ComFree  0x0000000008006dc0        0xc ./Loader/com.o
                0x0000000008006dc0                ComFree
 .text.ComTransmitPacket
                0x0000000008006dcc       0x30 ./Loader/com.o
                0x0000000008006dcc                ComTransmitPacket
 .text.ComGetActiveInterfaceMaxRxLen
                0x0000000008006dfc       0x54 ./Loader/com.o
                0x0000000008006dfc                ComGetActiveInterfaceMaxRxLen
 .text.ComGetActiveInterfaceMaxTxLen
                0x0000000008006e50       0x54 ./Loader/com.o
                0x0000000008006e50                ComGetActiveInterfaceMaxTxLen
 .text.ComIsConnected
                0x0000000008006ea4       0x22 ./Loader/com.o
                0x0000000008006ea4                ComIsConnected
 .text.CopInit  0x0000000008006ec6        0xe ./Loader/cop.o
                0x0000000008006ec6                CopInit
 .text.CopService
                0x0000000008006ed4        0xe ./Loader/cop.o
                0x0000000008006ed4                CopService
 *fill*         0x0000000008006ee2        0x2 
 .text.XcpInit  0x0000000008006ee4       0x44 ./Loader/xcp.o
                0x0000000008006ee4                XcpInit
 .text.XcpIsConnected
                0x0000000008006f28       0x24 ./Loader/xcp.o
                0x0000000008006f28                XcpIsConnected
 .text.XcpPacketTransmitted
                0x0000000008006f4c       0x1c ./Loader/xcp.o
                0x0000000008006f4c                XcpPacketTransmitted
 .text.XcpPacketReceived
                0x0000000008006f68      0x1cc ./Loader/xcp.o
                0x0000000008006f68                XcpPacketReceived
 .text.XcpTransmitPacket
                0x0000000008007134       0x1e ./Loader/xcp.o
 .text.XcpComputeChecksum
                0x0000000008007152       0x40 ./Loader/xcp.o
 *fill*         0x0000000008007192        0x2 
 .text.XcpProtectResources
                0x0000000008007194       0x1c ./Loader/xcp.o
 .text.XcpSetCtoError
                0x00000000080071b0       0x30 ./Loader/xcp.o
 .text.XcpGetOrderedLong
                0x00000000080071e0       0x50 ./Loader/xcp.o
 .text.XcpSetOrderedLong
                0x0000000008007230       0x42 ./Loader/xcp.o
 *fill*         0x0000000008007272        0x2 
 .text.XcpCmdConnect
                0x0000000008007274       0x88 ./Loader/xcp.o
 .text.XcpCmdDisconnect
                0x00000000080072fc       0x30 ./Loader/xcp.o
 .text.XcpCmdGetStatus
                0x000000000800732c       0x48 ./Loader/xcp.o
 .text.XcpCmdSynch
                0x0000000008007374       0x16 ./Loader/xcp.o
 *fill*         0x000000000800738a        0x2 
 .text.XcpCmdGetId
                0x000000000800738c       0x50 ./Loader/xcp.o
 .text.XcpCmdSetMta
                0x00000000080073dc       0x34 ./Loader/xcp.o
 .text.XcpCmdUpload
                0x0000000008007410       0x7c ./Loader/xcp.o
 .text.XcpCmdShortUpload
                0x000000000800748c       0x90 ./Loader/xcp.o
 .text.XcpCmdBuildCheckSum
                0x000000000800751c       0x68 ./Loader/xcp.o
 .text.XcpCmdProgramStart
                0x0000000008007584       0x4c ./Loader/xcp.o
 .text.XcpCmdProgramMax
                0x00000000080075d0       0x60 ./Loader/xcp.o
 .text.XcpCmdProgram
                0x0000000008007630       0x94 ./Loader/xcp.o
 .text.XcpCmdProgramClear
                0x00000000080076c4       0x4c ./Loader/xcp.o
 .text.XcpCmdProgramReset
                0x0000000008007710       0x28 ./Loader/xcp.o
 .text.XcpCmdProgramPrepare
                0x0000000008007738       0x16 ./Loader/xcp.o
 *fill*         0x000000000800774e        0x2 
 .text.USBD_Bulk_Init
                0x0000000008007750       0x44 ./USB_DEVICE/App/usbd_bulk.o
 .text.USBD_Bulk_DeInit
                0x0000000008007794       0x2a ./USB_DEVICE/App/usbd_bulk.o
 *fill*         0x00000000080077be        0x2 
 .text.USBD_Bulk_Setup
                0x00000000080077c0       0xd8 ./USB_DEVICE/App/usbd_bulk.o
 .text.USBD_Bulk_DataIn
                0x0000000008007898       0x1a ./USB_DEVICE/App/usbd_bulk.o
 .text.USBD_Bulk_DataOut
                0x00000000080078b2       0x1e ./USB_DEVICE/App/usbd_bulk.o
 .text.USBD_Bulk_SOF
                0x00000000080078d0       0x20 ./USB_DEVICE/App/usbd_bulk.o
 .text.USBD_Bulk_GetFSCfgDesc
                0x00000000080078f0       0x20 ./USB_DEVICE/App/usbd_bulk.o
 .text.USBD_Bulk_GetDeviceQualifierDescriptor
                0x0000000008007910       0x20 ./USB_DEVICE/App/usbd_bulk.o
                0x0000000008007910                USBD_Bulk_GetDeviceQualifierDescriptor
 .text.USBD_Bulk_GetRxBufferPtr
                0x0000000008007930       0x14 ./USB_DEVICE/App/usbd_bulk.o
                0x0000000008007930                USBD_Bulk_GetRxBufferPtr
 .text.USBD_FS_DeviceDescriptor
                0x0000000008007944       0x24 ./USB_DEVICE/App/usbd_desc.o
                0x0000000008007944                USBD_FS_DeviceDescriptor
 .text.USBD_FS_LangIDStrDescriptor
                0x0000000008007968       0x24 ./USB_DEVICE/App/usbd_desc.o
                0x0000000008007968                USBD_FS_LangIDStrDescriptor
 .text.USBD_FS_ProductStrDescriptor
                0x000000000800798c       0x3c ./USB_DEVICE/App/usbd_desc.o
                0x000000000800798c                USBD_FS_ProductStrDescriptor
 .text.USBD_FS_ManufacturerStrDescriptor
                0x00000000080079c8       0x28 ./USB_DEVICE/App/usbd_desc.o
                0x00000000080079c8                USBD_FS_ManufacturerStrDescriptor
 .text.USBD_FS_SerialStrDescriptor
                0x00000000080079f0       0x24 ./USB_DEVICE/App/usbd_desc.o
                0x00000000080079f0                USBD_FS_SerialStrDescriptor
 .text.USBD_FS_ConfigStrDescriptor
                0x0000000008007a14       0x3c ./USB_DEVICE/App/usbd_desc.o
                0x0000000008007a14                USBD_FS_ConfigStrDescriptor
 .text.USBD_FS_InterfaceStrDescriptor
                0x0000000008007a50       0x3c ./USB_DEVICE/App/usbd_desc.o
                0x0000000008007a50                USBD_FS_InterfaceStrDescriptor
 .text.USBD_FS_USR_BOSDescriptor
                0x0000000008007a8c       0x24 ./USB_DEVICE/App/usbd_desc.o
                0x0000000008007a8c                USBD_FS_USR_BOSDescriptor
 .text.Get_SerialNum
                0x0000000008007ab0       0x58 ./USB_DEVICE/App/usbd_desc.o
 .text.IntToUnicode
                0x0000000008007b08       0x7e ./USB_DEVICE/App/usbd_desc.o
 .text.HAL_PCD_SetupStageCallback
                0x0000000008007b86       0x24 ./USB_DEVICE/Target/usbd_conf.o
                0x0000000008007b86                HAL_PCD_SetupStageCallback
 .text.HAL_PCD_DataOutStageCallback
                0x0000000008007baa       0x36 ./USB_DEVICE/Target/usbd_conf.o
                0x0000000008007baa                HAL_PCD_DataOutStageCallback
 .text.HAL_PCD_DataInStageCallback
                0x0000000008007be0       0x34 ./USB_DEVICE/Target/usbd_conf.o
                0x0000000008007be0                HAL_PCD_DataInStageCallback
 .text.HAL_PCD_SOFCallback
                0x0000000008007c14       0x1c ./USB_DEVICE/Target/usbd_conf.o
                0x0000000008007c14                HAL_PCD_SOFCallback
 .text.HAL_PCD_ResetCallback
                0x0000000008007c30       0x50 ./USB_DEVICE/Target/usbd_conf.o
                0x0000000008007c30                HAL_PCD_ResetCallback
 .text.HAL_PCD_SuspendCallback
                0x0000000008007c80       0x50 ./USB_DEVICE/Target/usbd_conf.o
                0x0000000008007c80                HAL_PCD_SuspendCallback
 .text.HAL_PCD_ResumeCallback
                0x0000000008007cd0       0x20 ./USB_DEVICE/Target/usbd_conf.o
                0x0000000008007cd0                HAL_PCD_ResumeCallback
 .text.HAL_PCD_ISOOUTIncompleteCallback
                0x0000000008007cf0       0x24 ./USB_DEVICE/Target/usbd_conf.o
                0x0000000008007cf0                HAL_PCD_ISOOUTIncompleteCallback
 .text.HAL_PCD_ISOINIncompleteCallback
                0x0000000008007d14       0x24 ./USB_DEVICE/Target/usbd_conf.o
                0x0000000008007d14                HAL_PCD_ISOINIncompleteCallback
 .text.HAL_PCD_ConnectCallback
                0x0000000008007d38       0x22 ./USB_DEVICE/Target/usbd_conf.o
                0x0000000008007d38                HAL_PCD_ConnectCallback
 .text.HAL_PCD_DisconnectCallback
                0x0000000008007d5a       0x22 ./USB_DEVICE/Target/usbd_conf.o
                0x0000000008007d5a                HAL_PCD_DisconnectCallback
 .text.USBD_LL_Init
                0x0000000008007d7c       0xa4 ./USB_DEVICE/Target/usbd_conf.o
                0x0000000008007d7c                USBD_LL_Init
 .text.USBD_LL_DeInit
                0x0000000008007e20       0x64 ./USB_DEVICE/Target/usbd_conf.o
                0x0000000008007e20                USBD_LL_DeInit
 .text.USBD_LL_Start
                0x0000000008007e84       0x64 ./USB_DEVICE/Target/usbd_conf.o
                0x0000000008007e84                USBD_LL_Start
 .text.USBD_LL_Stop
                0x0000000008007ee8       0x64 ./USB_DEVICE/Target/usbd_conf.o
                0x0000000008007ee8                USBD_LL_Stop
 .text.USBD_LL_OpenEP
                0x0000000008007f4c       0x7c ./USB_DEVICE/Target/usbd_conf.o
                0x0000000008007f4c                USBD_LL_OpenEP
 .text.USBD_LL_CloseEP
                0x0000000008007fc8       0x6c ./USB_DEVICE/Target/usbd_conf.o
                0x0000000008007fc8                USBD_LL_CloseEP
 .text.USBD_LL_StallEP
                0x0000000008008034       0x6c ./USB_DEVICE/Target/usbd_conf.o
                0x0000000008008034                USBD_LL_StallEP
 .text.USBD_LL_ClearStallEP
                0x00000000080080a0       0x6c ./USB_DEVICE/Target/usbd_conf.o
                0x00000000080080a0                USBD_LL_ClearStallEP
 .text.USBD_LL_IsStallEP
                0x000000000800810c       0x58 ./USB_DEVICE/Target/usbd_conf.o
                0x000000000800810c                USBD_LL_IsStallEP
 .text.USBD_LL_SetUSBAddress
                0x0000000008008164       0x6c ./USB_DEVICE/Target/usbd_conf.o
                0x0000000008008164                USBD_LL_SetUSBAddress
 .text.USBD_LL_Transmit
                0x00000000080081d0       0x70 ./USB_DEVICE/Target/usbd_conf.o
                0x00000000080081d0                USBD_LL_Transmit
 .text.USBD_LL_PrepareReceive
                0x0000000008008240       0x70 ./USB_DEVICE/Target/usbd_conf.o
                0x0000000008008240                USBD_LL_PrepareReceive
 .text.USBD_LL_GetRxDataSize
                0x00000000080082b0       0x26 ./USB_DEVICE/Target/usbd_conf.o
                0x00000000080082b0                USBD_LL_GetRxDataSize
 *fill*         0x00000000080082d6        0x2 
 .text.__libc_init_array
                0x00000000080082d8       0x48 c:/st/stm32cubeide_1.12.0/stm32cubeide/plugins/com.st.stm32cube.ide.mcu.externaltools.gnu-tools-for-stm32.10.3-2021.10.win32_1.0.200.202301161003/tools/bin/../lib/gcc/arm-none-eabi/10.3.1/../../../../arm-none-eabi/lib/thumb/v7e-m+fp/hard\libc_nano.a(lib_a-init.o)
                0x00000000080082d8                __libc_init_array
 *(.glue_7)
 .glue_7        0x0000000008008320        0x0 linker stubs
 *(.glue_7t)
 .glue_7t       0x0000000008008320        0x0 linker stubs
 *(.eh_frame)
 .eh_frame      0x0000000008008320        0x0 c:/st/stm32cubeide_1.12.0/stm32cubeide/plugins/com.st.stm32cube.ide.mcu.externaltools.gnu-tools-for-stm32.10.3-2021.10.win32_1.0.200.202301161003/tools/bin/../lib/gcc/arm-none-eabi/10.3.1/thumb/v7e-m+fp/hard/crtbegin.o
 *(.init)
 .init          0x0000000008008320        0x4 c:/st/stm32cubeide_1.12.0/stm32cubeide/plugins/com.st.stm32cube.ide.mcu.externaltools.gnu-tools-for-stm32.10.3-2021.10.win32_1.0.200.202301161003/tools/bin/../lib/gcc/arm-none-eabi/10.3.1/thumb/v7e-m+fp/hard/crti.o
                0x0000000008008320                _init
 .init          0x0000000008008324        0x8 c:/st/stm32cubeide_1.12.0/stm32cubeide/plugins/com.st.stm32cube.ide.mcu.externaltools.gnu-tools-for-stm32.10.3-2021.10.win32_1.0.200.202301161003/tools/bin/../lib/gcc/arm-none-eabi/10.3.1/thumb/v7e-m+fp/hard/crtn.o
 *(.fini)
 .fini          0x000000000800832c        0x4 c:/st/stm32cubeide_1.12.0/stm32cubeide/plugins/com.st.stm32cube.ide.mcu.externaltools.gnu-tools-for-stm32.10.3-2021.10.win32_1.0.200.202301161003/tools/bin/../lib/gcc/arm-none-eabi/10.3.1/thumb/v7e-m+fp/hard/crti.o
                0x000000000800832c                _fini
 .fini          0x0000000008008330        0x8 c:/st/stm32cubeide_1.12.0/stm32cubeide/plugins/com.st.stm32cube.ide.mcu.externaltools.gnu-tools-for-stm32.10.3-2021.10.win32_1.0.200.202301161003/tools/bin/../lib/gcc/arm-none-eabi/10.3.1/thumb/v7e-m+fp/hard/crtn.o
                0x0000000008008338                . = ALIGN (0x4)
                0x0000000008008338                _etext = .

.vfp11_veneer   0x0000000008008338        0x0
 .vfp11_veneer  0x0000000008008338        0x0 linker stubs

.v4_bx          0x0000000008008338        0x0
 .v4_bx         0x0000000008008338        0x0 linker stubs

.iplt           0x0000000008008338        0x0
 .iplt          0x0000000008008338        0x0 c:/st/stm32cubeide_1.12.0/stm32cubeide/plugins/com.st.stm32cube.ide.mcu.externaltools.gnu-tools-for-stm32.10.3-2021.10.win32_1.0.200.202301161003/tools/bin/../lib/gcc/arm-none-eabi/10.3.1/thumb/v7e-m+fp/hard/crtbegin.o

.rodata         0x0000000008008338       0xf0
                0x0000000008008338                . = ALIGN (0x4)
 *(.rodata)
 .rodata        0x0000000008008338       0x21 ./Loader/ARMCM4_STM32F4/flash.o
 *fill*         0x0000000008008359        0x3 
 .rodata        0x000000000800835c       0x1f ./Loader/ARMCM4_STM32F4/usb.o
 *fill*         0x000000000800837b        0x1 
 .rodata        0x000000000800837c       0x42 ./USB_DEVICE/App/usbd_desc.o
 *fill*         0x00000000080083be        0x2 
 .rodata        0x00000000080083c0       0x21 ./USB_DEVICE/Target/usbd_conf.o
 *(.rodata*)
 *fill*         0x00000000080083e1        0x3 
 .rodata.flashLayout
                0x00000000080083e4       0x3c ./Loader/ARMCM4_STM32F4/flash.o
 .rodata.xcpStationId
                0x0000000008008420        0x8 ./Loader/xcp.o
                0x0000000008008428                . = ALIGN (0x4)

.rel.dyn        0x0000000008008428        0x0
 .rel.iplt      0x0000000008008428        0x0 c:/st/stm32cubeide_1.12.0/stm32cubeide/plugins/com.st.stm32cube.ide.mcu.externaltools.gnu-tools-for-stm32.10.3-2021.10.win32_1.0.200.202301161003/tools/bin/../lib/gcc/arm-none-eabi/10.3.1/thumb/v7e-m+fp/hard/crtbegin.o

.ARM.extab      0x0000000008008428        0x0
                0x0000000008008428                . = ALIGN (0x4)
 *(.ARM.extab* .gnu.linkonce.armextab.*)
                0x0000000008008428                . = ALIGN (0x4)

.ARM            0x0000000008008428        0x0
                0x0000000008008428                . = ALIGN (0x4)
                0x0000000008008428                __exidx_start = .
 *(.ARM.exidx*)
                0x0000000008008428                __exidx_end = .
                0x0000000008008428                . = ALIGN (0x4)

.preinit_array  0x0000000008008428        0x0
                0x0000000008008428                . = ALIGN (0x4)
                0x0000000008008428                PROVIDE (__preinit_array_start = .)
 *(.preinit_array*)
                0x0000000008008428                PROVIDE (__preinit_array_end = .)
                0x0000000008008428                . = ALIGN (0x4)

.init_array     0x0000000008008428        0x4
                0x0000000008008428                . = ALIGN (0x4)
                0x0000000008008428                PROVIDE (__init_array_start = .)
 *(SORT_BY_NAME(.init_array.*))
 *(.init_array*)
 .init_array    0x0000000008008428        0x4 c:/st/stm32cubeide_1.12.0/stm32cubeide/plugins/com.st.stm32cube.ide.mcu.externaltools.gnu-tools-for-stm32.10.3-2021.10.win32_1.0.200.202301161003/tools/bin/../lib/gcc/arm-none-eabi/10.3.1/thumb/v7e-m+fp/hard/crtbegin.o
                0x000000000800842c                PROVIDE (__init_array_end = .)
                0x000000000800842c                . = ALIGN (0x4)

.fini_array     0x000000000800842c        0x4
                0x000000000800842c                . = ALIGN (0x4)
                [!provide]                        PROVIDE (__fini_array_start = .)
 *(SORT_BY_NAME(.fini_array.*))
 *(.fini_array*)
 .fini_array    0x000000000800842c        0x4 c:/st/stm32cubeide_1.12.0/stm32cubeide/plugins/com.st.stm32cube.ide.mcu.externaltools.gnu-tools-for-stm32.10.3-2021.10.win32_1.0.200.202301161003/tools/bin/../lib/gcc/arm-none-eabi/10.3.1/thumb/v7e-m+fp/hard/crtbegin.o
                [!provide]                        PROVIDE (__fini_array_end = .)
                0x0000000008008430                . = ALIGN (0x4)
                0x0000000008008430                _sidata = LOADADDR (.data)

.data           0x0000000020000000      0x188 load address 0x0000000008008430
                0x0000000020000000                . = ALIGN (0x4)
                0x0000000020000000                _sdata = .
 *(.data)
 *(.data*)
 .data.SystemCoreClock
                0x0000000020000000        0x4 ./Core/Src/system_stm32f4xx.o
                0x0000000020000000                SystemCoreClock
 .data.uwTickPrio
                0x0000000020000004        0x4 ./Drivers/STM32F4xx_HAL_Driver/Src/stm32f4xx_hal.o
                0x0000000020000004                uwTickPrio
 .data.uwTickFreq
                0x0000000020000008        0x1 ./Drivers/STM32F4xx_HAL_Driver/Src/stm32f4xx_hal.o
                0x0000000020000008                uwTickFreq
 .data.comActiveInterface
                0x0000000020000009        0x1 ./Loader/com.o
 *fill*         0x000000002000000a        0x2 
 .data.USBD_Bulk_DeviceQualifierDesc
                0x000000002000000c        0xa ./USB_DEVICE/App/usbd_bulk.o
 *fill*         0x0000000020000016        0x2 
 .data.USBD_Bulk
                0x0000000020000018       0x38 ./USB_DEVICE/App/usbd_bulk.o
                0x0000000020000018                USBD_Bulk
 .data.USBD_Bulk_CfgFSDesc
                0x0000000020000050       0x20 ./USB_DEVICE/App/usbd_bulk.o
                0x0000000020000050                USBD_Bulk_CfgFSDesc
 .data.USBD_Bulk_MSOS20Desc
                0x0000000020000070       0x9e ./USB_DEVICE/App/usbd_bulk.o
                0x0000000020000070                USBD_Bulk_MSOS20Desc
 *fill*         0x000000002000010e        0x2 
 .data.FS_Desc  0x0000000020000110       0x20 ./USB_DEVICE/App/usbd_desc.o
                0x0000000020000110                FS_Desc
 .data.USBD_FS_DeviceDesc
                0x0000000020000130       0x12 ./USB_DEVICE/App/usbd_desc.o
                0x0000000020000130                USBD_FS_DeviceDesc
 *fill*         0x0000000020000142        0x2 
 .data.USBD_FS_BOSDesc
                0x0000000020000144       0x21 ./USB_DEVICE/App/usbd_desc.o
                0x0000000020000144                USBD_FS_BOSDesc
 *fill*         0x0000000020000165        0x3 
 .data.USBD_LangIDDesc
                0x0000000020000168        0x4 ./USB_DEVICE/App/usbd_desc.o
                0x0000000020000168                USBD_LangIDDesc
 .data.USBD_StringSerial
                0x000000002000016c       0x1a ./USB_DEVICE/App/usbd_desc.o
                0x000000002000016c                USBD_StringSerial
 *(.RamFunc)
 *(.RamFunc*)
                0x0000000020000188                . = ALIGN (0x4)
 *fill*         0x0000000020000186        0x2 
                0x0000000020000188                _edata = .
                0x00000000080085b8                _siccmram = LOADADDR (.ccmram)

.igot.plt       0x0000000020000188        0x0 load address 0x00000000080085b8
 .igot.plt      0x0000000020000188        0x0 c:/st/stm32cubeide_1.12.0/stm32cubeide/plugins/com.st.stm32cube.ide.mcu.externaltools.gnu-tools-for-stm32.10.3-2021.10.win32_1.0.200.202301161003/tools/bin/../lib/gcc/arm-none-eabi/10.3.1/thumb/v7e-m+fp/hard/crtbegin.o

.ccmram         0x0000000010000000        0x0 load address 0x00000000080085b8
                0x0000000010000000                . = ALIGN (0x4)
                0x0000000010000000                _sccmram = .
 *(.ccmram)
 *(.ccmram*)
                0x0000000010000000                . = ALIGN (0x4)
                0x0000000010000000                _eccmram = .
                0x0000000010000000                . = ALIGN (0x4)

.bss            0x0000000020000188     0x10d4
                0x0000000020000188                _sbss = .
                0x0000000020000188                __bss_start__ = _sbss
 *(.bss)
 .bss           0x0000000020000188       0x1c c:/st/stm32cubeide_1.12.0/stm32cubeide/plugins/com.st.stm32cube.ide.mcu.externaltools.gnu-tools-for-stm32.10.3-2021.10.win32_1.0.200.202301161003/tools/bin/../lib/gcc/arm-none-eabi/10.3.1/thumb/v7e-m+fp/hard/crtbegin.o
 *(.bss*)
 .bss.initialized.0
                0x00000000200001a4        0x1 ./App/hooks.o
 *fill*         0x00000000200001a5        0x3 
 .bss.hpcd_USB_OTG_FS
                0x00000000200001a8      0x50c ./Core/Src/main.o
                0x00000000200001a8                hpcd_USB_OTG_FS
 .bss.uwTick    0x00000000200006b4        0x4 ./Drivers/STM32F4xx_HAL_Driver/Src/stm32f4xx_hal.o
                0x00000000200006b4                uwTick
 .bss.pFlash    0x00000000200006b8       0x20 ./Drivers/STM32F4xx_HAL_Driver/Src/stm32f4xx_hal_flash.o
                0x00000000200006b8                pFlash
 .bss.cfgidx.0  0x00000000200006d8        0x1 ./Library/STM32_USB_Device_Library/Core/Src/usbd_ctlreq.o
 *fill*         0x00000000200006d9        0x3 
 .bss.blockInfo
                0x00000000200006dc      0x204 ./Loader/ARMCM4_STM32F4/flash.o
 .bss.bootBlockInfo
                0x00000000200008e0      0x204 ./Loader/ARMCM4_STM32F4/flash.o
 .bss.millisecond_counter
                0x0000000020000ae4        0x4 ./Loader/ARMCM4_STM32F4/timer.o
 .bss.fifoCtrl  0x0000000020000ae8       0x30 ./Loader/ARMCM4_STM32F4/usb.o
 .bss.fifoCtrlFree
                0x0000000020000b18        0x4 ./Loader/ARMCM4_STM32F4/usb.o
 .bss.fifoPipeBulkIN
                0x0000000020000b1c       0x41 ./Loader/ARMCM4_STM32F4/usb.o
 *fill*         0x0000000020000b5d        0x3 
 .bss.fifoPipeBulkOUT
                0x0000000020000b60       0x41 ./Loader/ARMCM4_STM32F4/usb.o
 *fill*         0x0000000020000ba1        0x3 
 .bss.hUsbDeviceFS
                0x0000000020000ba4      0x2d0 ./Loader/ARMCM4_STM32F4/usb.o
 .bss.xcpCtoRxInProgress.3
                0x0000000020000e74        0x1 ./Loader/ARMCM4_STM32F4/usb.o
 *fill*         0x0000000020000e75        0x3 
 .bss.xcpCtoReqPacket.2
                0x0000000020000e78       0x40 ./Loader/ARMCM4_STM32F4/usb.o
 .bss.xcpCtoRxLength.1
                0x0000000020000eb8        0x1 ./Loader/ARMCM4_STM32F4/usb.o
 *fill*         0x0000000020000eb9        0x3 
 .bss.USB_Tx_Buffer.0
                0x0000000020000ebc       0x40 ./Loader/ARMCM4_STM32F4/usb.o
 .bss.backdoorOpen
                0x0000000020000efc        0x1 ./Loader/backdoor.o
 *fill*         0x0000000020000efd        0x3 
 .bss.backdoorOpenTime
                0x0000000020000f00        0x4 ./Loader/backdoor.o
 .bss.backdoorExtensionTime
                0x0000000020000f04        0x4 ./Loader/backdoor.o
 .bss.xcpCtoReqPacket.0
                0x0000000020000f08       0x81 ./Loader/com.o
 *fill*         0x0000000020000f89        0x3 
 .bss.xcpInfo   0x0000000020000f8c       0x8c ./Loader/xcp.o
 .bss.usbd_bulk_AltSet
                0x0000000020001018        0x4 ./USB_DEVICE/App/usbd_bulk.o
 .bss.USB_Rx_Buffer
                0x000000002000101c       0x40 ./USB_DEVICE/App/usbd_bulk.o
                0x000000002000101c                USB_Rx_Buffer
 .bss.USBD_StrDesc
                0x000000002000105c      0x200 ./USB_DEVICE/App/usbd_desc.o
                0x000000002000105c                USBD_StrDesc
 *(COMMON)
                0x000000002000125c                . = ALIGN (0x4)
                0x000000002000125c                _ebss = .
                0x000000002000125c                __bss_end__ = _ebss

._user_heap_stack
                0x000000002000125c      0x604
                0x0000000020001260                . = ALIGN (0x8)
 *fill*         0x000000002000125c        0x4 
                [!provide]                        PROVIDE (end = .)
                0x0000000020001260                PROVIDE (_end = .)
                0x0000000020001460                . = (. + _Min_Heap_Size)
 *fill*         0x0000000020001260      0x200 
                0x0000000020001860                . = (. + _Min_Stack_Size)
 *fill*         0x0000000020001460      0x400 
                0x0000000020001860                . = ALIGN (0x8)

/DISCARD/
 libc.a(*)
 libm.a(*)
 libgcc.a(*)

.ARM.attributes
                0x0000000000000000       0x30
 *(.ARM.attributes)
 .ARM.attributes
                0x0000000000000000       0x1e c:/st/stm32cubeide_1.12.0/stm32cubeide/plugins/com.st.stm32cube.ide.mcu.externaltools.gnu-tools-for-stm32.10.3-2021.10.win32_1.0.200.202301161003/tools/bin/../lib/gcc/arm-none-eabi/10.3.1/thumb/v7e-m+fp/hard/crti.o
 .ARM.attributes
                0x000000000000001e       0x34 c:/st/stm32cubeide_1.12.0/stm32cubeide/plugins/com.st.stm32cube.ide.mcu.externaltools.gnu-tools-for-stm32.10.3-2021.10.win32_1.0.200.202301161003/tools/bin/../lib/gcc/arm-none-eabi/10.3.1/thumb/v7e-m+fp/hard/crtbegin.o
 .ARM.attributes
                0x0000000000000052       0x34 ./App/app.o
 .ARM.attributes
                0x0000000000000086       0x34 ./App/hooks.o
 .ARM.attributes
                0x00000000000000ba       0x34 ./App/led.o
 .ARM.attributes
                0x00000000000000ee       0x34 ./Core/Src/main.o
 .ARM.attributes
                0x0000000000000122       0x34 ./Core/Src/stm32f4xx_hal_msp.o
 .ARM.attributes
                0x0000000000000156       0x34 ./Core/Src/stm32f4xx_it.o
 .ARM.attributes
                0x000000000000018a       0x34 ./Core/Src/system_stm32f4xx.o
 .ARM.attributes
                0x00000000000001be       0x21 ./Core/Startup/startup_stm32f407vetx.o
 .ARM.attributes
                0x00000000000001df       0x34 ./Drivers/STM32F4xx_HAL_Driver/Src/stm32f4xx_hal.o
 .ARM.attributes
                0x0000000000000213       0x34 ./Drivers/STM32F4xx_HAL_Driver/Src/stm32f4xx_hal_cortex.o
 .ARM.attributes
                0x0000000000000247       0x34 ./Drivers/STM32F4xx_HAL_Driver/Src/stm32f4xx_hal_flash.o
 .ARM.attributes
                0x000000000000027b       0x34 ./Drivers/STM32F4xx_HAL_Driver/Src/stm32f4xx_hal_flash_ex.o
 .ARM.attributes
                0x00000000000002af       0x34 ./Drivers/STM32F4xx_HAL_Driver/Src/stm32f4xx_hal_gpio.o
 .ARM.attributes
                0x00000000000002e3       0x34 ./Drivers/STM32F4xx_HAL_Driver/Src/stm32f4xx_hal_pcd.o
 .ARM.attributes
                0x0000000000000317       0x34 ./Drivers/STM32F4xx_HAL_Driver/Src/stm32f4xx_hal_pcd_ex.o
 .ARM.attributes
                0x000000000000034b       0x34 ./Drivers/STM32F4xx_HAL_Driver/Src/stm32f4xx_hal_rcc.o
 .ARM.attributes
                0x000000000000037f       0x34 ./Drivers/STM32F4xx_HAL_Driver/Src/stm32f4xx_ll_gpio.o
 .ARM.attributes
                0x00000000000003b3       0x34 ./Drivers/STM32F4xx_HAL_Driver/Src/stm32f4xx_ll_usb.o
 .ARM.attributes
                0x00000000000003e7       0x34 ./Drivers/STM32F4xx_HAL_Driver/Src/stm32f4xx_ll_utils.o
 .ARM.attributes
                0x000000000000041b       0x34 ./Library/STM32_USB_Device_Library/Core/Src/usbd_core.o
 .ARM.attributes
                0x000000000000044f       0x34 ./Library/STM32_USB_Device_Library/Core/Src/usbd_ctlreq.o
 .ARM.attributes
                0x0000000000000483       0x34 ./Library/STM32_USB_Device_Library/Core/Src/usbd_ioreq.o
 .ARM.attributes
                0x00000000000004b7       0x34 ./Loader/ARMCM4_STM32F4/GCC/cpu_comp.o
 .ARM.attributes
                0x00000000000004eb       0x34 ./Loader/ARMCM4_STM32F4/cpu.o
 .ARM.attributes
                0x000000000000051f       0x34 ./Loader/ARMCM4_STM32F4/flash.o
 .ARM.attributes
                0x0000000000000553       0x34 ./Loader/ARMCM4_STM32F4/nvm.o
 .ARM.attributes
                0x0000000000000587       0x34 ./Loader/ARMCM4_STM32F4/timer.o
 .ARM.attributes
                0x00000000000005bb       0x34 ./Loader/ARMCM4_STM32F4/usb.o
 .ARM.attributes
                0x00000000000005ef       0x34 ./Loader/asserts.o
 .ARM.attributes
                0x0000000000000623       0x34 ./Loader/backdoor.o
 .ARM.attributes
                0x0000000000000657       0x34 ./Loader/boot.o
 .ARM.attributes
                0x000000000000068b       0x34 ./Loader/com.o
 .ARM.attributes
                0x00000000000006bf       0x34 ./Loader/cop.o
 .ARM.attributes
                0x00000000000006f3       0x34 ./Loader/xcp.o
 .ARM.attributes
                0x0000000000000727       0x34 ./USB_DEVICE/App/usbd_bulk.o
 .ARM.attributes
                0x000000000000075b       0x34 ./USB_DEVICE/App/usbd_desc.o
 .ARM.attributes
                0x000000000000078f       0x34 ./USB_DEVICE/Target/usbd_conf.o
 .ARM.attributes
                0x00000000000007c3       0x34 c:/st/stm32cubeide_1.12.0/stm32cubeide/plugins/com.st.stm32cube.ide.mcu.externaltools.gnu-tools-for-stm32.10.3-2021.10.win32_1.0.200.202301161003/tools/bin/../lib/gcc/arm-none-eabi/10.3.1/../../../../arm-none-eabi/lib/thumb/v7e-m+fp/hard\libc_nano.a(lib_a-init.o)
 .ARM.attributes
                0x00000000000007f7       0x1e c:/st/stm32cubeide_1.12.0/stm32cubeide/plugins/com.st.stm32cube.ide.mcu.externaltools.gnu-tools-for-stm32.10.3-2021.10.win32_1.0.200.202301161003/tools/bin/../lib/gcc/arm-none-eabi/10.3.1/thumb/v7e-m+fp/hard/crtn.o
OUTPUT(Boot.elf elf32-littlearm)
LOAD linker stubs
LOAD c:/st/stm32cubeide_1.12.0/stm32cubeide/plugins/com.st.stm32cube.ide.mcu.externaltools.gnu-tools-for-stm32.10.3-2021.10.win32_1.0.200.202301161003/tools/bin/../lib/gcc/arm-none-eabi/10.3.1/../../../../arm-none-eabi/lib/thumb/v7e-m+fp/hard\libc.a
LOAD c:/st/stm32cubeide_1.12.0/stm32cubeide/plugins/com.st.stm32cube.ide.mcu.externaltools.gnu-tools-for-stm32.10.3-2021.10.win32_1.0.200.202301161003/tools/bin/../lib/gcc/arm-none-eabi/10.3.1/../../../../arm-none-eabi/lib/thumb/v7e-m+fp/hard\libm.a
LOAD c:/st/stm32cubeide_1.12.0/stm32cubeide/plugins/com.st.stm32cube.ide.mcu.externaltools.gnu-tools-for-stm32.10.3-2021.10.win32_1.0.200.202301161003/tools/bin/../lib/gcc/arm-none-eabi/10.3.1/thumb/v7e-m+fp/hard\libgcc.a

.debug_info     0x0000000000000000    0x113d4
 .debug_info    0x0000000000000000       0x96 ./App/app.o
 .debug_info    0x0000000000000096      0x53f ./App/hooks.o
 .debug_info    0x00000000000005d5      0x26d ./App/led.o
 .debug_info    0x0000000000000842      0xd5b ./Core/Src/main.o
 .debug_info    0x000000000000159d      0x972 ./Core/Src/stm32f4xx_hal_msp.o
 .debug_info    0x0000000000001f0f      0x165 ./Core/Src/stm32f4xx_it.o
 .debug_info    0x0000000000002074      0x523 ./Core/Src/system_stm32f4xx.o
 .debug_info    0x0000000000002597       0x22 ./Core/Startup/startup_stm32f407vetx.o
 .debug_info    0x00000000000025b9      0x97c ./Drivers/STM32F4xx_HAL_Driver/Src/stm32f4xx_hal.o
 .debug_info    0x0000000000002f35      0xe1b ./Drivers/STM32F4xx_HAL_Driver/Src/stm32f4xx_hal_cortex.o
 .debug_info    0x0000000000003d50      0x5d2 ./Drivers/STM32F4xx_HAL_Driver/Src/stm32f4xx_hal_flash.o
 .debug_info    0x0000000000004322      0x6cc ./Drivers/STM32F4xx_HAL_Driver/Src/stm32f4xx_hal_flash_ex.o
 .debug_info    0x00000000000049ee      0x76a ./Drivers/STM32F4xx_HAL_Driver/Src/stm32f4xx_hal_gpio.o
 .debug_info    0x0000000000005158     0x1695 ./Drivers/STM32F4xx_HAL_Driver/Src/stm32f4xx_hal_pcd.o
 .debug_info    0x00000000000067ed      0x717 ./Drivers/STM32F4xx_HAL_Driver/Src/stm32f4xx_hal_pcd_ex.o
 .debug_info    0x0000000000006f04      0x966 ./Drivers/STM32F4xx_HAL_Driver/Src/stm32f4xx_hal_rcc.o
 .debug_info    0x000000000000786a      0x848 ./Drivers/STM32F4xx_HAL_Driver/Src/stm32f4xx_ll_gpio.o
 .debug_info    0x00000000000080b2     0x1a97 ./Drivers/STM32F4xx_HAL_Driver/Src/stm32f4xx_ll_usb.o
 .debug_info    0x0000000000009b49      0x94a ./Drivers/STM32F4xx_HAL_Driver/Src/stm32f4xx_ll_utils.o
 .debug_info    0x000000000000a493      0xbcc ./Library/STM32_USB_Device_Library/Core/Src/usbd_core.o
 .debug_info    0x000000000000b05f      0xacc ./Library/STM32_USB_Device_Library/Core/Src/usbd_ctlreq.o
 .debug_info    0x000000000000bb2b      0x77b ./Library/STM32_USB_Device_Library/Core/Src/usbd_ioreq.o
 .debug_info    0x000000000000c2a6       0x86 ./Loader/ARMCM4_STM32F4/GCC/cpu_comp.o
 .debug_info    0x000000000000c32c      0x42d ./Loader/ARMCM4_STM32F4/cpu.o
 .debug_info    0x000000000000c759      0x735 ./Loader/ARMCM4_STM32F4/flash.o
 .debug_info    0x000000000000ce8e      0x1fa ./Loader/ARMCM4_STM32F4/nvm.o
 .debug_info    0x000000000000d088      0x170 ./Loader/ARMCM4_STM32F4/timer.o
 .debug_info    0x000000000000d1f8     0x10ed ./Loader/ARMCM4_STM32F4/usb.o
 .debug_info    0x000000000000e2e5       0xbd ./Loader/asserts.o
 .debug_info    0x000000000000e3a2      0x142 ./Loader/backdoor.o
 .debug_info    0x000000000000e4e4       0xd6 ./Loader/boot.o
 .debug_info    0x000000000000e5ba      0x26d ./Loader/com.o
 .debug_info    0x000000000000e827       0x86 ./Loader/cop.o
 .debug_info    0x000000000000e8ad      0x6df ./Loader/xcp.o
 .debug_info    0x000000000000ef8c      0x8e4 ./USB_DEVICE/App/usbd_bulk.o
 .debug_info    0x000000000000f870      0x4fc ./USB_DEVICE/App/usbd_desc.o
 .debug_info    0x000000000000fd6c     0x1668 ./USB_DEVICE/Target/usbd_conf.o

.debug_abbrev   0x0000000000000000     0x3f83
 .debug_abbrev  0x0000000000000000       0x5a ./App/app.o
 .debug_abbrev  0x000000000000005a      0x1c4 ./App/hooks.o
 .debug_abbrev  0x000000000000021e      0x16a ./App/led.o
 .debug_abbrev  0x0000000000000388      0x2cb ./Core/Src/main.o
 .debug_abbrev  0x0000000000000653      0x1c1 ./Core/Src/stm32f4xx_hal_msp.o
 .debug_abbrev  0x0000000000000814       0xad ./Core/Src/stm32f4xx_it.o
 .debug_abbrev  0x00000000000008c1      0x116 ./Core/Src/system_stm32f4xx.o
 .debug_abbrev  0x00000000000009d7       0x12 ./Core/Startup/startup_stm32f407vetx.o
 .debug_abbrev  0x00000000000009e9      0x20d ./Drivers/STM32F4xx_HAL_Driver/Src/stm32f4xx_hal.o
 .debug_abbrev  0x0000000000000bf6      0x316 ./Drivers/STM32F4xx_HAL_Driver/Src/stm32f4xx_hal_cortex.o
 .debug_abbrev  0x0000000000000f0c      0x281 ./Drivers/STM32F4xx_HAL_Driver/Src/stm32f4xx_hal_flash.o
 .debug_abbrev  0x000000000000118d      0x240 ./Drivers/STM32F4xx_HAL_Driver/Src/stm32f4xx_hal_flash_ex.o
 .debug_abbrev  0x00000000000013cd      0x1c4 ./Drivers/STM32F4xx_HAL_Driver/Src/stm32f4xx_hal_gpio.o
 .debug_abbrev  0x0000000000001591      0x2bb ./Drivers/STM32F4xx_HAL_Driver/Src/stm32f4xx_hal_pcd.o
 .debug_abbrev  0x000000000000184c      0x1ce ./Drivers/STM32F4xx_HAL_Driver/Src/stm32f4xx_hal_pcd_ex.o
 .debug_abbrev  0x0000000000001a1a      0x2aa ./Drivers/STM32F4xx_HAL_Driver/Src/stm32f4xx_hal_rcc.o
 .debug_abbrev  0x0000000000001cc4      0x20e ./Drivers/STM32F4xx_HAL_Driver/Src/stm32f4xx_ll_gpio.o
 .debug_abbrev  0x0000000000001ed2      0x296 ./Drivers/STM32F4xx_HAL_Driver/Src/stm32f4xx_ll_usb.o
 .debug_abbrev  0x0000000000002168      0x219 ./Drivers/STM32F4xx_HAL_Driver/Src/stm32f4xx_ll_utils.o
 .debug_abbrev  0x0000000000002381      0x245 ./Library/STM32_USB_Device_Library/Core/Src/usbd_core.o
 .debug_abbrev  0x00000000000025c6      0x275 ./Library/STM32_USB_Device_Library/Core/Src/usbd_ctlreq.o
 .debug_abbrev  0x000000000000283b      0x1a3 ./Library/STM32_USB_Device_Library/Core/Src/usbd_ioreq.o
 .debug_abbrev  0x00000000000029de       0x47 ./Loader/ARMCM4_STM32F4/GCC/cpu_comp.o
 .debug_abbrev  0x0000000000002a25      0x16a ./Loader/ARMCM4_STM32F4/cpu.o
 .debug_abbrev  0x0000000000002b8f      0x213 ./Loader/ARMCM4_STM32F4/flash.o
 .debug_abbrev  0x0000000000002da2      0x101 ./Loader/ARMCM4_STM32F4/nvm.o
 .debug_abbrev  0x0000000000002ea3       0xeb ./Loader/ARMCM4_STM32F4/timer.o
 .debug_abbrev  0x0000000000002f8e      0x321 ./Loader/ARMCM4_STM32F4/usb.o
 .debug_abbrev  0x00000000000032af       0x85 ./Loader/asserts.o
 .debug_abbrev  0x0000000000003334       0xd8 ./Loader/backdoor.o
 .debug_abbrev  0x000000000000340c       0x5a ./Loader/boot.o
 .debug_abbrev  0x0000000000003466      0x184 ./Loader/com.o
 .debug_abbrev  0x00000000000035ea       0x47 ./Loader/cop.o
 .debug_abbrev  0x0000000000003631      0x237 ./Loader/xcp.o
 .debug_abbrev  0x0000000000003868      0x292 ./USB_DEVICE/App/usbd_bulk.o
 .debug_abbrev  0x0000000000003afa      0x1e1 ./USB_DEVICE/App/usbd_desc.o
 .debug_abbrev  0x0000000000003cdb      0x2a8 ./USB_DEVICE/Target/usbd_conf.o

.debug_aranges  0x0000000000000000     0x1238
 .debug_aranges
                0x0000000000000000       0x28 ./App/app.o
 .debug_aranges
                0x0000000000000028       0x58 ./App/hooks.o
 .debug_aranges
                0x0000000000000080       0x40 ./App/led.o
 .debug_aranges
                0x00000000000000c0       0xc8 ./Core/Src/main.o
 .debug_aranges
                0x0000000000000188       0x30 ./Core/Src/stm32f4xx_hal_msp.o
 .debug_aranges
                0x00000000000001b8       0x60 ./Core/Src/stm32f4xx_it.o
 .debug_aranges
                0x0000000000000218       0x28 ./Core/Src/system_stm32f4xx.o
 .debug_aranges
                0x0000000000000240       0x28 ./Core/Startup/startup_stm32f407vetx.o
 .debug_aranges
                0x0000000000000268       0xf0 ./Drivers/STM32F4xx_HAL_Driver/Src/stm32f4xx_hal.o
 .debug_aranges
                0x0000000000000358      0x118 ./Drivers/STM32F4xx_HAL_Driver/Src/stm32f4xx_hal_cortex.o
 .debug_aranges
                0x0000000000000470       0xa0 ./Drivers/STM32F4xx_HAL_Driver/Src/stm32f4xx_hal_flash.o
 .debug_aranges
                0x0000000000000510       0x98 ./Drivers/STM32F4xx_HAL_Driver/Src/stm32f4xx_hal_flash_ex.o
 .debug_aranges
                0x00000000000005a8       0x58 ./Drivers/STM32F4xx_HAL_Driver/Src/stm32f4xx_hal_gpio.o
 .debug_aranges
                0x0000000000000600      0x148 ./Drivers/STM32F4xx_HAL_Driver/Src/stm32f4xx_hal_pcd.o
 .debug_aranges
                0x0000000000000748       0x38 ./Drivers/STM32F4xx_HAL_Driver/Src/stm32f4xx_hal_pcd_ex.o
 .debug_aranges
                0x0000000000000780       0x88 ./Drivers/STM32F4xx_HAL_Driver/Src/stm32f4xx_hal_rcc.o
 .debug_aranges
                0x0000000000000808       0x70 ./Drivers/STM32F4xx_HAL_Driver/Src/stm32f4xx_ll_gpio.o
 .debug_aranges
                0x0000000000000878      0x1a0 ./Drivers/STM32F4xx_HAL_Driver/Src/stm32f4xx_ll_usb.o
 .debug_aranges
                0x0000000000000a18       0xf8 ./Drivers/STM32F4xx_HAL_Driver/Src/stm32f4xx_ll_utils.o
 .debug_aranges
                0x0000000000000b10       0xb8 ./Library/STM32_USB_Device_Library/Core/Src/usbd_core.o
 .debug_aranges
                0x0000000000000bc8       0x90 ./Library/STM32_USB_Device_Library/Core/Src/usbd_ctlreq.o
 .debug_aranges
                0x0000000000000c58       0x50 ./Library/STM32_USB_Device_Library/Core/Src/usbd_ioreq.o
 .debug_aranges
                0x0000000000000ca8       0x28 ./Loader/ARMCM4_STM32F4/GCC/cpu_comp.o
 .debug_aranges
                0x0000000000000cd0       0x38 ./Loader/ARMCM4_STM32F4/cpu.o
 .debug_aranges
                0x0000000000000d08       0x90 ./Loader/ARMCM4_STM32F4/flash.o
 .debug_aranges
                0x0000000000000d98       0x50 ./Loader/ARMCM4_STM32F4/nvm.o
 .debug_aranges
                0x0000000000000de8       0x40 ./Loader/ARMCM4_STM32F4/timer.o
 .debug_aranges
                0x0000000000000e28       0x80 ./Loader/ARMCM4_STM32F4/usb.o
 .debug_aranges
                0x0000000000000ea8       0x20 ./Loader/asserts.o
 .debug_aranges
                0x0000000000000ec8       0x40 ./Loader/backdoor.o
 .debug_aranges
                0x0000000000000f08       0x28 ./Loader/boot.o
 .debug_aranges
                0x0000000000000f30       0x50 ./Loader/com.o
 .debug_aranges
                0x0000000000000f80       0x28 ./Loader/cop.o
 .debug_aranges
                0x0000000000000fa8       0xe0 ./Loader/xcp.o
 .debug_aranges
                0x0000000000001088       0x60 ./USB_DEVICE/App/usbd_bulk.o
 .debug_aranges
                0x00000000000010e8       0x68 ./USB_DEVICE/App/usbd_desc.o
 .debug_aranges
                0x0000000000001150       0xe8 ./USB_DEVICE/Target/usbd_conf.o

.debug_ranges   0x0000000000000000      0xff0
 .debug_ranges  0x0000000000000000       0x18 ./App/app.o
 .debug_ranges  0x0000000000000018       0x48 ./App/hooks.o
 .debug_ranges  0x0000000000000060       0x30 ./App/led.o
 .debug_ranges  0x0000000000000090       0xb8 ./Core/Src/main.o
 .debug_ranges  0x0000000000000148       0x20 ./Core/Src/stm32f4xx_hal_msp.o
 .debug_ranges  0x0000000000000168       0x50 ./Core/Src/stm32f4xx_it.o
 .debug_ranges  0x00000000000001b8       0x18 ./Core/Src/system_stm32f4xx.o
 .debug_ranges  0x00000000000001d0       0x20 ./Core/Startup/startup_stm32f407vetx.o
 .debug_ranges  0x00000000000001f0       0xe0 ./Drivers/STM32F4xx_HAL_Driver/Src/stm32f4xx_hal.o
 .debug_ranges  0x00000000000002d0      0x108 ./Drivers/STM32F4xx_HAL_Driver/Src/stm32f4xx_hal_cortex.o
 .debug_ranges  0x00000000000003d8       0x90 ./Drivers/STM32F4xx_HAL_Driver/Src/stm32f4xx_hal_flash.o
 .debug_ranges  0x0000000000000468       0x88 ./Drivers/STM32F4xx_HAL_Driver/Src/stm32f4xx_hal_flash_ex.o
 .debug_ranges  0x00000000000004f0       0x48 ./Drivers/STM32F4xx_HAL_Driver/Src/stm32f4xx_hal_gpio.o
 .debug_ranges  0x0000000000000538      0x138 ./Drivers/STM32F4xx_HAL_Driver/Src/stm32f4xx_hal_pcd.o
 .debug_ranges  0x0000000000000670       0x28 ./Drivers/STM32F4xx_HAL_Driver/Src/stm32f4xx_hal_pcd_ex.o
 .debug_ranges  0x0000000000000698       0x78 ./Drivers/STM32F4xx_HAL_Driver/Src/stm32f4xx_hal_rcc.o
 .debug_ranges  0x0000000000000710       0x60 ./Drivers/STM32F4xx_HAL_Driver/Src/stm32f4xx_ll_gpio.o
 .debug_ranges  0x0000000000000770      0x190 ./Drivers/STM32F4xx_HAL_Driver/Src/stm32f4xx_ll_usb.o
 .debug_ranges  0x0000000000000900       0xe8 ./Drivers/STM32F4xx_HAL_Driver/Src/stm32f4xx_ll_utils.o
 .debug_ranges  0x00000000000009e8       0xa8 ./Library/STM32_USB_Device_Library/Core/Src/usbd_core.o
 .debug_ranges  0x0000000000000a90       0x80 ./Library/STM32_USB_Device_Library/Core/Src/usbd_ctlreq.o
 .debug_ranges  0x0000000000000b10       0x40 ./Library/STM32_USB_Device_Library/Core/Src/usbd_ioreq.o
 .debug_ranges  0x0000000000000b50       0x18 ./Loader/ARMCM4_STM32F4/GCC/cpu_comp.o
 .debug_ranges  0x0000000000000b68       0x28 ./Loader/ARMCM4_STM32F4/cpu.o
 .debug_ranges  0x0000000000000b90       0x80 ./Loader/ARMCM4_STM32F4/flash.o
 .debug_ranges  0x0000000000000c10       0x40 ./Loader/ARMCM4_STM32F4/nvm.o
 .debug_ranges  0x0000000000000c50       0x30 ./Loader/ARMCM4_STM32F4/timer.o
 .debug_ranges  0x0000000000000c80       0x70 ./Loader/ARMCM4_STM32F4/usb.o
 .debug_ranges  0x0000000000000cf0       0x10 ./Loader/asserts.o
 .debug_ranges  0x0000000000000d00       0x30 ./Loader/backdoor.o
 .debug_ranges  0x0000000000000d30       0x18 ./Loader/boot.o
 .debug_ranges  0x0000000000000d48       0x40 ./Loader/com.o
 .debug_ranges  0x0000000000000d88       0x18 ./Loader/cop.o
 .debug_ranges  0x0000000000000da0       0xd0 ./Loader/xcp.o
 .debug_ranges  0x0000000000000e70       0x50 ./USB_DEVICE/App/usbd_bulk.o
 .debug_ranges  0x0000000000000ec0       0x58 ./USB_DEVICE/App/usbd_desc.o
 .debug_ranges  0x0000000000000f18       0xd8 ./USB_DEVICE/Target/usbd_conf.o

.debug_macro    0x0000000000000000    0x24e58
 .debug_macro   0x0000000000000000       0x91 ./App/app.o
 .debug_macro   0x0000000000000091      0xa7e ./App/app.o
 .debug_macro   0x0000000000000b0f       0x1c ./App/app.o
 .debug_macro   0x0000000000000b2b       0x1c ./App/app.o