Archive member included to satisfy reference by file (symbol)

c:/st/stm32cubeide_1.12.0/stm32cubeide/plugins/com.st.stm32cube.ide.mcu.externaltools.gnu-tools-for-stm32.10.3-2021.10.win32_1.0.200.202301161003/tools/bin/../lib/gcc/arm-none-eabi/10.3.1/../../../../arm-none-eabi/lib/thumb/v7e-m+fp/hard\libc_nano.a(lib_a-errno.o)
                              ./Core/Src/syscalls.o (__errno)
c:/st/stm32cubeide_1.12.0/stm32cubeide/plugins/com.st.stm32cube.ide.mcu.externaltools.gnu-tools-for-stm32.10.3-2021.10.win32_1.0.200.202301161003/tools/bin/../lib/gcc/arm-none-eabi/10.3.1/../../../../arm-none-eabi/lib/thumb/v7e-m+fp/hard\libc_nano.a(lib_a-exit.o)
                              c:/st/stm32cubeide_1.12.0/stm32cubeide/plugins/com.st.stm32cube.ide.mcu.externaltools.gnu-tools-for-stm32.10.3-2021.10.win32_1.0.200.202301161003/tools/bin/../lib/gcc/arm-none-eabi/10.3.1/../../../../arm-none-eabi/lib/thumb/v7e-m+fp/hard/crt0.o (exit)
c:/st/stm32cubeide_1.12.0/stm32cubeide/plugins/com.st.stm32cube.ide.mcu.externaltools.gnu-tools-for-stm32.10.3-2021.10.win32_1.0.200.202301161003/tools/bin/../lib/gcc/arm-none-eabi/10.3.1/../../../../arm-none-eabi/lib/thumb/v7e-m+fp/hard\libc_nano.a(lib_a-impure.o)
                              c:/st/stm32cubeide_1.12.0/stm32cubeide/plugins/com.st.stm32cube.ide.mcu.externaltools.gnu-tools-for-stm32.10.3-2021.10.win32_1.0.200.202301161003/tools/bin/../lib/gcc/arm-none-eabi/10.3.1/../../../../arm-none-eabi/lib/thumb/v7e-m+fp/hard\libc_nano.a(lib_a-exit.o) (_global_impure_ptr)
c:/st/stm32cubeide_1.12.0/stm32cubeide/plugins/com.st.stm32cube.ide.mcu.externaltools.gnu-tools-for-stm32.10.3-2021.10.win32_1.0.200.202301161003/tools/bin/../lib/gcc/arm-none-eabi/10.3.1/../../../../arm-none-eabi/lib/thumb/v7e-m+fp/hard\libc_nano.a(lib_a-init.o)
                              c:/st/stm32cubeide_1.12.0/stm32cubeide/plugins/com.st.stm32cube.ide.mcu.externaltools.gnu-tools-for-stm32.10.3-2021.10.win32_1.0.200.202301161003/tools/bin/../lib/gcc/arm-none-eabi/10.3.1/../../../../arm-none-eabi/lib/thumb/v7e-m+fp/hard/crt0.o (__libc_init_array)
c:/st/stm32cubeide_1.12.0/stm32cubeide/plugins/com.st.stm32cube.ide.mcu.externaltools.gnu-tools-for-stm32.10.3-2021.10.win32_1.0.200.202301161003/tools/bin/../lib/gcc/arm-none-eabi/10.3.1/../../../../arm-none-eabi/lib/thumb/v7e-m+fp/hard\libc_nano.a(lib_a-memset.o)
                              c:/st/stm32cubeide_1.12.0/stm32cubeide/plugins/com.st.stm32cube.ide.mcu.externaltools.gnu-tools-for-stm32.10.3-2021.10.win32_1.0.200.202301161003/tools/bin/../lib/gcc/arm-none-eabi/10.3.1/../../../../arm-none-eabi/lib/thumb/v7e-m+fp/hard/crt0.o (memset)
c:/st/stm32cubeide_1.12.0/stm32cubeide/plugins/com.st.stm32cube.ide.mcu.externaltools.gnu-tools-for-stm32.10.3-2021.10.win32_1.0.200.202301161003/tools/bin/../lib/gcc/arm-none-eabi/10.3.1/thumb/v7e-m+fp/hard\libgcc.a(_aeabi_uldivmod.o)
                              ./Drivers/STM32F4xx_HAL_Driver/Src/stm32f4xx_hal_rcc.o (__aeabi_uldivmod)
c:/st/stm32cubeide_1.12.0/stm32cubeide/plugins/com.st.stm32cube.ide.mcu.externaltools.gnu-tools-for-stm32.10.3-2021.10.win32_1.0.200.202301161003/tools/bin/../lib/gcc/arm-none-eabi/10.3.1/thumb/v7e-m+fp/hard\libgcc.a(_udivmoddi4.o)
                              c:/st/stm32cubeide_1.12.0/stm32cubeide/plugins/com.st.stm32cube.ide.mcu.externaltools.gnu-tools-for-stm32.10.3-2021.10.win32_1.0.200.202301161003/tools/bin/../lib/gcc/arm-none-eabi/10.3.1/thumb/v7e-m+fp/hard\libgcc.a(_aeabi_uldivmod.o) (__udivmoddi4)
c:/st/stm32cubeide_1.12.0/stm32cubeide/plugins/com.st.stm32cube.ide.mcu.externaltools.gnu-tools-for-stm32.10.3-2021.10.win32_1.0.200.202301161003/tools/bin/../lib/gcc/arm-none-eabi/10.3.1/thumb/v7e-m+fp/hard\libgcc.a(_dvmd_tls.o)
                              c:/st/stm32cubeide_1.12.0/stm32cubeide/plugins/com.st.stm32cube.ide.mcu.externaltools.gnu-tools-for-stm32.10.3-2021.10.win32_1.0.200.202301161003/tools/bin/../lib/gcc/arm-none-eabi/10.3.1/thumb/v7e-m+fp/hard\libgcc.a(_aeabi_uldivmod.o) (__aeabi_ldiv0)

Discarded input sections

 .text          0x0000000000000000        0x0 c:/st/stm32cubeide_1.12.0/stm32cubeide/plugins/com.st.stm32cube.ide.mcu.externaltools.gnu-tools-for-stm32.10.3-2021.10.win32_1.0.200.202301161003/tools/bin/../lib/gcc/arm-none-eabi/10.3.1/thumb/v7e-m+fp/hard/crti.o
 .data          0x0000000000000000        0x0 c:/st/stm32cubeide_1.12.0/stm32cubeide/plugins/com.st.stm32cube.ide.mcu.externaltools.gnu-tools-for-stm32.10.3-2021.10.win32_1.0.200.202301161003/tools/bin/../lib/gcc/arm-none-eabi/10.3.1/thumb/v7e-m+fp/hard/crti.o
 .bss           0x0000000000000000        0x0 c:/st/stm32cubeide_1.12.0/stm32cubeide/plugins/com.st.stm32cube.ide.mcu.externaltools.gnu-tools-for-stm32.10.3-2021.10.win32_1.0.200.202301161003/tools/bin/../lib/gcc/arm-none-eabi/10.3.1/thumb/v7e-m+fp/hard/crti.o
[...]
Memory Configuration

Name             Origin             Length             Attributes
CCMRAM           0x0000000010000000 0x0000000000010000 xrw
RAM              0x0000000020000000 0x0000000000020000 xrw
FLASH            0x0000000008000000 0x0000000000080000 xr
*default*        0x0000000000000000 0xffffffffffffffff

Linker script and memory map

LOAD c:/st/stm32cubeide_1.12.0/stm32cubeide/plugins/com.st.stm32cube.ide.mcu.externaltools.gnu-tools-for-stm32.10.3-2021.10.win32_1.0.200.202301161003/tools/bin/../lib/gcc/arm-none-eabi/10.3.1/thumb/v7e-m+fp/hard/crti.o
LOAD c:/st/stm32cubeide_1.12.0/stm32cubeide/plugins/com.st.stm32cube.ide.mcu.externaltools.gnu-tools-for-stm32.10.3-2021.10.win32_1.0.200.202301161003/tools/bin/../lib/gcc/arm-none-eabi/10.3.1/thumb/v7e-m+fp/hard/crtbegin.o
LOAD c:/st/stm32cubeide_1.12.0/stm32cubeide/plugins/com.st.stm32cube.ide.mcu.externaltools.gnu-tools-for-stm32.10.3-2021.10.win32_1.0.200.202301161003/tools/bin/../lib/gcc/arm-none-eabi/10.3.1/../../../../arm-none-eabi/lib/thumb/v7e-m+fp/hard/crt0.o
LOAD ./App/app.o
LOAD ./App/hooks.o
LOAD ./App/led.o
LOAD ./Core/Src/main.o
LOAD ./Core/Src/stm32f4xx_hal_msp.o
LOAD ./Core/Src/stm32f4xx_it.o
LOAD ./Core/Src/syscalls.o
LOAD ./Core/Src/sysmem.o
LOAD ./Core/Src/system_stm32f4xx.o
LOAD ./Core/Startup/startup_stm32f407vetx.o
LOAD ./Drivers/STM32F4xx_HAL_Driver/Src/stm32f4xx_hal.o
LOAD ./Drivers/STM32F4xx_HAL_Driver/Src/stm32f4xx_hal_cortex.o
LOAD ./Drivers/STM32F4xx_HAL_Driver/Src/stm32f4xx_hal_dma.o
LOAD ./Drivers/STM32F4xx_HAL_Driver/Src/stm32f4xx_hal_dma_ex.o
LOAD ./Drivers/STM32F4xx_HAL_Driver/Src/stm32f4xx_hal_exti.o
LOAD ./Drivers/STM32F4xx_HAL_Driver/Src/stm32f4xx_hal_flash.o
LOAD ./Drivers/STM32F4xx_HAL_Driver/Src/stm32f4xx_hal_flash_ex.o
LOAD ./Drivers/STM32F4xx_HAL_Driver/Src/stm32f4xx_hal_flash_ramfunc.o
LOAD ./Drivers/STM32F4xx_HAL_Driver/Src/stm32f4xx_hal_gpio.o
LOAD ./Drivers/STM32F4xx_HAL_Driver/Src/stm32f4xx_hal_pcd.o
LOAD ./Drivers/STM32F4xx_HAL_Driver/Src/stm32f4xx_hal_pcd_ex.o
LOAD ./Drivers/STM32F4xx_HAL_Driver/Src/stm32f4xx_hal_pwr.o
LOAD ./Drivers/STM32F4xx_HAL_Driver/Src/stm32f4xx_hal_pwr_ex.o
LOAD ./Drivers/STM32F4xx_HAL_Driver/Src/stm32f4xx_hal_rcc.o
LOAD ./Drivers/STM32F4xx_HAL_Driver/Src/stm32f4xx_hal_rcc_ex.o
LOAD ./Drivers/STM32F4xx_HAL_Driver/Src/stm32f4xx_hal_tim.o
LOAD ./Drivers/STM32F4xx_HAL_Driver/Src/stm32f4xx_hal_tim_ex.o
LOAD ./Drivers/STM32F4xx_HAL_Driver/Src/stm32f4xx_ll_dma.o
LOAD ./Drivers/STM32F4xx_HAL_Driver/Src/stm32f4xx_ll_exti.o
LOAD ./Drivers/STM32F4xx_HAL_Driver/Src/stm32f4xx_ll_gpio.o
LOAD ./Drivers/STM32F4xx_HAL_Driver/Src/stm32f4xx_ll_rcc.o
LOAD ./Drivers/STM32F4xx_HAL_Driver/Src/stm32f4xx_ll_spi.o
LOAD ./Drivers/STM32F4xx_HAL_Driver/Src/stm32f4xx_ll_usart.o
LOAD ./Drivers/STM32F4xx_HAL_Driver/Src/stm32f4xx_ll_usb.o
LOAD ./Drivers/STM32F4xx_HAL_Driver/Src/stm32f4xx_ll_utils.o
LOAD ./Library/FatFS/mmc.o
LOAD ./Library/STM32_USB_Device_Library/Core/Src/usbd_core.o
LOAD ./Library/STM32_USB_Device_Library/Core/Src/usbd_ctlreq.o
LOAD ./Library/STM32_USB_Device_Library/Core/Src/usbd_ioreq.o
LOAD ./Loader/ARMCM4_STM32F4/GCC/cpu_comp.o
LOAD ./Loader/ARMCM4_STM32F4/can.o
LOAD ./Loader/ARMCM4_STM32F4/cpu.o
LOAD ./Loader/ARMCM4_STM32F4/flash.o
LOAD ./Loader/ARMCM4_STM32F4/nvm.o
LOAD ./Loader/ARMCM4_STM32F4/rs232.o
LOAD ./Loader/ARMCM4_STM32F4/timer.o
LOAD ./Loader/ARMCM4_STM32F4/usb.o
LOAD ./Loader/asserts.o
LOAD ./Loader/backdoor.o
LOAD ./Loader/boot.o
LOAD ./Loader/com.o
LOAD ./Loader/cop.o
LOAD ./Loader/file.o
LOAD ./Loader/net.o
LOAD ./Loader/xcp.o
LOAD ./Loader/third_party/fatfs/src/ff.o
LOAD ./Loader/third_party/fatfs/src/option/ccsbcs.o
LOAD ./Loader/third_party/fatfs/src/option/syscall.o
LOAD ./Loader/third_party/fatfs/src/option/unicode.o
LOAD ./USB_DEVICE/App/usbd_bulk.o
LOAD ./USB_DEVICE/App/usbd_desc.o
LOAD ./USB_DEVICE/Target/usbd_conf.o
START GROUP
LOAD c:/st/stm32cubeide_1.12.0/stm32cubeide/plugins/com.st.stm32cube.ide.mcu.externaltools.gnu-tools-for-stm32.10.3-2021.10.win32_1.0.200.202301161003/tools/bin/../lib/gcc/arm-none-eabi/10.3.1/../../../../arm-none-eabi/lib/thumb/v7e-m+fp/hard\libc_nano.a
LOAD c:/st/stm32cubeide_1.12.0/stm32cubeide/plugins/com.st.stm32cube.ide.mcu.externaltools.gnu-tools-for-stm32.10.3-2021.10.win32_1.0.200.202301161003/tools/bin/../lib/gcc/arm-none-eabi/10.3.1/../../../../arm-none-eabi/lib/thumb/v7e-m+fp/hard\libm.a
END GROUP
START GROUP
LOAD c:/st/stm32cubeide_1.12.0/stm32cubeide/plugins/com.st.stm32cube.ide.mcu.externaltools.gnu-tools-for-stm32.10.3-2021.10.win32_1.0.200.202301161003/tools/bin/../lib/gcc/arm-none-eabi/10.3.1/thumb/v7e-m+fp/hard\libgcc.a
LOAD c:/st/stm32cubeide_1.12.0/stm32cubeide/plugins/com.st.stm32cube.ide.mcu.externaltools.gnu-tools-for-stm32.10.3-2021.10.win32_1.0.200.202301161003/tools/bin/../lib/gcc/arm-none-eabi/10.3.1/../../../../arm-none-eabi/lib/thumb/v7e-m+fp/hard\libc_nano.a
END GROUP
START GROUP
LOAD c:/st/stm32cubeide_1.12.0/stm32cubeide/plugins/com.st.stm32cube.ide.mcu.externaltools.gnu-tools-for-stm32.10.3-2021.10.win32_1.0.200.202301161003/tools/bin/../lib/gcc/arm-none-eabi/10.3.1/thumb/v7e-m+fp/hard\libgcc.a
LOAD c:/st/stm32cubeide_1.12.0/stm32cubeide/plugins/com.st.stm32cube.ide.mcu.externaltools.gnu-tools-for-stm32.10.3-2021.10.win32_1.0.200.202301161003/tools/bin/../lib/gcc/arm-none-eabi/10.3.1/../../../../arm-none-eabi/lib/thumb/v7e-m+fp/hard\libc_nano.a
LOAD c:/st/stm32cubeide_1.12.0/stm32cubeide/plugins/com.st.stm32cube.ide.mcu.externaltools.gnu-tools-for-stm32.10.3-2021.10.win32_1.0.200.202301161003/tools/bin/../lib/gcc/arm-none-eabi/10.3.1/../../../../arm-none-eabi/lib/thumb/v7e-m+fp/hard\libnosys.a
END GROUP
START GROUP
LOAD c:/st/stm32cubeide_1.12.0/stm32cubeide/plugins/com.st.stm32cube.ide.mcu.externaltools.gnu-tools-for-stm32.10.3-2021.10.win32_1.0.200.202301161003/tools/bin/../lib/gcc/arm-none-eabi/10.3.1/thumb/v7e-m+fp/hard\libgcc.a
LOAD c:/st/stm32cubeide_1.12.0/stm32cubeide/plugins/com.st.stm32cube.ide.mcu.externaltools.gnu-tools-for-stm32.10.3-2021.10.win32_1.0.200.202301161003/tools/bin/../lib/gcc/arm-none-eabi/10.3.1/../../../../arm-none-eabi/lib/thumb/v7e-m+fp/hard\libc_nano.a
LOAD c:/st/stm32cubeide_1.12.0/stm32cubeide/plugins/com.st.stm32cube.ide.mcu.externaltools.gnu-tools-for-stm32.10.3-2021.10.win32_1.0.200.202301161003/tools/bin/../lib/gcc/arm-none-eabi/10.3.1/../../../../arm-none-eabi/lib/thumb/v7e-m+fp/hard\libnosys.a
END GROUP
LOAD c:/st/stm32cubeide_1.12.0/stm32cubeide/plugins/com.st.stm32cube.ide.mcu.externaltools.gnu-tools-for-stm32.10.3-2021.10.win32_1.0.200.202301161003/tools/bin/../lib/gcc/arm-none-eabi/10.3.1/thumb/v7e-m+fp/hard/crtend.o
LOAD c:/st/stm32cubeide_1.12.0/stm32cubeide/plugins/com.st.stm32cube.ide.mcu.externaltools.gnu-tools-for-stm32.10.3-2021.10.win32_1.0.200.202301161003/tools/bin/../lib/gcc/arm-none-eabi/10.3.1/thumb/v7e-m+fp/hard/crtn.o
                0x0000000020020000                _estack = (ORIGIN (RAM) + LENGTH (RAM))
                0x0000000000000200                _Min_Heap_Size = 0x200
                0x0000000000000400                _Min_Stack_Size = 0x400

.isr_vector     0x0000000008000000      0x188
                0x0000000008000000                . = ALIGN (0x4)
 *(.isr_vector)
 .isr_vector    0x0000000008000000      0x188 ./Core/Startup/startup_stm32f407vetx.o
                0x0000000008000000                g_pfnVectors
                0x0000000008000188                . = ALIGN (0x4)

.text           0x0000000008000188     0x9100
                0x0000000008000188                . = ALIGN (0x4)
 *(.text)
 .text          0x0000000008000188       0x40 c:/st/stm32cubeide_1.12.0/stm32cubeide/plugins/com.st.stm32cube.ide.mcu.externaltools.gnu-tools-for-stm32.10.3-2021.10.win32_1.0.200.202301161003/tools/bin/../lib/gcc/arm-none-eabi/10.3.1/thumb/v7e-m+fp/hard/crtbegin.o
 .text          0x00000000080001c8       0x30 c:/st/stm32cubeide_1.12.0/stm32cubeide/plugins/com.st.stm32cube.ide.mcu.externaltools.gnu-tools-for-stm32.10.3-2021.10.win32_1.0.200.202301161003/tools/bin/../lib/gcc/arm-none-eabi/10.3.1/thumb/v7e-m+fp/hard\libgcc.a(_aeabi_uldivmod.o)
                0x00000000080001c8                __aeabi_uldivmod
 .text          0x00000000080001f8      0x2d0 c:/st/stm32cubeide_1.12.0/stm32cubeide/plugins/com.st.stm32cube.ide.mcu.externaltools.gnu-tools-for-stm32.10.3-2021.10.win32_1.0.200.202301161003/tools/bin/../lib/gcc/arm-none-eabi/10.3.1/thumb/v7e-m+fp/hard\libgcc.a(_udivmoddi4.o)
                0x00000000080001f8                __udivmoddi4
 .text          0x00000000080004c8        0x4 c:/st/stm32cubeide_1.12.0/stm32cubeide/plugins/com.st.stm32cube.ide.mcu.externaltools.gnu-tools-for-stm32.10.3-2021.10.win32_1.0.200.202301161003/tools/bin/../lib/gcc/arm-none-eabi/10.3.1/thumb/v7e-m+fp/hard\libgcc.a(_dvmd_tls.o)
                0x00000000080004c8                __aeabi_idiv0
                0x00000000080004c8                __aeabi_ldiv0
 *(.text*)
 .text.AppInit  0x00000000080004cc        0xc ./App/app.o
                0x00000000080004cc                AppInit
 .text.AppTask  0x00000000080004d8        0xc ./App/app.o
                0x00000000080004d8                AppTask
 .text.LL_GPIO_IsInputPinSet
                0x00000000080004e4       0x2a ./App/hooks.o
 .text.LL_GPIO_SetOutputPin
                0x000000000800050e       0x1c ./App/hooks.o
 .text.LL_GPIO_ResetOutputPin
                0x000000000800052a       0x1e ./App/hooks.o
 .text.LL_AHB1_GRP1_EnableClock
                0x0000000008000548       0x30 ./App/hooks.o
 .text.CpuUserProgramStartHook
                0x0000000008000578       0x24 ./App/hooks.o
                0x0000000008000578                CpuUserProgramStartHook
 .text.UsbConnectHook
                0x000000000800059c       0x6c ./App/hooks.o
                0x000000000800059c                UsbConnectHook
 .text.UsbEnterLowPowerModeHook
                0x0000000008000608        0xe ./App/hooks.o
                0x0000000008000608                UsbEnterLowPowerModeHook
 .text.UsbLeaveLowPowerModeHook
                0x0000000008000616        0xe ./App/hooks.o
                0x0000000008000616                UsbLeaveLowPowerModeHook
 .text.LL_GPIO_SetOutputPin
                0x0000000008000624       0x1c ./App/led.o
 .text.LedBlinkExit
                0x0000000008000640       0x18 ./App/led.o
                0x0000000008000640                LedBlinkExit
 .text.LL_RCC_HSE_Enable
                0x0000000008000658       0x20 ./Core/Src/main.o
 .text.LL_RCC_HSE_IsReady
                0x0000000008000678       0x28 ./Core/Src/main.o
 .text.LL_RCC_SetSysClkSource
                0x00000000080006a0       0x28 ./Core/Src/main.o
 .text.LL_RCC_GetSysClkSource
                0x00000000080006c8       0x1c ./Core/Src/main.o
 .text.LL_RCC_SetAHBPrescaler
                0x00000000080006e4       0x28 ./Core/Src/main.o
 .text.LL_RCC_SetAPB1Prescaler
                0x000000000800070c       0x28 ./Core/Src/main.o
 .text.LL_RCC_SetAPB2Prescaler
                0x0000000008000734       0x28 ./Core/Src/main.o
 .text.LL_RCC_PLL_Enable
                0x000000000800075c       0x20 ./Core/Src/main.o
 .text.LL_RCC_PLL_IsReady
                0x000000000800077c       0x28 ./Core/Src/main.o
 .text.LL_RCC_PLL_ConfigDomain_SYS
                0x00000000080007a4       0x4c ./Core/Src/main.o
 .text.LL_RCC_PLL_ConfigDomain_48M
                0x00000000080007f0       0x40 ./Core/Src/main.o
 .text.LL_AHB1_GRP1_EnableClock
                0x0000000008000830       0x30 ./Core/Src/main.o
 .text.LL_APB1_GRP1_EnableClock
                0x0000000008000860       0x30 ./Core/Src/main.o
 .text.LL_FLASH_SetLatency
                0x0000000008000890       0x28 ./Core/Src/main.o
 .text.LL_FLASH_GetLatency
                0x00000000080008b8       0x1c ./Core/Src/main.o
 .text.LL_PWR_SetRegulVoltageScaling
                0x00000000080008d4       0x28 ./Core/Src/main.o
 .text.LL_PWR_IsActiveFlag_VOS
                0x00000000080008fc       0x28 ./Core/Src/main.o
 .text.LL_USART_Enable
                0x0000000008000924       0x20 ./Core/Src/main.o
 .text.LL_USART_ConfigAsyncMode
                0x0000000008000944       0x2c ./Core/Src/main.o
 .text.LL_GPIO_ResetOutputPin
                0x0000000008000970       0x1e ./Core/Src/main.o
 .text.main     0x000000000800098e       0x1e ./Core/Src/main.o
                0x000000000800098e                main
 .text.SystemClock_Config
                0x00000000080009ac       0xb0 ./Core/Src/main.o
                0x00000000080009ac                SystemClock_Config
 .text.MX_USART2_UART_Init
                0x0000000008000a5c       0xa0 ./Core/Src/main.o
 .text.MX_GPIO_Init
                0x0000000008000afc       0xe0 ./Core/Src/main.o
 .text.Error_Handler
                0x0000000008000bdc        0xa ./Core/Src/main.o
                0x0000000008000bdc                Error_Handler
 *fill*         0x0000000008000be6        0x2 
 .text.HAL_MspInit
                0x0000000008000be8       0x50 ./Core/Src/stm32f4xx_hal_msp.o
                0x0000000008000be8                HAL_MspInit
 .text.HAL_PCD_MspInit
                0x0000000008000c38       0x98 ./Core/Src/stm32f4xx_hal_msp.o
                0x0000000008000c38                HAL_PCD_MspInit
 .text.HAL_PCD_MspDeInit
                0x0000000008000cd0       0x38 ./Core/Src/stm32f4xx_hal_msp.o
                0x0000000008000cd0                HAL_PCD_MspDeInit
 .text.NMI_Handler
                0x0000000008000d08        0x6 ./Core/Src/stm32f4xx_it.o
                0x0000000008000d08                NMI_Handler
 .text.HardFault_Handler
                0x0000000008000d0e        0x6 ./Core/Src/stm32f4xx_it.o
                0x0000000008000d0e                HardFault_Handler
 .text.MemManage_Handler
                0x0000000008000d14        0x6 ./Core/Src/stm32f4xx_it.o
                0x0000000008000d14                MemManage_Handler
 .text.BusFault_Handler
                0x0000000008000d1a        0x6 ./Core/Src/stm32f4xx_it.o
                0x0000000008000d1a                BusFault_Handler
 .text.UsageFault_Handler
                0x0000000008000d20        0x6 ./Core/Src/stm32f4xx_it.o
                0x0000000008000d20                UsageFault_Handler
 .text.SVC_Handler
                0x0000000008000d26        0xe ./Core/Src/stm32f4xx_it.o
                0x0000000008000d26                SVC_Handler
 .text.DebugMon_Handler
                0x0000000008000d34        0xe ./Core/Src/stm32f4xx_it.o
                0x0000000008000d34                DebugMon_Handler
 .text.PendSV_Handler
                0x0000000008000d42        0xe ./Core/Src/stm32f4xx_it.o
                0x0000000008000d42                PendSV_Handler
 .text.SysTick_Handler
                0x0000000008000d50        0xc ./Core/Src/stm32f4xx_it.o
                0x0000000008000d50                SysTick_Handler
 .text.SystemInit
                0x0000000008000d5c       0x24 ./Core/Src/system_stm32f4xx.o
                0x0000000008000d5c                SystemInit
 .text.Reset_Handler
                0x0000000008000d80       0x50 ./Core/Startup/startup_stm32f407vetx.o
                0x0000000008000d80                Reset_Handler
 .text.Default_Handler
                0x0000000008000dd0        0x2 ./Core/Startup/startup_stm32f407vetx.o
                0x0000000008000dd0                RTC_Alarm_IRQHandler
                0x0000000008000dd0                HASH_RNG_IRQHandler
                0x0000000008000dd0                EXTI2_IRQHandler
                0x0000000008000dd0                TIM8_CC_IRQHandler
                0x0000000008000dd0                TIM1_CC_IRQHandler
                0x0000000008000dd0                DMA2_Stream5_IRQHandler
                0x0000000008000dd0                DMA1_Stream5_IRQHandler
                0x0000000008000dd0                PVD_IRQHandler
                0x0000000008000dd0                SDIO_IRQHandler
                0x0000000008000dd0                TAMP_STAMP_IRQHandler
                0x0000000008000dd0                CAN2_RX1_IRQHandler
                0x0000000008000dd0                EXTI3_IRQHandler
                0x0000000008000dd0                TIM8_TRG_COM_TIM14_IRQHandler
                0x0000000008000dd0                TIM1_UP_TIM10_IRQHandler
                0x0000000008000dd0                TIM8_UP_TIM13_IRQHandler
                0x0000000008000dd0                I2C3_ER_IRQHandler
                0x0000000008000dd0                EXTI0_IRQHandler
                0x0000000008000dd0                I2C2_EV_IRQHandler
                0x0000000008000dd0                DMA1_Stream2_IRQHandler
                0x0000000008000dd0                CAN1_RX0_IRQHandler
                0x0000000008000dd0                FPU_IRQHandler
                0x0000000008000dd0                OTG_HS_WKUP_IRQHandler
                0x0000000008000dd0                CAN2_SCE_IRQHandler
                0x0000000008000dd0                DMA2_Stream2_IRQHandler
                0x0000000008000dd0                SPI1_IRQHandler
                0x0000000008000dd0                TIM6_DAC_IRQHandler
                0x0000000008000dd0                TIM1_BRK_TIM9_IRQHandler
                0x0000000008000dd0                DCMI_IRQHandler
                0x0000000008000dd0                CAN2_RX0_IRQHandler
                0x0000000008000dd0                DMA2_Stream3_IRQHandler
                0x0000000008000dd0                USART6_IRQHandler
                0x0000000008000dd0                USART3_IRQHandler
                0x0000000008000dd0                CAN1_RX1_IRQHandler
                0x0000000008000dd0                UART5_IRQHandler
                0x0000000008000dd0                DMA2_Stream0_IRQHandler
                0x0000000008000dd0                TIM4_IRQHandler
                0x0000000008000dd0                I2C1_EV_IRQHandler
                0x0000000008000dd0                DMA1_Stream6_IRQHandler
                0x0000000008000dd0                DMA1_Stream1_IRQHandler
                0x0000000008000dd0                UART4_IRQHandler
                0x0000000008000dd0                TIM3_IRQHandler
                0x0000000008000dd0                RCC_IRQHandler
                0x0000000008000dd0                TIM8_BRK_TIM12_IRQHandler
                0x0000000008000dd0                Default_Handler
                0x0000000008000dd0                EXTI15_10_IRQHandler
                0x0000000008000dd0                ADC_IRQHandler
                0x0000000008000dd0                DMA1_Stream7_IRQHandler
                0x0000000008000dd0                TIM7_IRQHandler
                0x0000000008000dd0                CAN2_TX_IRQHandler
                0x0000000008000dd0                TIM5_IRQHandler
                0x0000000008000dd0                DMA2_Stream7_IRQHandler
                0x0000000008000dd0                I2C3_EV_IRQHandler
                0x0000000008000dd0                EXTI9_5_IRQHandler
                0x0000000008000dd0                RTC_WKUP_IRQHandler
                0x0000000008000dd0                ETH_WKUP_IRQHandler
                0x0000000008000dd0                SPI2_IRQHandler
                0x0000000008000dd0                OTG_HS_EP1_IN_IRQHandler
                0x0000000008000dd0                DMA1_Stream0_IRQHandler
                0x0000000008000dd0                CAN1_TX_IRQHandler
                0x0000000008000dd0                EXTI4_IRQHandler
                0x0000000008000dd0                FSMC_IRQHandler
                0x0000000008000dd0                ETH_IRQHandler
                0x0000000008000dd0                OTG_HS_EP1_OUT_IRQHandler
                0x0000000008000dd0                WWDG_IRQHandler
                0x0000000008000dd0                TIM2_IRQHandler
                0x0000000008000dd0                OTG_FS_WKUP_IRQHandler
                0x0000000008000dd0                TIM1_TRG_COM_TIM11_IRQHandler
                0x0000000008000dd0                OTG_HS_IRQHandler
                0x0000000008000dd0                EXTI1_IRQHandler
                0x0000000008000dd0                USART2_IRQHandler
                0x0000000008000dd0                I2C2_ER_IRQHandler
                0x0000000008000dd0                DMA2_Stream1_IRQHandler
                0x0000000008000dd0                CAN1_SCE_IRQHandler
                0x0000000008000dd0                FLASH_IRQHandler
                0x0000000008000dd0                DMA2_Stream4_IRQHandler
                0x0000000008000dd0                USART1_IRQHandler
                0x0000000008000dd0                OTG_FS_IRQHandler
                0x0000000008000dd0                SPI3_IRQHandler
                0x0000000008000dd0                DMA1_Stream4_IRQHandler
                0x0000000008000dd0                I2C1_ER_IRQHandler
                0x0000000008000dd0                DMA2_Stream6_IRQHandler
                0x0000000008000dd0                DMA1_Stream3_IRQHandler
 *fill*         0x0000000008000dd2        0x2 
 .text.HAL_Init
                0x0000000008000dd4       0x44 ./Drivers/STM32F4xx_HAL_Driver/Src/stm32f4xx_hal.o
                0x0000000008000dd4                HAL_Init
 .text.HAL_DeInit
                0x0000000008000e18       0x58 ./Drivers/STM32F4xx_HAL_Driver/Src/stm32f4xx_hal.o
                0x0000000008000e18                HAL_DeInit
 .text.HAL_MspDeInit
                0x0000000008000e70        0xe ./Drivers/STM32F4xx_HAL_Driver/Src/stm32f4xx_hal.o
                0x0000000008000e70                HAL_MspDeInit
 *fill*         0x0000000008000e7e        0x2 
 .text.HAL_InitTick
                0x0000000008000e80       0x60 ./Drivers/STM32F4xx_HAL_Driver/Src/stm32f4xx_hal.o
                0x0000000008000e80                HAL_InitTick
 .text.HAL_IncTick
                0x0000000008000ee0       0x28 ./Drivers/STM32F4xx_HAL_Driver/Src/stm32f4xx_hal.o
                0x0000000008000ee0                HAL_IncTick
 .text.HAL_Delay
                0x0000000008000f08       0x48 ./Drivers/STM32F4xx_HAL_Driver/Src/stm32f4xx_hal.o
                0x0000000008000f08                HAL_Delay
 .text.__NVIC_SetPriorityGrouping
                0x0000000008000f50       0x48 ./Drivers/STM32F4xx_HAL_Driver/Src/stm32f4xx_hal_cortex.o
 .text.__NVIC_GetPriorityGrouping
                0x0000000008000f98       0x1c ./Drivers/STM32F4xx_HAL_Driver/Src/stm32f4xx_hal_cortex.o
 .text.__NVIC_SetPriority
                0x0000000008000fb4       0x54 ./Drivers/STM32F4xx_HAL_Driver/Src/stm32f4xx_hal_cortex.o
 .text.NVIC_EncodePriority
                0x0000000008001008       0x66 ./Drivers/STM32F4xx_HAL_Driver/Src/stm32f4xx_hal_cortex.o
 *fill*         0x000000000800106e        0x2 
 .text.SysTick_Config
                0x0000000008001070       0x44 ./Drivers/STM32F4xx_HAL_Driver/Src/stm32f4xx_hal_cortex.o
 .text.HAL_NVIC_SetPriorityGrouping
                0x00000000080010b4       0x16 ./Drivers/STM32F4xx_HAL_Driver/Src/stm32f4xx_hal_cortex.o
                0x00000000080010b4                HAL_NVIC_SetPriorityGrouping
 .text.HAL_NVIC_SetPriority
                0x00000000080010ca       0x38 ./Drivers/STM32F4xx_HAL_Driver/Src/stm32f4xx_hal_cortex.o
                0x00000000080010ca                HAL_NVIC_SetPriority
 .text.HAL_SYSTICK_Config
                0x0000000008001102       0x18 ./Drivers/STM32F4xx_HAL_Driver/Src/stm32f4xx_hal_cortex.o
                0x0000000008001102                HAL_SYSTICK_Config
 *fill*         0x000000000800111a        0x2 
 .text.HAL_FLASH_Program
                0x000000000800111c       0xa8 ./Drivers/STM32F4xx_HAL_Driver/Src/stm32f4xx_hal_flash.o
                0x000000000800111c                HAL_FLASH_Program
 .text.HAL_FLASH_Unlock
                0x00000000080011c4       0x44 ./Drivers/STM32F4xx_HAL_Driver/Src/stm32f4xx_hal_flash.o
                0x00000000080011c4                HAL_FLASH_Unlock
 .text.HAL_FLASH_Lock
                0x0000000008001208       0x20 ./Drivers/STM32F4xx_HAL_Driver/Src/stm32f4xx_hal_flash.o
                0x0000000008001208                HAL_FLASH_Lock
 .text.FLASH_WaitForLastOperation
                0x0000000008001228       0x80 ./Drivers/STM32F4xx_HAL_Driver/Src/stm32f4xx_hal_flash.o
                0x0000000008001228                FLASH_WaitForLastOperation
 .text.FLASH_Program_DoubleWord
                0x00000000080012a8       0x64 ./Drivers/STM32F4xx_HAL_Driver/Src/stm32f4xx_hal_flash.o
 .text.FLASH_Program_Word
                0x000000000800130c       0x44 ./Drivers/STM32F4xx_HAL_Driver/Src/stm32f4xx_hal_flash.o
 .text.FLASH_Program_HalfWord
                0x0000000008001350       0x48 ./Drivers/STM32F4xx_HAL_Driver/Src/stm32f4xx_hal_flash.o
 .text.FLASH_Program_Byte
                0x0000000008001398       0x44 ./Drivers/STM32F4xx_HAL_Driver/Src/stm32f4xx_hal_flash.o
 .text.FLASH_SetErrorCode
                0x00000000080013dc       0xac ./Drivers/STM32F4xx_HAL_Driver/Src/stm32f4xx_hal_flash.o
 .text.HAL_FLASHEx_Erase
                0x0000000008001488       0xe0 ./Drivers/STM32F4xx_HAL_Driver/Src/stm32f4xx_hal_flash_ex.o
                0x0000000008001488                HAL_FLASHEx_Erase
 .text.FLASH_MassErase
                0x0000000008001568       0x48 ./Drivers/STM32F4xx_HAL_Driver/Src/stm32f4xx_hal_flash_ex.o
 .text.FLASH_Erase_Sector
                0x00000000080015b0       0x90 ./Drivers/STM32F4xx_HAL_Driver/Src/stm32f4xx_hal_flash_ex.o
                0x00000000080015b0                FLASH_Erase_Sector
 .text.FLASH_FlushCaches
                0x0000000008001640       0x8c ./Drivers/STM32F4xx_HAL_Driver/Src/stm32f4xx_hal_flash_ex.o
                0x0000000008001640                FLASH_FlushCaches
 .text.HAL_GPIO_Init
                0x00000000080016cc      0x338 ./Drivers/STM32F4xx_HAL_Driver/Src/stm32f4xx_hal_gpio.o
                0x00000000080016cc                HAL_GPIO_Init
 .text.HAL_GPIO_DeInit
                0x0000000008001a04      0x1f8 ./Drivers/STM32F4xx_HAL_Driver/Src/stm32f4xx_hal_gpio.o
                0x0000000008001a04                HAL_GPIO_DeInit
 .text.HAL_PCD_Init
                0x0000000008001bfc      0x23a ./Drivers/STM32F4xx_HAL_Driver/Src/stm32f4xx_hal_pcd.o
                0x0000000008001bfc                HAL_PCD_Init
 .text.HAL_PCD_DeInit
                0x0000000008001e36       0x46 ./Drivers/STM32F4xx_HAL_Driver/Src/stm32f4xx_hal_pcd.o
                0x0000000008001e36                HAL_PCD_DeInit
 .text.HAL_PCD_Start
                0x0000000008001e7c       0x66 ./Drivers/STM32F4xx_HAL_Driver/Src/stm32f4xx_hal_pcd.o
                0x0000000008001e7c                HAL_PCD_Start
 .text.HAL_PCD_Stop
                0x0000000008001ee2       0x72 ./Drivers/STM32F4xx_HAL_Driver/Src/stm32f4xx_hal_pcd.o
                0x0000000008001ee2                HAL_PCD_Stop
 .text.HAL_PCD_IRQHandler
                0x0000000008001f54      0x93e ./Drivers/STM32F4xx_HAL_Driver/Src/stm32f4xx_hal_pcd.o
                0x0000000008001f54                HAL_PCD_IRQHandler
 .text.HAL_PCD_DevConnect
                0x0000000008002892       0x5c ./Drivers/STM32F4xx_HAL_Driver/Src/stm32f4xx_hal_pcd.o
                0x0000000008002892                HAL_PCD_DevConnect
 .text.HAL_PCD_DevDisconnect
                0x00000000080028ee       0x5c ./Drivers/STM32F4xx_HAL_Driver/Src/stm32f4xx_hal_pcd.o
                0x00000000080028ee                HAL_PCD_DevDisconnect
 .text.HAL_PCD_SetAddress
                0x000000000800294a       0x4a ./Drivers/STM32F4xx_HAL_Driver/Src/stm32f4xx_hal_pcd.o
                0x000000000800294a                HAL_PCD_SetAddress
 .text.HAL_PCD_EP_Open
                0x0000000008002994       0xd0 ./Drivers/STM32F4xx_HAL_Driver/Src/stm32f4xx_hal_pcd.o
                0x0000000008002994                HAL_PCD_EP_Open
 .text.HAL_PCD_EP_Close
                0x0000000008002a64       0x94 ./Drivers/STM32F4xx_HAL_Driver/Src/stm32f4xx_hal_pcd.o
                0x0000000008002a64                HAL_PCD_EP_Close
 .text.HAL_PCD_EP_Receive
                0x0000000008002af8       0x96 ./Drivers/STM32F4xx_HAL_Driver/Src/stm32f4xx_hal_pcd.o
                0x0000000008002af8                HAL_PCD_EP_Receive
 .text.HAL_PCD_EP_GetRxCount
                0x0000000008002b8e       0x30 ./Drivers/STM32F4xx_HAL_Driver/Src/stm32f4xx_hal_pcd.o
                0x0000000008002b8e                HAL_PCD_EP_GetRxCount
 .text.HAL_PCD_EP_Transmit
                0x0000000008002bbe       0x94 ./Drivers/STM32F4xx_HAL_Driver/Src/stm32f4xx_hal_pcd.o
                0x0000000008002bbe                HAL_PCD_EP_Transmit
 .text.HAL_PCD_EP_SetStall
                0x0000000008002c52       0xc8 ./Drivers/STM32F4xx_HAL_Driver/Src/stm32f4xx_hal_pcd.o
                0x0000000008002c52                HAL_PCD_EP_SetStall
 .text.HAL_PCD_EP_ClrStall
                0x0000000008002d1a       0xac ./Drivers/STM32F4xx_HAL_Driver/Src/stm32f4xx_hal_pcd.o
                0x0000000008002d1a                HAL_PCD_EP_ClrStall
 .text.HAL_PCD_EP_Abort
                0x0000000008002dc6       0x62 ./Drivers/STM32F4xx_HAL_Driver/Src/stm32f4xx_hal_pcd.o
                0x0000000008002dc6                HAL_PCD_EP_Abort
 .text.PCD_WriteEmptyTxFifo
                0x0000000008002e28      0x11a ./Drivers/STM32F4xx_HAL_Driver/Src/stm32f4xx_hal_pcd.o
 *fill*         0x0000000008002f42        0x2 
 .text.PCD_EP_OutXfrComplete_int
                0x0000000008002f44      0x1d0 ./Drivers/STM32F4xx_HAL_Driver/Src/stm32f4xx_hal_pcd.o
 .text.PCD_EP_OutSetupPacket_int
                0x0000000008003114       0x8c ./Drivers/STM32F4xx_HAL_Driver/Src/stm32f4xx_hal_pcd.o
 .text.HAL_PCDEx_SetTxFiFo
                0x00000000080031a0       0x8e ./Drivers/STM32F4xx_HAL_Driver/Src/stm32f4xx_hal_pcd_ex.o
                0x00000000080031a0                HAL_PCDEx_SetTxFiFo
 .text.HAL_PCDEx_SetRxFiFo
                0x000000000800322e       0x22 ./Drivers/STM32F4xx_HAL_Driver/Src/stm32f4xx_hal_pcd_ex.o
                0x000000000800322e                HAL_PCDEx_SetRxFiFo
 .text.HAL_PCDEx_LPM_Callback
                0x0000000008003250       0x18 ./Drivers/STM32F4xx_HAL_Driver/Src/stm32f4xx_hal_pcd_ex.o
                0x0000000008003250                HAL_PCDEx_LPM_Callback
 .text.HAL_RCC_GetHCLKFreq
                0x0000000008003268       0x18 ./Drivers/STM32F4xx_HAL_Driver/Src/stm32f4xx_hal_rcc.o
                0x0000000008003268                HAL_RCC_GetHCLKFreq
 .text.LL_GPIO_SetPinMode
                0x0000000008003280       0x5e ./Drivers/STM32F4xx_HAL_Driver/Src/stm32f4xx_ll_gpio.o
 .text.LL_GPIO_SetPinOutputType
                0x00000000080032de       0x30 ./Drivers/STM32F4xx_HAL_Driver/Src/stm32f4xx_ll_gpio.o
 .text.LL_GPIO_SetPinSpeed
                0x000000000800330e       0x5e ./Drivers/STM32F4xx_HAL_Driver/Src/stm32f4xx_ll_gpio.o
 .text.LL_GPIO_SetPinPull
                0x000000000800336c       0x5e ./Drivers/STM32F4xx_HAL_Driver/Src/stm32f4xx_ll_gpio.o
 .text.LL_GPIO_SetAFPin_0_7
                0x00000000080033ca       0x5e ./Drivers/STM32F4xx_HAL_Driver/Src/stm32f4xx_ll_gpio.o
 .text.LL_GPIO_SetAFPin_8_15
                0x0000000008003428       0x62 ./Drivers/STM32F4xx_HAL_Driver/Src/stm32f4xx_ll_gpio.o
 .text.LL_GPIO_Init
                0x000000000800348a       0xe6 ./Drivers/STM32F4xx_HAL_Driver/Src/stm32f4xx_ll_gpio.o
                0x000000000800348a                LL_GPIO_Init
 .text.LL_RCC_GetSysClkSource
                0x0000000008003570       0x1c ./Drivers/STM32F4xx_HAL_Driver/Src/stm32f4xx_ll_rcc.o
 .text.LL_RCC_GetAHBPrescaler
                0x000000000800358c       0x1c ./Drivers/STM32F4xx_HAL_Driver/Src/stm32f4xx_ll_rcc.o
 .text.LL_RCC_GetAPB1Prescaler
                0x00000000080035a8       0x1c ./Drivers/STM32F4xx_HAL_Driver/Src/stm32f4xx_ll_rcc.o
 .text.LL_RCC_GetAPB2Prescaler
                0x00000000080035c4       0x1c ./Drivers/STM32F4xx_HAL_Driver/Src/stm32f4xx_ll_rcc.o
 .text.LL_RCC_PLL_GetMainSource
                0x00000000080035e0       0x1c ./Drivers/STM32F4xx_HAL_Driver/Src/stm32f4xx_ll_rcc.o
 .text.LL_RCC_PLL_GetN
                0x00000000080035fc       0x1c ./Drivers/STM32F4xx_HAL_Driver/Src/stm32f4xx_ll_rcc.o
 .text.LL_RCC_PLL_GetP
                0x0000000008003618       0x1c ./Drivers/STM32F4xx_HAL_Driver/Src/stm32f4xx_ll_rcc.o
 .text.LL_RCC_PLL_GetDivider
                0x0000000008003634       0x1c ./Drivers/STM32F4xx_HAL_Driver/Src/stm32f4xx_ll_rcc.o
 .text.LL_RCC_GetSystemClocksFreq
                0x0000000008003650       0x4a ./Drivers/STM32F4xx_HAL_Driver/Src/stm32f4xx_ll_rcc.o
                0x0000000008003650                LL_RCC_GetSystemClocksFreq
 *fill*         0x000000000800369a        0x2 
 .text.RCC_GetSystemClockFreq
                0x000000000800369c       0x50 ./Drivers/STM32F4xx_HAL_Driver/Src/stm32f4xx_ll_rcc.o
                0x000000000800369c                RCC_GetSystemClockFreq
 .text.RCC_GetHCLKClockFreq
                0x00000000080036ec       0x2c ./Drivers/STM32F4xx_HAL_Driver/Src/stm32f4xx_ll_rcc.o
                0x00000000080036ec                RCC_GetHCLKClockFreq
 .text.RCC_GetPCLK1ClockFreq
                0x0000000008003718       0x28 ./Drivers/STM32F4xx_HAL_Driver/Src/stm32f4xx_ll_rcc.o
                0x0000000008003718                RCC_GetPCLK1ClockFreq
 .text.RCC_GetPCLK2ClockFreq
                0x0000000008003740       0x28 ./Drivers/STM32F4xx_HAL_Driver/Src/stm32f4xx_ll_rcc.o
                0x0000000008003740                RCC_GetPCLK2ClockFreq
 .text.RCC_PLL_GetFreqDomain_SYS
                0x0000000008003768       0x7c ./Drivers/STM32F4xx_HAL_Driver/Src/stm32f4xx_ll_rcc.o
                0x0000000008003768                RCC_PLL_GetFreqDomain_SYS
 .text.LL_USART_IsEnabled
                0x00000000080037e4       0x28 ./Drivers/STM32F4xx_HAL_Driver/Src/stm32f4xx_ll_usart.o
 .text.LL_USART_SetStopBitsLength
                0x000000000800380c       0x26 ./Drivers/STM32F4xx_HAL_Driver/Src/stm32f4xx_ll_usart.o
 .text.LL_USART_SetHWFlowCtrl
                0x0000000008003832       0x26 ./Drivers/STM32F4xx_HAL_Driver/Src/stm32f4xx_ll_usart.o
 .text.LL_USART_SetBaudRate
                0x0000000008003858      0x458 ./Drivers/STM32F4xx_HAL_Driver/Src/stm32f4xx_ll_usart.o
 .text.LL_USART_Init
                0x0000000008003cb0      0x100 ./Drivers/STM32F4xx_HAL_Driver/Src/stm32f4xx_ll_usart.o
                0x0000000008003cb0                LL_USART_Init
 .text.USB_CoreInit
                0x0000000008003db0       0xc2 ./Drivers/STM32F4xx_HAL_Driver/Src/stm32f4xx_ll_usb.o
                0x0000000008003db0                USB_CoreInit
 *fill*         0x0000000008003e72        0x2 
 .text.USB_SetTurnaroundTime
                0x0000000008003e74      0x144 ./Drivers/STM32F4xx_HAL_Driver/Src/stm32f4xx_ll_usb.o
                0x0000000008003e74                USB_SetTurnaroundTime
 .text.USB_EnableGlobalInt
                0x0000000008003fb8       0x22 ./Drivers/STM32F4xx_HAL_Driver/Src/stm32f4xx_ll_usb.o
                0x0000000008003fb8                USB_EnableGlobalInt
 .text.USB_DisableGlobalInt
                0x0000000008003fda       0x22 ./Drivers/STM32F4xx_HAL_Driver/Src/stm32f4xx_ll_usb.o
                0x0000000008003fda                USB_DisableGlobalInt
 .text.USB_SetCurrentMode
                0x0000000008003ffc       0x98 ./Drivers/STM32F4xx_HAL_Driver/Src/stm32f4xx_ll_usb.o
                0x0000000008003ffc                USB_SetCurrentMode
 .text.USB_DevInit
                0x0000000008004094      0x2c8 ./Drivers/STM32F4xx_HAL_Driver/Src/stm32f4xx_ll_usb.o
                0x0000000008004094                USB_DevInit
 .text.USB_FlushTxFifo
                0x000000000800435c       0x68 ./Drivers/STM32F4xx_HAL_Driver/Src/stm32f4xx_ll_usb.o
                0x000000000800435c                USB_FlushTxFifo
 .text.USB_FlushRxFifo
                0x00000000080043c4       0x60 ./Drivers/STM32F4xx_HAL_Driver/Src/stm32f4xx_ll_usb.o
                0x00000000080043c4                USB_FlushRxFifo
 .text.USB_SetDevSpeed
                0x0000000008004424       0x32 ./Drivers/STM32F4xx_HAL_Driver/Src/stm32f4xx_ll_usb.o
                0x0000000008004424                USB_SetDevSpeed
 .text.USB_GetDevSpeed
                0x0000000008004456       0x4a ./Drivers/STM32F4xx_HAL_Driver/Src/stm32f4xx_ll_usb.o
                0x0000000008004456                USB_GetDevSpeed
 .text.USB_ActivateEndpoint
                0x00000000080044a0      0x10e ./Drivers/STM32F4xx_HAL_Driver/Src/stm32f4xx_ll_usb.o
                0x00000000080044a0                USB_ActivateEndpoint
 *fill*         0x00000000080045ae        0x2 
 .text.USB_DeactivateEndpoint
                0x00000000080045b0      0x1b8 ./Drivers/STM32F4xx_HAL_Driver/Src/stm32f4xx_ll_usb.o
                0x00000000080045b0                USB_DeactivateEndpoint
 .text.USB_EPStartXfer
                0x0000000008004768      0x490 ./Drivers/STM32F4xx_HAL_Driver/Src/stm32f4xx_ll_usb.o
                0x0000000008004768                USB_EPStartXfer
 .text.USB_EP0StartXfer
                0x0000000008004bf8      0x2b0 ./Drivers/STM32F4xx_HAL_Driver/Src/stm32f4xx_ll_usb.o
                0x0000000008004bf8                USB_EP0StartXfer
 .text.USB_EPStopXfer
                0x0000000008004ea8      0x154 ./Drivers/STM32F4xx_HAL_Driver/Src/stm32f4xx_ll_usb.o
                0x0000000008004ea8                USB_EPStopXfer
 .text.USB_WritePacket
                0x0000000008004ffc       0x7c ./Drivers/STM32F4xx_HAL_Driver/Src/stm32f4xx_ll_usb.o
                0x0000000008004ffc                USB_WritePacket
 .text.USB_ReadPacket
                0x0000000008005078       0xb0 ./Drivers/STM32F4xx_HAL_Driver/Src/stm32f4xx_ll_usb.o
                0x0000000008005078                USB_ReadPacket
 .text.USB_EPSetStall
                0x0000000008005128       0xdc ./Drivers/STM32F4xx_HAL_Driver/Src/stm32f4xx_ll_usb.o
                0x0000000008005128                USB_EPSetStall
 .text.USB_EPClearStall
                0x0000000008005204       0xcc ./Drivers/STM32F4xx_HAL_Driver/Src/stm32f4xx_ll_usb.o
                0x0000000008005204                USB_EPClearStall
 .text.USB_StopDevice
                0x00000000080052d0       0x9e ./Drivers/STM32F4xx_HAL_Driver/Src/stm32f4xx_ll_usb.o
                0x00000000080052d0                USB_StopDevice
 .text.USB_SetDevAddress
                0x000000000800536e       0x4c ./Drivers/STM32F4xx_HAL_Driver/Src/stm32f4xx_ll_usb.o
                0x000000000800536e                USB_SetDevAddress
 .text.USB_DevConnect
                0x00000000080053ba       0x42 ./Drivers/STM32F4xx_HAL_Driver/Src/stm32f4xx_ll_usb.o
                0x00000000080053ba                USB_DevConnect
 .text.USB_DevDisconnect
                0x00000000080053fc       0x42 ./Drivers/STM32F4xx_HAL_Driver/Src/stm32f4xx_ll_usb.o
                0x00000000080053fc                USB_DevDisconnect
 .text.USB_ReadInterrupts
                0x000000000800543e       0x26 ./Drivers/STM32F4xx_HAL_Driver/Src/stm32f4xx_ll_usb.o
                0x000000000800543e                USB_ReadInterrupts
 .text.USB_ReadDevAllOutEpInterrupt
                0x0000000008005464       0x34 ./Drivers/STM32F4xx_HAL_Driver/Src/stm32f4xx_ll_usb.o
                0x0000000008005464                USB_ReadDevAllOutEpInterrupt
 .text.USB_ReadDevAllInEpInterrupt
                0x0000000008005498       0x34 ./Drivers/STM32F4xx_HAL_Driver/Src/stm32f4xx_ll_usb.o
                0x0000000008005498                USB_ReadDevAllInEpInterrupt
 .text.USB_ReadDevOutEPInterrupt
                0x00000000080054cc       0x3c ./Drivers/STM32F4xx_HAL_Driver/Src/stm32f4xx_ll_usb.o
                0x00000000080054cc                USB_ReadDevOutEPInterrupt
 .text.USB_ReadDevInEPInterrupt
                0x0000000008005508       0x5c ./Drivers/STM32F4xx_HAL_Driver/Src/stm32f4xx_ll_usb.o
                0x0000000008005508                USB_ReadDevInEPInterrupt
 .text.USB_GetMode
                0x0000000008005564       0x1c ./Drivers/STM32F4xx_HAL_Driver/Src/stm32f4xx_ll_usb.o
                0x0000000008005564                USB_GetMode
 .text.USB_ActivateSetup
                0x0000000008005580       0x46 ./Drivers/STM32F4xx_HAL_Driver/Src/stm32f4xx_ll_usb.o
                0x0000000008005580                USB_ActivateSetup
 *fill*         0x00000000080055c6        0x2 
 .text.USB_EP0_OutStart
                0x00000000080055c8       0xbc ./Drivers/STM32F4xx_HAL_Driver/Src/stm32f4xx_ll_usb.o
                0x00000000080055c8                USB_EP0_OutStart
 .text.USB_CoreReset
                0x0000000008005684       0x68 ./Drivers/STM32F4xx_HAL_Driver/Src/stm32f4xx_ll_usb.o
 .text.LL_SetSystemCoreClock
                0x00000000080056ec       0x20 ./Drivers/STM32F4xx_HAL_Driver/Src/stm32f4xx_ll_utils.o
                0x00000000080056ec                LL_SetSystemCoreClock
 .text.USBD_Init
                0x000000000800570c       0x6c ./Library/STM32_USB_Device_Library/Core/Src/usbd_core.o
                0x000000000800570c                USBD_Init
 .text.USBD_DeInit
                0x0000000008005778       0x68 ./Library/STM32_USB_Device_Library/Core/Src/usbd_core.o
                0x0000000008005778                USBD_DeInit
 .text.USBD_RegisterClass
                0x00000000080057e0       0x42 ./Library/STM32_USB_Device_Library/Core/Src/usbd_core.o
                0x00000000080057e0                USBD_RegisterClass
 .text.USBD_Start
                0x0000000008005822       0x18 ./Library/STM32_USB_Device_Library/Core/Src/usbd_core.o
                0x0000000008005822                USBD_Start
 .text.USBD_RunTestMode
                0x000000000800583a       0x16 ./Library/STM32_USB_Device_Library/Core/Src/usbd_core.o
                0x000000000800583a                USBD_RunTestMode
 .text.USBD_SetClassConfig
                0x0000000008005850       0x38 ./Library/STM32_USB_Device_Library/Core/Src/usbd_core.o
                0x0000000008005850                USBD_SetClassConfig
 .text.USBD_ClrClassConfig
                0x0000000008005888       0x30 ./Library/STM32_USB_Device_Library/Core/Src/usbd_core.o
                0x0000000008005888                USBD_ClrClassConfig
 .text.USBD_LL_SetupStage
                0x00000000080058b8       0xaa ./Library/STM32_USB_Device_Library/Core/Src/usbd_core.o
                0x00000000080058b8                USBD_LL_SetupStage
 .text.USBD_LL_DataOutStage
                0x0000000008005962       0xc6 ./Library/STM32_USB_Device_Library/Core/Src/usbd_core.o
                0x0000000008005962                USBD_LL_DataOutStage
 .text.USBD_LL_DataInStage
                0x0000000008005a28      0x12c ./Library/STM32_USB_Device_Library/Core/Src/usbd_core.o
                0x0000000008005a28                USBD_LL_DataInStage
 .text.USBD_LL_Reset
                0x0000000008005b54       0x82 ./Library/STM32_USB_Device_Library/Core/Src/usbd_core.o
                0x0000000008005b54                USBD_LL_Reset
 .text.USBD_LL_SetSpeed
                0x0000000008005bd6       0x20 ./Library/STM32_USB_Device_Library/Core/Src/usbd_core.o
                0x0000000008005bd6                USBD_LL_SetSpeed
 .text.USBD_LL_Suspend
                0x0000000008005bf6       0x2a ./Library/STM32_USB_Device_Library/Core/Src/usbd_core.o
                0x0000000008005bf6                USBD_LL_Suspend
 .text.USBD_LL_Resume
                0x0000000008005c20       0x2c ./Library/STM32_USB_Device_Library/Core/Src/usbd_core.o
                0x0000000008005c20                USBD_LL_Resume
 .text.USBD_LL_SOF
                0x0000000008005c4c       0x34 ./Library/STM32_USB_Device_Library/Core/Src/usbd_core.o
                0x0000000008005c4c                USBD_LL_SOF
 .text.USBD_LL_IsoINIncomplete
                0x0000000008005c80       0x1a ./Library/STM32_USB_Device_Library/Core/Src/usbd_core.o
                0x0000000008005c80                USBD_LL_IsoINIncomplete
 .text.USBD_LL_IsoOUTIncomplete
                0x0000000008005c9a       0x1a ./Library/STM32_USB_Device_Library/Core/Src/usbd_core.o
                0x0000000008005c9a                USBD_LL_IsoOUTIncomplete
 .text.USBD_LL_DevConnected
                0x0000000008005cb4       0x16 ./Library/STM32_USB_Device_Library/Core/Src/usbd_core.o
                0x0000000008005cb4                USBD_LL_DevConnected
 .text.USBD_LL_DevDisconnected
                0x0000000008005cca       0x38 ./Library/STM32_USB_Device_Library/Core/Src/usbd_core.o
                0x0000000008005cca                USBD_LL_DevDisconnected
 .text.SWAPBYTE
                0x0000000008005d02       0x3c ./Library/STM32_USB_Device_Library/Core/Src/usbd_ctlreq.o
 *fill*         0x0000000008005d3e        0x2 
 .text.USBD_StdDevReq
                0x0000000008005d40       0xdc ./Library/STM32_USB_Device_Library/Core/Src/usbd_ctlreq.o
                0x0000000008005d40                USBD_StdDevReq
 .text.USBD_StdItfReq
                0x0000000008005e1c       0x90 ./Library/STM32_USB_Device_Library/Core/Src/usbd_ctlreq.o
                0x0000000008005e1c                USBD_StdItfReq
 .text.USBD_StdEPReq
                0x0000000008005eac      0x2ba ./Library/STM32_USB_Device_Library/Core/Src/usbd_ctlreq.o
                0x0000000008005eac                USBD_StdEPReq
 *fill*         0x0000000008006166        0x2 
 .text.USBD_GetDescriptor
                0x0000000008006168      0x328 ./Library/STM32_USB_Device_Library/Core/Src/usbd_ctlreq.o
 .text.USBD_SetAddress
                0x0000000008006490       0x86 ./Library/STM32_USB_Device_Library/Core/Src/usbd_ctlreq.o
 *fill*         0x0000000008006516        0x2 
 .text.USBD_SetConfig
                0x0000000008006518      0x148 ./Library/STM32_USB_Device_Library/Core/Src/usbd_ctlreq.o
 .text.USBD_GetConfig
                0x0000000008006660       0x6a ./Library/STM32_USB_Device_Library/Core/Src/usbd_ctlreq.o
 .text.USBD_GetStatus
                0x00000000080066ca       0x66 ./Library/STM32_USB_Device_Library/Core/Src/usbd_ctlreq.o
 .text.USBD_SetFeature
                0x0000000008006730       0x28 ./Library/STM32_USB_Device_Library/Core/Src/usbd_ctlreq.o
 .text.USBD_ClrFeature
                0x0000000008006758       0x42 ./Library/STM32_USB_Device_Library/Core/Src/usbd_ctlreq.o
 .text.USBD_ParseSetupRequest
                0x000000000800679a       0x74 ./Library/STM32_USB_Device_Library/Core/Src/usbd_ctlreq.o
                0x000000000800679a                USBD_ParseSetupRequest
 .text.USBD_CtlError
                0x000000000800680e       0x22 ./Library/STM32_USB_Device_Library/Core/Src/usbd_ctlreq.o
                0x000000000800680e                USBD_CtlError
 .text.USBD_GetString
                0x0000000008006830       0x8c ./Library/STM32_USB_Device_Library/Core/Src/usbd_ctlreq.o
                0x0000000008006830                USBD_GetString
 .text.USBD_GetLen
                0x00000000080068bc       0x34 ./Library/STM32_USB_Device_Library/Core/Src/usbd_ctlreq.o
 .text.USBD_CtlSendData
                0x00000000080068f0       0x36 ./Library/STM32_USB_Device_Library/Core/Src/usbd_ioreq.o
                0x00000000080068f0                USBD_CtlSendData
 .text.USBD_CtlContinueSendData
                0x0000000008006926       0x22 ./Library/STM32_USB_Device_Library/Core/Src/usbd_ioreq.o
                0x0000000008006926                USBD_CtlContinueSendData
 .text.USBD_CtlContinueRx
                0x0000000008006948       0x22 ./Library/STM32_USB_Device_Library/Core/Src/usbd_ioreq.o
                0x0000000008006948                USBD_CtlContinueRx
 .text.USBD_CtlSendStatus
                0x000000000800696a       0x26 ./Library/STM32_USB_Device_Library/Core/Src/usbd_ioreq.o
                0x000000000800696a                USBD_CtlSendStatus
 .text.USBD_CtlReceiveStatus
                0x0000000008006990       0x26 ./Library/STM32_USB_Device_Library/Core/Src/usbd_ioreq.o
                0x0000000008006990                USBD_CtlReceiveStatus
 .text.CpuIrqDisable
                0x00000000080069b6       0x10 ./Loader/ARMCM4_STM32F4/GCC/cpu_comp.o
                0x00000000080069b6                CpuIrqDisable
 .text.CpuIrqEnable
                0x00000000080069c6       0x10 ./Loader/ARMCM4_STM32F4/GCC/cpu_comp.o
                0x00000000080069c6                CpuIrqEnable
 .text.CpuInit  0x00000000080069d6        0xc ./Loader/ARMCM4_STM32F4/cpu.o
                0x00000000080069d6                CpuInit
 *fill*         0x00000000080069e2        0x2 
 .text.CpuStartUserProgram
                0x00000000080069e4       0x60 ./Loader/ARMCM4_STM32F4/cpu.o
                0x00000000080069e4                CpuStartUserProgram
 .text.CpuMemCopy
                0x0000000008006a44       0x40 ./Loader/ARMCM4_STM32F4/cpu.o
                0x0000000008006a44                CpuMemCopy
 .text.FlashInit
                0x0000000008006a84       0x28 ./Loader/ARMCM4_STM32F4/flash.o
                0x0000000008006a84                FlashInit
 .text.FlashWrite
                0x0000000008006aac       0x94 ./Loader/ARMCM4_STM32F4/flash.o
                0x0000000008006aac                FlashWrite
 .text.FlashErase
                0x0000000008006b40       0x6c ./Loader/ARMCM4_STM32F4/flash.o
                0x0000000008006b40                FlashErase
 .text.FlashWriteChecksum
                0x0000000008006bac       0xa8 ./Loader/ARMCM4_STM32F4/flash.o
                0x0000000008006bac                FlashWriteChecksum
 .text.FlashVerifyChecksum
                0x0000000008006c54       0x88 ./Loader/ARMCM4_STM32F4/flash.o
                0x0000000008006c54                FlashVerifyChecksum
 .text.FlashDone
                0x0000000008006cdc       0x48 ./Loader/ARMCM4_STM32F4/flash.o
                0x0000000008006cdc                FlashDone
 .text.FlashGetUserProgBaseAddress
                0x0000000008006d24       0x14 ./Loader/ARMCM4_STM32F4/flash.o
                0x0000000008006d24                FlashGetUserProgBaseAddress
 .text.FlashInitBlock
                0x0000000008006d38       0x46 ./Loader/ARMCM4_STM32F4/flash.o
 *fill*         0x0000000008006d7e        0x2 
 .text.FlashSwitchBlock
                0x0000000008006d80       0x64 ./Loader/ARMCM4_STM32F4/flash.o
 .text.FlashAddToBlock
                0x0000000008006de4       0xc4 ./Loader/ARMCM4_STM32F4/flash.o
 .text.FlashWriteBlock
                0x0000000008006ea8       0x7e ./Loader/ARMCM4_STM32F4/flash.o
 *fill*         0x0000000008006f26        0x2 
 .text.FlashEmptyCheckSector
                0x0000000008006f28       0xd4 ./Loader/ARMCM4_STM32F4/flash.o
 .text.FlashEraseSectors
                0x0000000008006ffc       0xba ./Loader/ARMCM4_STM32F4/flash.o
 *fill*         0x00000000080070b6        0x2 
 .text.FlashGetSector
                0x00000000080070b8       0x88 ./Loader/ARMCM4_STM32F4/flash.o
 .text.NvmInit  0x0000000008007140        0xc ./Loader/ARMCM4_STM32F4/nvm.o
                0x0000000008007140                NvmInit
 .text.NvmWrite
                0x000000000800714c       0x20 ./Loader/ARMCM4_STM32F4/nvm.o
                0x000000000800714c                NvmWrite
 .text.NvmErase
                0x000000000800716c       0x1c ./Loader/ARMCM4_STM32F4/nvm.o
                0x000000000800716c                NvmErase
 .text.NvmVerifyChecksum
                0x0000000008007188        0xe ./Loader/ARMCM4_STM32F4/nvm.o
                0x0000000008007188                NvmVerifyChecksum
 .text.NvmGetUserProgBaseAddress
                0x0000000008007196        0xe ./Loader/ARMCM4_STM32F4/nvm.o
                0x0000000008007196                NvmGetUserProgBaseAddress
 .text.NvmDone  0x00000000080071a4       0x1c ./Loader/ARMCM4_STM32F4/nvm.o
                0x00000000080071a4                NvmDone
 .text.LL_USART_Enable
                0x00000000080071c0       0x20 ./Loader/ARMCM4_STM32F4/rs232.o
 .text.LL_USART_Disable
                0x00000000080071e0       0x20 ./Loader/ARMCM4_STM32F4/rs232.o
 .text.LL_USART_IsActiveFlag_RXNE
                0x0000000008007200       0x26 ./Loader/ARMCM4_STM32F4/rs232.o
 .text.LL_USART_IsActiveFlag_TXE
                0x0000000008007226       0x26 ./Loader/ARMCM4_STM32F4/rs232.o
 .text.LL_USART_ReceiveData8
                0x000000000800724c       0x1a ./Loader/ARMCM4_STM32F4/rs232.o
 .text.LL_USART_TransmitData8
                0x0000000008007266       0x1e ./Loader/ARMCM4_STM32F4/rs232.o
 .text.Rs232Init
                0x0000000008007284       0x48 ./Loader/ARMCM4_STM32F4/rs232.o
                0x0000000008007284                Rs232Init
 .text.Rs232TransmitPacket
                0x00000000080072cc       0x58 ./Loader/ARMCM4_STM32F4/rs232.o
                0x00000000080072cc                Rs232TransmitPacket
 .text.Rs232ReceivePacket
                0x0000000008007324       0xcc ./Loader/ARMCM4_STM32F4/rs232.o
                0x0000000008007324                Rs232ReceivePacket
 .text.Rs232ReceiveByte
                0x00000000080073f0       0x34 ./Loader/ARMCM4_STM32F4/rs232.o
 .text.Rs232TransmitByte
                0x0000000008007424       0x4c ./Loader/ARMCM4_STM32F4/rs232.o
 .text.TimerInit
                0x0000000008007470       0x30 ./Loader/ARMCM4_STM32F4/timer.o
                0x0000000008007470                TimerInit
 .text.TimerReset
                0x00000000080074a0       0x24 ./Loader/ARMCM4_STM32F4/timer.o
                0x00000000080074a0                TimerReset
 .text.TimerUpdate
                0x00000000080074c4       0x2c ./Loader/ARMCM4_STM32F4/timer.o
                0x00000000080074c4                TimerUpdate
 .text.TimerGet
                0x00000000080074f0       0x14 ./Loader/ARMCM4_STM32F4/timer.o
                0x00000000080074f0                TimerGet
 .text.HAL_GetTick
                0x0000000008007504        0xe ./Loader/ARMCM4_STM32F4/timer.o
                0x0000000008007504                HAL_GetTick
 *fill*         0x0000000008007512        0x2 
 .text.UsbInit  0x0000000008007514       0xa4 ./Loader/ARMCM4_STM32F4/usb.o
                0x0000000008007514                UsbInit
 .text.UsbFree  0x00000000080075b8       0x24 ./Loader/ARMCM4_STM32F4/usb.o
                0x00000000080075b8                UsbFree
 .text.UsbTransmitPacket
                0x00000000080075dc       0x7c ./Loader/ARMCM4_STM32F4/usb.o
                0x00000000080075dc                UsbTransmitPacket
 .text.UsbReceivePacket
                0x0000000008007658       0xb8 ./Loader/ARMCM4_STM32F4/usb.o
                0x0000000008007658                UsbReceivePacket
 .text.UsbReceiveByte
                0x0000000008007710       0x28 ./Loader/ARMCM4_STM32F4/usb.o
 .text.UsbTransmitByte
                0x0000000008007738       0x2c ./Loader/ARMCM4_STM32F4/usb.o
 .text.UsbTransmitPipeBulkIN
                0x0000000008007764       0x88 ./Loader/ARMCM4_STM32F4/usb.o
                0x0000000008007764                UsbTransmitPipeBulkIN
 .text.UsbReceivePipeBulkOUT
                0x00000000080077ec       0x80 ./Loader/ARMCM4_STM32F4/usb.o
                0x00000000080077ec                UsbReceivePipeBulkOUT
 .text.UsbFifoMgrInit
                0x000000000800786c       0x64 ./Loader/ARMCM4_STM32F4/usb.o
 .text.UsbFifoMgrCreate
                0x00000000080078d0       0x64 ./Loader/ARMCM4_STM32F4/usb.o
 .text.UsbFifoMgrWrite
                0x0000000008007934      0x10c ./Loader/ARMCM4_STM32F4/usb.o
 .text.UsbFifoMgrRead
                0x0000000008007a40       0xf8 ./Loader/ARMCM4_STM32F4/usb.o
 .text.UsbFifoMgrScan
                0x0000000008007b38       0x3c ./Loader/ARMCM4_STM32F4/usb.o
 .text.AssertFailure
                0x0000000008007b74       0x10 ./Loader/asserts.o
                0x0000000008007b74                AssertFailure
 .text.BackDoorInit
                0x0000000008007b84       0x1c ./Loader/backdoor.o
                0x0000000008007b84                BackDoorInit
 .text.BackDoorCheck
                0x0000000008007ba0       0x4c ./Loader/backdoor.o
                0x0000000008007ba0                BackDoorCheck
 .text.BackDoorSetExtension
                0x0000000008007bec       0x20 ./Loader/backdoor.o
                0x0000000008007bec                BackDoorSetExtension
 .text.BackDoorGetExtension
                0x0000000008007c0c       0x18 ./Loader/backdoor.o
                0x0000000008007c0c                BackDoorGetExtension
 .text.BackDoorRestartTimer
                0x0000000008007c24       0x24 ./Loader/backdoor.o
                0x0000000008007c24                BackDoorRestartTimer
 .text.BootInit
                0x0000000008007c48       0x20 ./Loader/boot.o
                0x0000000008007c48                BootInit
 .text.BootTask
                0x0000000008007c68       0x18 ./Loader/boot.o
                0x0000000008007c68                BootTask
 .text.ComInit  0x0000000008007c80       0x24 ./Loader/com.o
                0x0000000008007c80                ComInit
 .text.ComTask  0x0000000008007ca4       0x58 ./Loader/com.o
                0x0000000008007ca4                ComTask
 .text.ComFree  0x0000000008007cfc        0xc ./Loader/com.o
                0x0000000008007cfc                ComFree
 .text.ComTransmitPacket
                0x0000000008007d08       0x44 ./Loader/com.o
                0x0000000008007d08                ComTransmitPacket
 .text.ComGetActiveInterfaceMaxRxLen
                0x0000000008007d4c       0x54 ./Loader/com.o
                0x0000000008007d4c                ComGetActiveInterfaceMaxRxLen
 .text.ComGetActiveInterfaceMaxTxLen
                0x0000000008007da0       0x54 ./Loader/com.o
                0x0000000008007da0                ComGetActiveInterfaceMaxTxLen
 .text.ComIsConnected
                0x0000000008007df4       0x22 ./Loader/com.o
                0x0000000008007df4                ComIsConnected
 .text.CopInit  0x0000000008007e16        0xe ./Loader/cop.o
                0x0000000008007e16                CopInit
 .text.CopService
                0x0000000008007e24        0xe ./Loader/cop.o
                0x0000000008007e24                CopService
 *fill*         0x0000000008007e32        0x2 
 .text.XcpInit  0x0000000008007e34       0x44 ./Loader/xcp.o
                0x0000000008007e34                XcpInit
 .text.XcpIsConnected
                0x0000000008007e78       0x24 ./Loader/xcp.o
                0x0000000008007e78                XcpIsConnected
 .text.XcpPacketTransmitted
                0x0000000008007e9c       0x1c ./Loader/xcp.o
                0x0000000008007e9c                XcpPacketTransmitted
 .text.XcpPacketReceived
                0x0000000008007eb8      0x1cc ./Loader/xcp.o
                0x0000000008007eb8                XcpPacketReceived
 .text.XcpTransmitPacket
                0x0000000008008084       0x1e ./Loader/xcp.o
 .text.XcpComputeChecksum
                0x00000000080080a2       0x40 ./Loader/xcp.o
 *fill*         0x00000000080080e2        0x2 
 .text.XcpProtectResources
                0x00000000080080e4       0x1c ./Loader/xcp.o
 .text.XcpSetCtoError
                0x0000000008008100       0x30 ./Loader/xcp.o
 .text.XcpGetOrderedLong
                0x0000000008008130       0x50 ./Loader/xcp.o
 .text.XcpSetOrderedLong
                0x0000000008008180       0x42 ./Loader/xcp.o
 *fill*         0x00000000080081c2        0x2 
 .text.XcpCmdConnect
                0x00000000080081c4       0x88 ./Loader/xcp.o
 .text.XcpCmdDisconnect
                0x000000000800824c       0x30 ./Loader/xcp.o
 .text.XcpCmdGetStatus
                0x000000000800827c       0x48 ./Loader/xcp.o
 .text.XcpCmdSynch
                0x00000000080082c4       0x16 ./Loader/xcp.o
 *fill*         0x00000000080082da        0x2 
 .text.XcpCmdGetId
                0x00000000080082dc       0x50 ./Loader/xcp.o
 .text.XcpCmdSetMta
                0x000000000800832c       0x34 ./Loader/xcp.o
 .text.XcpCmdUpload
                0x0000000008008360       0x7c ./Loader/xcp.o
 .text.XcpCmdShortUpload
                0x00000000080083dc       0x90 ./Loader/xcp.o
 .text.XcpCmdBuildCheckSum
                0x000000000800846c       0x68 ./Loader/xcp.o
 .text.XcpCmdProgramStart
                0x00000000080084d4       0x4c ./Loader/xcp.o
 .text.XcpCmdProgramMax
                0x0000000008008520       0x60 ./Loader/xcp.o
 .text.XcpCmdProgram
                0x0000000008008580       0x94 ./Loader/xcp.o
 .text.XcpCmdProgramClear
                0x0000000008008614       0x4c ./Loader/xcp.o
 .text.XcpCmdProgramReset
                0x0000000008008660       0x28 ./Loader/xcp.o
 .text.XcpCmdProgramPrepare
                0x0000000008008688       0x16 ./Loader/xcp.o
 *fill*         0x000000000800869e        0x2 
 .text.USBD_Bulk_Init
                0x00000000080086a0       0x44 ./USB_DEVICE/App/usbd_bulk.o
 .text.USBD_Bulk_DeInit
                0x00000000080086e4       0x2a ./USB_DEVICE/App/usbd_bulk.o
 *fill*         0x000000000800870e        0x2 
 .text.USBD_Bulk_Setup
                0x0000000008008710       0xd8 ./USB_DEVICE/App/usbd_bulk.o
 .text.USBD_Bulk_DataIn
                0x00000000080087e8       0x1a ./USB_DEVICE/App/usbd_bulk.o
 .text.USBD_Bulk_DataOut
                0x0000000008008802       0x1e ./USB_DEVICE/App/usbd_bulk.o
 .text.USBD_Bulk_SOF
                0x0000000008008820       0x20 ./USB_DEVICE/App/usbd_bulk.o
 .text.USBD_Bulk_GetFSCfgDesc
                0x0000000008008840       0x20 ./USB_DEVICE/App/usbd_bulk.o
 .text.USBD_Bulk_GetDeviceQualifierDescriptor
                0x0000000008008860       0x20 ./USB_DEVICE/App/usbd_bulk.o
                0x0000000008008860                USBD_Bulk_GetDeviceQualifierDescriptor
 .text.USBD_Bulk_GetRxBufferPtr
                0x0000000008008880       0x14 ./USB_DEVICE/App/usbd_bulk.o
                0x0000000008008880                USBD_Bulk_GetRxBufferPtr
 .text.USBD_FS_DeviceDescriptor
                0x0000000008008894       0x24 ./USB_DEVICE/App/usbd_desc.o
                0x0000000008008894                USBD_FS_DeviceDescriptor
 .text.USBD_FS_LangIDStrDescriptor
                0x00000000080088b8       0x24 ./USB_DEVICE/App/usbd_desc.o
                0x00000000080088b8                USBD_FS_LangIDStrDescriptor
 .text.USBD_FS_ProductStrDescriptor
                0x00000000080088dc       0x3c ./USB_DEVICE/App/usbd_desc.o
                0x00000000080088dc                USBD_FS_ProductStrDescriptor
 .text.USBD_FS_ManufacturerStrDescriptor
                0x0000000008008918       0x28 ./USB_DEVICE/App/usbd_desc.o
                0x0000000008008918                USBD_FS_ManufacturerStrDescriptor
 .text.USBD_FS_SerialStrDescriptor
                0x0000000008008940       0x24 ./USB_DEVICE/App/usbd_desc.o
                0x0000000008008940                USBD_FS_SerialStrDescriptor
 .text.USBD_FS_ConfigStrDescriptor
                0x0000000008008964       0x3c ./USB_DEVICE/App/usbd_desc.o
                0x0000000008008964                USBD_FS_ConfigStrDescriptor
 .text.USBD_FS_InterfaceStrDescriptor
                0x00000000080089a0       0x3c ./USB_DEVICE/App/usbd_desc.o
                0x00000000080089a0                USBD_FS_InterfaceStrDescriptor
 .text.USBD_FS_USR_BOSDescriptor
                0x00000000080089dc       0x24 ./USB_DEVICE/App/usbd_desc.o
                0x00000000080089dc                USBD_FS_USR_BOSDescriptor
 .text.Get_SerialNum
                0x0000000008008a00       0x58 ./USB_DEVICE/App/usbd_desc.o
 .text.IntToUnicode
                0x0000000008008a58       0x7e ./USB_DEVICE/App/usbd_desc.o
 .text.HAL_PCD_SetupStageCallback
                0x0000000008008ad6       0x24 ./USB_DEVICE/Target/usbd_conf.o
                0x0000000008008ad6                HAL_PCD_SetupStageCallback
 .text.HAL_PCD_DataOutStageCallback
                0x0000000008008afa       0x36 ./USB_DEVICE/Target/usbd_conf.o
                0x0000000008008afa                HAL_PCD_DataOutStageCallback
 .text.HAL_PCD_DataInStageCallback
                0x0000000008008b30       0x34 ./USB_DEVICE/Target/usbd_conf.o
                0x0000000008008b30                HAL_PCD_DataInStageCallback
 .text.HAL_PCD_SOFCallback
                0x0000000008008b64       0x1c ./USB_DEVICE/Target/usbd_conf.o
                0x0000000008008b64                HAL_PCD_SOFCallback
 .text.HAL_PCD_ResetCallback
                0x0000000008008b80       0x50 ./USB_DEVICE/Target/usbd_conf.o
                0x0000000008008b80                HAL_PCD_ResetCallback
 .text.HAL_PCD_SuspendCallback
                0x0000000008008bd0       0x50 ./USB_DEVICE/Target/usbd_conf.o
                0x0000000008008bd0                HAL_PCD_SuspendCallback
 .text.HAL_PCD_ResumeCallback
                0x0000000008008c20       0x20 ./USB_DEVICE/Target/usbd_conf.o
                0x0000000008008c20                HAL_PCD_ResumeCallback
 .text.HAL_PCD_ISOOUTIncompleteCallback
                0x0000000008008c40       0x24 ./USB_DEVICE/Target/usbd_conf.o
                0x0000000008008c40                HAL_PCD_ISOOUTIncompleteCallback
 .text.HAL_PCD_ISOINIncompleteCallback
                0x0000000008008c64       0x24 ./USB_DEVICE/Target/usbd_conf.o
                0x0000000008008c64                HAL_PCD_ISOINIncompleteCallback
 .text.HAL_PCD_ConnectCallback
                0x0000000008008c88       0x22 ./USB_DEVICE/Target/usbd_conf.o
                0x0000000008008c88                HAL_PCD_ConnectCallback
 .text.HAL_PCD_DisconnectCallback
                0x0000000008008caa       0x22 ./USB_DEVICE/Target/usbd_conf.o
                0x0000000008008caa                HAL_PCD_DisconnectCallback
 .text.USBD_LL_Init
                0x0000000008008ccc       0xa4 ./USB_DEVICE/Target/usbd_conf.o
                0x0000000008008ccc                USBD_LL_Init
 .text.USBD_LL_DeInit
                0x0000000008008d70       0x64 ./USB_DEVICE/Target/usbd_conf.o
                0x0000000008008d70                USBD_LL_DeInit
 .text.USBD_LL_Start
                0x0000000008008dd4       0x64 ./USB_DEVICE/Target/usbd_conf.o
                0x0000000008008dd4                USBD_LL_Start
 .text.USBD_LL_Stop
                0x0000000008008e38       0x64 ./USB_DEVICE/Target/usbd_conf.o
                0x0000000008008e38                USBD_LL_Stop
 .text.USBD_LL_OpenEP
                0x0000000008008e9c       0x7c ./USB_DEVICE/Target/usbd_conf.o
                0x0000000008008e9c                USBD_LL_OpenEP
 .text.USBD_LL_CloseEP
                0x0000000008008f18       0x6c ./USB_DEVICE/Target/usbd_conf.o
                0x0000000008008f18                USBD_LL_CloseEP
 .text.USBD_LL_StallEP
                0x0000000008008f84       0x6c ./USB_DEVICE/Target/usbd_conf.o
                0x0000000008008f84                USBD_LL_StallEP
 .text.USBD_LL_ClearStallEP
                0x0000000008008ff0       0x6c ./USB_DEVICE/Target/usbd_conf.o
                0x0000000008008ff0                USBD_LL_ClearStallEP
 .text.USBD_LL_IsStallEP
                0x000000000800905c       0x58 ./USB_DEVICE/Target/usbd_conf.o
                0x000000000800905c                USBD_LL_IsStallEP
 .text.USBD_LL_SetUSBAddress
                0x00000000080090b4       0x6c ./USB_DEVICE/Target/usbd_conf.o
                0x00000000080090b4                USBD_LL_SetUSBAddress
 .text.USBD_LL_Transmit
                0x0000000008009120       0x70 ./USB_DEVICE/Target/usbd_conf.o
                0x0000000008009120                USBD_LL_Transmit
 .text.USBD_LL_PrepareReceive
                0x0000000008009190       0x70 ./USB_DEVICE/Target/usbd_conf.o
                0x0000000008009190                USBD_LL_PrepareReceive
 .text.USBD_LL_GetRxDataSize
                0x0000000008009200       0x26 ./USB_DEVICE/Target/usbd_conf.o
                0x0000000008009200                USBD_LL_GetRxDataSize
 *fill*         0x0000000008009226        0x2 
 .text.__libc_init_array
                0x0000000008009228       0x48 c:/st/stm32cubeide_1.12.0/stm32cubeide/plugins/com.st.stm32cube.ide.mcu.externaltools.gnu-tools-for-stm32.10.3-2021.10.win32_1.0.200.202301161003/tools/bin/../lib/gcc/arm-none-eabi/10.3.1/../../../../arm-none-eabi/lib/thumb/v7e-m+fp/hard\libc_nano.a(lib_a-init.o)
                0x0000000008009228                __libc_init_array
 *(.glue_7)
 .glue_7        0x0000000008009270        0x0 linker stubs
 *(.glue_7t)
 .glue_7t       0x0000000008009270        0x0 linker stubs
 *(.eh_frame)
 .eh_frame      0x0000000008009270        0x0 c:/st/stm32cubeide_1.12.0/stm32cubeide/plugins/com.st.stm32cube.ide.mcu.externaltools.gnu-tools-for-stm32.10.3-2021.10.win32_1.0.200.202301161003/tools/bin/../lib/gcc/arm-none-eabi/10.3.1/thumb/v7e-m+fp/hard/crtbegin.o
 *(.init)
 .init          0x0000000008009270        0x4 c:/st/stm32cubeide_1.12.0/stm32cubeide/plugins/com.st.stm32cube.ide.mcu.externaltools.gnu-tools-for-stm32.10.3-2021.10.win32_1.0.200.202301161003/tools/bin/../lib/gcc/arm-none-eabi/10.3.1/thumb/v7e-m+fp/hard/crti.o
                0x0000000008009270                _init
 .init          0x0000000008009274        0x8 c:/st/stm32cubeide_1.12.0/stm32cubeide/plugins/com.st.stm32cube.ide.mcu.externaltools.gnu-tools-for-stm32.10.3-2021.10.win32_1.0.200.202301161003/tools/bin/../lib/gcc/arm-none-eabi/10.3.1/thumb/v7e-m+fp/hard/crtn.o
 *(.fini)
 .fini          0x000000000800927c        0x4 c:/st/stm32cubeide_1.12.0/stm32cubeide/plugins/com.st.stm32cube.ide.mcu.externaltools.gnu-tools-for-stm32.10.3-2021.10.win32_1.0.200.202301161003/tools/bin/../lib/gcc/arm-none-eabi/10.3.1/thumb/v7e-m+fp/hard/crti.o
                0x000000000800927c                _fini
 .fini          0x0000000008009280        0x8 c:/st/stm32cubeide_1.12.0/stm32cubeide/plugins/com.st.stm32cube.ide.mcu.externaltools.gnu-tools-for-stm32.10.3-2021.10.win32_1.0.200.202301161003/tools/bin/../lib/gcc/arm-none-eabi/10.3.1/thumb/v7e-m+fp/hard/crtn.o
                0x0000000008009288                . = ALIGN (0x4)
                0x0000000008009288                _etext = .

.vfp11_veneer   0x0000000008009288        0x0
 .vfp11_veneer  0x0000000008009288        0x0 linker stubs

.v4_bx          0x0000000008009288        0x0
 .v4_bx         0x0000000008009288        0x0 linker stubs

.iplt           0x0000000008009288        0x0
 .iplt          0x0000000008009288        0x0 c:/st/stm32cubeide_1.12.0/stm32cubeide/plugins/com.st.stm32cube.ide.mcu.externaltools.gnu-tools-for-stm32.10.3-2021.10.win32_1.0.200.202301161003/tools/bin/../lib/gcc/arm-none-eabi/10.3.1/thumb/v7e-m+fp/hard/crtbegin.o

.rodata         0x0000000008009288      0x138
                0x0000000008009288                . = ALIGN (0x4)
 *(.rodata)
 .rodata        0x0000000008009288       0x21 ./Loader/ARMCM4_STM32F4/flash.o
 *fill*         0x00000000080092a9        0x3 
 .rodata        0x00000000080092ac       0x21 ./Loader/ARMCM4_STM32F4/rs232.o
 *fill*         0x00000000080092cd        0x3 
 .rodata        0x00000000080092d0       0x1f ./Loader/ARMCM4_STM32F4/usb.o
 *fill*         0x00000000080092ef        0x1 
 .rodata        0x00000000080092f0       0x42 ./USB_DEVICE/App/usbd_desc.o
 *fill*         0x0000000008009332        0x2 
 .rodata        0x0000000008009334       0x21 ./USB_DEVICE/Target/usbd_conf.o
 *(.rodata*)
 *fill*         0x0000000008009355        0x3 
 .rodata.AHBPrescTable
                0x0000000008009358       0x10 ./Core/Src/system_stm32f4xx.o
                0x0000000008009358                AHBPrescTable
 .rodata.APBPrescTable
                0x0000000008009368        0x8 ./Core/Src/system_stm32f4xx.o
                0x0000000008009368                APBPrescTable
 .rodata.flashLayout
                0x0000000008009370       0x48 ./Loader/ARMCM4_STM32F4/flash.o
 .rodata.xcpStationId
                0x00000000080093b8        0x8 ./Loader/xcp.o
                0x00000000080093c0                . = ALIGN (0x4)

.ARM.extab      0x00000000080093c0        0x0
                0x00000000080093c0                . = ALIGN (0x4)
 *(.ARM.extab* .gnu.linkonce.armextab.*)
                0x00000000080093c0                . = ALIGN (0x4)

.ARM            0x00000000080093c0        0x8
                0x00000000080093c0                . = ALIGN (0x4)
                0x00000000080093c0                __exidx_start = .
 *(.ARM.exidx*)
 .ARM.exidx     0x00000000080093c0        0x8 c:/st/stm32cubeide_1.12.0/stm32cubeide/plugins/com.st.stm32cube.ide.mcu.externaltools.gnu-tools-for-stm32.10.3-2021.10.win32_1.0.200.202301161003/tools/bin/../lib/gcc/arm-none-eabi/10.3.1/thumb/v7e-m+fp/hard\libgcc.a(_udivmoddi4.o)
                0x00000000080093c8                __exidx_end = .
                0x00000000080093c8                . = ALIGN (0x4)

.rel.dyn        0x00000000080093c8        0x0
 .rel.iplt      0x00000000080093c8        0x0 c:/st/stm32cubeide_1.12.0/stm32cubeide/plugins/com.st.stm32cube.ide.mcu.externaltools.gnu-tools-for-stm32.10.3-2021.10.win32_1.0.200.202301161003/tools/bin/../lib/gcc/arm-none-eabi/10.3.1/thumb/v7e-m+fp/hard/crtbegin.o

.preinit_array  0x00000000080093c8        0x0
                0x00000000080093c8                . = ALIGN (0x4)
                0x00000000080093c8                PROVIDE (__preinit_array_start = .)
 *(.preinit_array*)
                0x00000000080093c8                PROVIDE (__preinit_array_end = .)
                0x00000000080093c8                . = ALIGN (0x4)

.init_array     0x00000000080093c8        0x4
                0x00000000080093c8                . = ALIGN (0x4)
                0x00000000080093c8                PROVIDE (__init_array_start = .)
 *(SORT_BY_NAME(.init_array.*))
 *(.init_array*)
 .init_array    0x00000000080093c8        0x4 c:/st/stm32cubeide_1.12.0/stm32cubeide/plugins/com.st.stm32cube.ide.mcu.externaltools.gnu-tools-for-stm32.10.3-2021.10.win32_1.0.200.202301161003/tools/bin/../lib/gcc/arm-none-eabi/10.3.1/thumb/v7e-m+fp/hard/crtbegin.o
                0x00000000080093cc                PROVIDE (__init_array_end = .)
                0x00000000080093cc                . = ALIGN (0x4)

.fini_array     0x00000000080093cc        0x4
                0x00000000080093cc                . = ALIGN (0x4)
                [!provide]                        PROVIDE (__fini_array_start = .)
 *(SORT_BY_NAME(.fini_array.*))
 *(.fini_array*)
 .fini_array    0x00000000080093cc        0x4 c:/st/stm32cubeide_1.12.0/stm32cubeide/plugins/com.st.stm32cube.ide.mcu.externaltools.gnu-tools-for-stm32.10.3-2021.10.win32_1.0.200.202301161003/tools/bin/../lib/gcc/arm-none-eabi/10.3.1/thumb/v7e-m+fp/hard/crtbegin.o
                [!provide]                        PROVIDE (__fini_array_end = .)
                0x00000000080093d0                . = ALIGN (0x4)
                0x00000000080093d0                _sidata = LOADADDR (.data)

.data           0x0000000020000000      0x188 load address 0x00000000080093d0
                0x0000000020000000                . = ALIGN (0x4)
                0x0000000020000000                _sdata = .
 *(.data)
 *(.data*)
 .data.SystemCoreClock
                0x0000000020000000        0x4 ./Core/Src/system_stm32f4xx.o
                0x0000000020000000                SystemCoreClock
 .data.uwTickPrio
                0x0000000020000004        0x4 ./Drivers/STM32F4xx_HAL_Driver/Src/stm32f4xx_hal.o
                0x0000000020000004                uwTickPrio
 .data.uwTickFreq
                0x0000000020000008        0x1 ./Drivers/STM32F4xx_HAL_Driver/Src/stm32f4xx_hal.o
                0x0000000020000008                uwTickFreq
 .data.comActiveInterface
                0x0000000020000009        0x1 ./Loader/com.o
 *fill*         0x000000002000000a        0x2 
 .data.USBD_Bulk_DeviceQualifierDesc
                0x000000002000000c        0xa ./USB_DEVICE/App/usbd_bulk.o
 *fill*         0x0000000020000016        0x2 
 .data.USBD_Bulk
                0x0000000020000018       0x38 ./USB_DEVICE/App/usbd_bulk.o
                0x0000000020000018                USBD_Bulk
 .data.USBD_Bulk_CfgFSDesc
                0x0000000020000050       0x20 ./USB_DEVICE/App/usbd_bulk.o
                0x0000000020000050                USBD_Bulk_CfgFSDesc
 .data.USBD_Bulk_MSOS20Desc
                0x0000000020000070       0x9e ./USB_DEVICE/App/usbd_bulk.o
                0x0000000020000070                USBD_Bulk_MSOS20Desc
 *fill*         0x000000002000010e        0x2 
 .data.FS_Desc  0x0000000020000110       0x20 ./USB_DEVICE/App/usbd_desc.o
                0x0000000020000110                FS_Desc
 .data.USBD_FS_DeviceDesc
                0x0000000020000130       0x12 ./USB_DEVICE/App/usbd_desc.o
                0x0000000020000130                USBD_FS_DeviceDesc
 *fill*         0x0000000020000142        0x2 
 .data.USBD_FS_BOSDesc
                0x0000000020000144       0x21 ./USB_DEVICE/App/usbd_desc.o
                0x0000000020000144                USBD_FS_BOSDesc
 *fill*         0x0000000020000165        0x3 
 .data.USBD_LangIDDesc
                0x0000000020000168        0x4 ./USB_DEVICE/App/usbd_desc.o
                0x0000000020000168                USBD_LangIDDesc
 .data.USBD_StringSerial
                0x000000002000016c       0x1a ./USB_DEVICE/App/usbd_desc.o
                0x000000002000016c                USBD_StringSerial
 *(.RamFunc)
 *(.RamFunc*)
                0x0000000020000188                . = ALIGN (0x4)
 *fill*         0x0000000020000186        0x2 
                0x0000000020000188                _edata = .
                0x0000000008009558                _siccmram = LOADADDR (.ccmram)

.igot.plt       0x0000000020000188        0x0 load address 0x0000000008009558
 .igot.plt      0x0000000020000188        0x0 c:/st/stm32cubeide_1.12.0/stm32cubeide/plugins/com.st.stm32cube.ide.mcu.externaltools.gnu-tools-for-stm32.10.3-2021.10.win32_1.0.200.202301161003/tools/bin/../lib/gcc/arm-none-eabi/10.3.1/thumb/v7e-m+fp/hard/crtbegin.o

.ccmram         0x0000000010000000        0x0 load address 0x0000000008009558
                0x0000000010000000                . = ALIGN (0x4)
                0x0000000010000000                _sccmram = .
 *(.ccmram)
 *(.ccmram*)
                0x0000000010000000                . = ALIGN (0x4)
                0x0000000010000000                _eccmram = .
                0x0000000010000000                . = ALIGN (0x4)

.bss            0x0000000020000188     0x1164
                0x0000000020000188                _sbss = .
                0x0000000020000188                __bss_start__ = _sbss
 *(.bss)
 .bss           0x0000000020000188       0x1c c:/st/stm32cubeide_1.12.0/stm32cubeide/plugins/com.st.stm32cube.ide.mcu.externaltools.gnu-tools-for-stm32.10.3-2021.10.win32_1.0.200.202301161003/tools/bin/../lib/gcc/arm-none-eabi/10.3.1/thumb/v7e-m+fp/hard/crtbegin.o
 *(.bss*)
 .bss.initialized.0
                0x00000000200001a4        0x1 ./App/hooks.o
 *fill*         0x00000000200001a5        0x3 
 .bss.hpcd_USB_OTG_FS
                0x00000000200001a8      0x50c ./Core/Src/main.o
                0x00000000200001a8                hpcd_USB_OTG_FS
 .bss.uwTick    0x00000000200006b4        0x4 ./Drivers/STM32F4xx_HAL_Driver/Src/stm32f4xx_hal.o
                0x00000000200006b4                uwTick
 .bss.pFlash    0x00000000200006b8       0x20 ./Drivers/STM32F4xx_HAL_Driver/Src/stm32f4xx_hal_flash.o
                0x00000000200006b8                pFlash
 .bss.cfgidx.0  0x00000000200006d8        0x1 ./Library/STM32_USB_Device_Library/Core/Src/usbd_ctlreq.o
 *fill*         0x00000000200006d9        0x3 
 .bss.blockInfo
                0x00000000200006dc      0x204 ./Loader/ARMCM4_STM32F4/flash.o
 .bss.bootBlockInfo
                0x00000000200008e0      0x204 ./Loader/ARMCM4_STM32F4/flash.o
 .bss.xcpCtoRxInProgress.3
                0x0000000020000ae4        0x1 ./Loader/ARMCM4_STM32F4/rs232.o
 *fill*         0x0000000020000ae5        0x3 
 .bss.xcpCtoReqPacket.2
                0x0000000020000ae8       0x82 ./Loader/ARMCM4_STM32F4/rs232.o
 *fill*         0x0000000020000b6a        0x2 
 .bss.xcpCtoRxStartTime.1
                0x0000000020000b6c        0x4 ./Loader/ARMCM4_STM32F4/rs232.o
 .bss.xcpCtoRxLength.0
                0x0000000020000b70        0x1 ./Loader/ARMCM4_STM32F4/rs232.o
 *fill*         0x0000000020000b71        0x3 
 .bss.millisecond_counter
                0x0000000020000b74        0x4 ./Loader/ARMCM4_STM32F4/timer.o
 .bss.fifoCtrl  0x0000000020000b78       0x30 ./Loader/ARMCM4_STM32F4/usb.o
 .bss.fifoCtrlFree
                0x0000000020000ba8        0x4 ./Loader/ARMCM4_STM32F4/usb.o
 .bss.fifoPipeBulkIN
                0x0000000020000bac       0x41 ./Loader/ARMCM4_STM32F4/usb.o
 *fill*         0x0000000020000bed        0x3 
 .bss.fifoPipeBulkOUT
                0x0000000020000bf0       0x41 ./Loader/ARMCM4_STM32F4/usb.o
 *fill*         0x0000000020000c31        0x3 
 .bss.hUsbDeviceFS
                0x0000000020000c34      0x2d0 ./Loader/ARMCM4_STM32F4/usb.o
 .bss.xcpCtoRxInProgress.3
                0x0000000020000f04        0x1 ./Loader/ARMCM4_STM32F4/usb.o
 *fill*         0x0000000020000f05        0x3 
 .bss.xcpCtoReqPacket.2
                0x0000000020000f08       0x40 ./Loader/ARMCM4_STM32F4/usb.o
 .bss.xcpCtoRxLength.1
                0x0000000020000f48        0x1 ./Loader/ARMCM4_STM32F4/usb.o
 *fill*         0x0000000020000f49        0x3 
 .bss.USB_Tx_Buffer.0
                0x0000000020000f4c       0x40 ./Loader/ARMCM4_STM32F4/usb.o
 .bss.backdoorOpen
                0x0000000020000f8c        0x1 ./Loader/backdoor.o
 *fill*         0x0000000020000f8d        0x3 
 .bss.backdoorOpenTime
                0x0000000020000f90        0x4 ./Loader/backdoor.o
 .bss.backdoorExtensionTime
                0x0000000020000f94        0x4 ./Loader/backdoor.o
 .bss.xcpCtoReqPacket.0
                0x0000000020000f98       0x81 ./Loader/com.o
 *fill*         0x0000000020001019        0x3 
 .bss.xcpInfo   0x000000002000101c       0x8c ./Loader/xcp.o
 .bss.usbd_bulk_AltSet
                0x00000000200010a8        0x4 ./USB_DEVICE/App/usbd_bulk.o
 .bss.USB_Rx_Buffer
                0x00000000200010ac       0x40 ./USB_DEVICE/App/usbd_bulk.o
                0x00000000200010ac                USB_Rx_Buffer
 .bss.USBD_StrDesc
                0x00000000200010ec      0x200 ./USB_DEVICE/App/usbd_desc.o
                0x00000000200010ec                USBD_StrDesc
 *(COMMON)
                0x00000000200012ec                . = ALIGN (0x4)
                0x00000000200012ec                _ebss = .
                0x00000000200012ec                __bss_end__ = _ebss

._user_heap_stack
                0x00000000200012ec      0x604
                0x00000000200012f0                . = ALIGN (0x8)
 *fill*         0x00000000200012ec        0x4 
                [!provide]                        PROVIDE (end = .)
                0x00000000200012f0                PROVIDE (_end = .)
                0x00000000200014f0                . = (. + _Min_Heap_Size)
 *fill*         0x00000000200012f0      0x200 
                0x00000000200018f0                . = (. + _Min_Stack_Size)
 *fill*         0x00000000200014f0      0x400 
                0x00000000200018f0                . = ALIGN (0x8)

/DISCARD/
 libc.a(*)
 libm.a(*)
 libgcc.a(*)

.ARM.attributes
                0x0000000000000000       0x30
 *(.ARM.attributes)
 .ARM.attributes
                0x0000000000000000       0x1e c:/st/stm32cubeide_1.12.0/stm32cubeide/plugins/com.st.stm32cube.ide.mcu.externaltools.gnu-tools-for-stm32.10.3-2021.10.win32_1.0.200.202301161003/tools/bin/../lib/gcc/arm-none-eabi/10.3.1/thumb/v7e-m+fp/hard/crti.o
 .ARM.attributes
                0x000000000000001e       0x34 c:/st/stm32cubeide_1.12.0/stm32cubeide/plugins/com.st.stm32cube.ide.mcu.externaltools.gnu-tools-for-stm32.10.3-2021.10.win32_1.0.200.202301161003/tools/bin/../lib/gcc/arm-none-eabi/10.3.1/thumb/v7e-m+fp/hard/crtbegin.o
 .ARM.attributes
                0x0000000000000052       0x34 ./App/app.o
 .ARM.attributes
                0x0000000000000086       0x34 ./App/hooks.o
 .ARM.attributes
                0x00000000000000ba       0x34 ./App/led.o
 .ARM.attributes
                0x00000000000000ee       0x34 ./Core/Src/main.o
 .ARM.attributes
                0x0000000000000122       0x34 ./Core/Src/stm32f4xx_hal_msp.o
 .ARM.attributes
                0x0000000000000156       0x34 ./Core/Src/stm32f4xx_it.o
 .ARM.attributes
                0x000000000000018a       0x34 ./Core/Src/system_stm32f4xx.o
 .ARM.attributes
                0x00000000000001be       0x21 ./Core/Startup/startup_stm32f407vetx.o
 .ARM.attributes
                0x00000000000001df       0x34 ./Drivers/STM32F4xx_HAL_Driver/Src/stm32f4xx_hal.o
 .ARM.attributes
                0x0000000000000213       0x34 ./Drivers/STM32F4xx_HAL_Driver/Src/stm32f4xx_hal_cortex.o
 .ARM.attributes
                0x0000000000000247       0x34 ./Drivers/STM32F4xx_HAL_Driver/Src/stm32f4xx_hal_flash.o
 .ARM.attributes
                0x000000000000027b       0x34 ./Drivers/STM32F4xx_HAL_Driver/Src/stm32f4xx_hal_flash_ex.o
 .ARM.attributes
                0x00000000000002af       0x34 ./Drivers/STM32F4xx_HAL_Driver/Src/stm32f4xx_hal_gpio.o
 .ARM.attributes
                0x00000000000002e3       0x34 ./Drivers/STM32F4xx_HAL_Driver/Src/stm32f4xx_hal_pcd.o
 .ARM.attributes
                0x0000000000000317       0x34 ./Drivers/STM32F4xx_HAL_Driver/Src/stm32f4xx_hal_pcd_ex.o
 .ARM.attributes
                0x000000000000034b       0x34 ./Drivers/STM32F4xx_HAL_Driver/Src/stm32f4xx_hal_rcc.o
 .ARM.attributes
                0x000000000000037f       0x34 ./Drivers/STM32F4xx_HAL_Driver/Src/stm32f4xx_ll_gpio.o
 .ARM.attributes
                0x00000000000003b3       0x34 ./Drivers/STM32F4xx_HAL_Driver/Src/stm32f4xx_ll_rcc.o
 .ARM.attributes
                0x00000000000003e7       0x34 ./Drivers/STM32F4xx_HAL_Driver/Src/stm32f4xx_ll_usart.o
 .ARM.attributes
                0x000000000000041b       0x34 ./Drivers/STM32F4xx_HAL_Driver/Src/stm32f4xx_ll_usb.o
 .ARM.attributes
                0x000000000000044f       0x34 ./Drivers/STM32F4xx_HAL_Driver/Src/stm32f4xx_ll_utils.o
 .ARM.attributes
                0x0000000000000483       0x34 ./Library/STM32_USB_Device_Library/Core/Src/usbd_core.o
 .ARM.attributes
                0x00000000000004b7       0x34 ./Library/STM32_USB_Device_Library/Core/Src/usbd_ctlreq.o
 .ARM.attributes
                0x00000000000004eb       0x34 ./Library/STM32_USB_Device_Library/Core/Src/usbd_ioreq.o
 .ARM.attributes
                0x000000000000051f       0x34 ./Loader/ARMCM4_STM32F4/GCC/cpu_comp.o
 .ARM.attributes
                0x0000000000000553       0x34 ./Loader/ARMCM4_STM32F4/cpu.o
 .ARM.attributes
                0x0000000000000587       0x34 ./Loader/ARMCM4_STM32F4/flash.o
 .ARM.attributes
                0x00000000000005bb       0x34 ./Loader/ARMCM4_STM32F4/nvm.o
 .ARM.attributes
                0x00000000000005ef       0x34 ./Loader/ARMCM4_STM32F4/rs232.o
 .ARM.attributes
                0x0000000000000623       0x34 ./Loader/ARMCM4_STM32F4/timer.o
 .ARM.attributes
                0x0000000000000657       0x34 ./Loader/ARMCM4_STM32F4/usb.o
 .ARM.attributes
                0x000000000000068b       0x34 ./Loader/asserts.o
 .ARM.attributes
                0x00000000000006bf       0x34 ./Loader/backdoor.o
 .ARM.attributes
                0x00000000000006f3       0x34 ./Loader/boot.o
 .ARM.attributes
                0x0000000000000727       0x34 ./Loader/com.o
 .ARM.attributes
                0x000000000000075b       0x34 ./Loader/cop.o
 .ARM.attributes
                0x000000000000078f       0x34 ./Loader/xcp.o
 .ARM.attributes
                0x00000000000007c3       0x34 ./USB_DEVICE/App/usbd_bulk.o
 .ARM.attributes
                0x00000000000007f7       0x34 ./USB_DEVICE/App/usbd_desc.o
 .ARM.attributes
                0x000000000000082b       0x34 ./USB_DEVICE/Target/usbd_conf.o
 .ARM.attributes
                0x000000000000085f       0x34 c:/st/stm32cubeide_1.12.0/stm32cubeide/plugins/com.st.stm32cube.ide.mcu.externaltools.gnu-tools-for-stm32.10.3-2021.10.win32_1.0.200.202301161003/tools/bin/../lib/gcc/arm-none-eabi/10.3.1/../../../../arm-none-eabi/lib/thumb/v7e-m+fp/hard\libc_nano.a(lib_a-init.o)
 .ARM.attributes
                0x0000000000000893       0x1e c:/st/stm32cubeide_1.12.0/stm32cubeide/plugins/com.st.stm32cube.ide.mcu.externaltools.gnu-tools-for-stm32.10.3-2021.10.win32_1.0.200.202301161003/tools/bin/../lib/gcc/arm-none-eabi/10.3.1/thumb/v7e-m+fp/hard\libgcc.a(_aeabi_uldivmod.o)
 .ARM.attributes
                0x00000000000008b1       0x34 c:/st/stm32cubeide_1.12.0/stm32cubeide/plugins/com.st.stm32cube.ide.mcu.externaltools.gnu-tools-for-stm32.10.3-2021.10.win32_1.0.200.202301161003/tools/bin/../lib/gcc/arm-none-eabi/10.3.1/thumb/v7e-m+fp/hard\libgcc.a(_udivmoddi4.o)
 .ARM.attributes
                0x00000000000008e5       0x1e c:/st/stm32cubeide_1.12.0/stm32cubeide/plugins/com.st.stm32cube.ide.mcu.externaltools.gnu-tools-for-stm32.10.3-2021.10.win32_1.0.200.202301161003/tools/bin/../lib/gcc/arm-none-eabi/10.3.1/thumb/v7e-m+fp/hard\libgcc.a(_dvmd_tls.o)
 .ARM.attributes
                0x0000000000000903       0x1e c:/st/stm32cubeide_1.12.0/stm32cubeide/plugins/com.st.stm32cube.ide.mcu.externaltools.gnu-tools-for-stm32.10.3-2021.10.win32_1.0.200.202301161003/tools/bin/../lib/gcc/arm-none-eabi/10.3.1/thumb/v7e-m+fp/hard/crtn.o
OUTPUT(Boot.elf elf32-littlearm)
LOAD linker stubs
LOAD c:/st/stm32cubeide_1.12.0/stm32cubeide/plugins/com.st.stm32cube.ide.mcu.externaltools.gnu-tools-for-stm32.10.3-2021.10.win32_1.0.200.202301161003/tools/bin/../lib/gcc/arm-none-eabi/10.3.1/../../../../arm-none-eabi/lib/thumb/v7e-m+fp/hard\libc.a
LOAD c:/st/stm32cubeide_1.12.0/stm32cubeide/plugins/com.st.stm32cube.ide.mcu.externaltools.gnu-tools-for-stm32.10.3-2021.10.win32_1.0.200.202301161003/tools/bin/../lib/gcc/arm-none-eabi/10.3.1/../../../../arm-none-eabi/lib/thumb/v7e-m+fp/hard\libm.a
LOAD c:/st/stm32cubeide_1.12.0/stm32cubeide/plugins/com.st.stm32cube.ide.mcu.externaltools.gnu-tools-for-stm32.10.3-2021.10.win32_1.0.200.202301161003/tools/bin/../lib/gcc/arm-none-eabi/10.3.1/thumb/v7e-m+fp/hard\libgcc.a

.debug_info     0x0000000000000000    0x12bbc
 .debug_info    0x0000000000000000       0x96 ./App/app.o
 .debug_info    0x0000000000000096      0x53f ./App/hooks.o
 .debug_info    0x00000000000005d5      0x26d ./App/led.o
 .debug_info    0x0000000000000842     0x10ee ./Core/Src/main.o
 .debug_info    0x0000000000001930      0x972 ./Core/Src/stm32f4xx_hal_msp.o
 .debug_info    0x00000000000022a2      0x165 ./Core/Src/stm32f4xx_it.o
 .debug_info    0x0000000000002407      0x523 ./Core/Src/system_stm32f4xx.o
 .debug_info    0x000000000000292a       0x22 ./Core/Startup/startup_stm32f407vetx.o
 .debug_info    0x000000000000294c      0x97c ./Drivers/STM32F4xx_HAL_Driver/Src/stm32f4xx_hal.o
 .debug_info    0x00000000000032c8      0xe1b ./Drivers/STM32F4xx_HAL_Driver/Src/stm32f4xx_hal_cortex.o
 .debug_info    0x00000000000040e3      0x5d2 ./Drivers/STM32F4xx_HAL_Driver/Src/stm32f4xx_hal_flash.o
 .debug_info    0x00000000000046b5      0x6cc ./Drivers/STM32F4xx_HAL_Driver/Src/stm32f4xx_hal_flash_ex.o
 .debug_info    0x0000000000004d81      0x76a ./Drivers/STM32F4xx_HAL_Driver/Src/stm32f4xx_hal_gpio.o
 .debug_info    0x00000000000054eb     0x1695 ./Drivers/STM32F4xx_HAL_Driver/Src/stm32f4xx_hal_pcd.o
 .debug_info    0x0000000000006b80      0x717 ./Drivers/STM32F4xx_HAL_Driver/Src/stm32f4xx_hal_pcd_ex.o
 .debug_info    0x0000000000007297      0x966 ./Drivers/STM32F4xx_HAL_Driver/Src/stm32f4xx_hal_rcc.o
 .debug_info    0x0000000000007bfd      0x848 ./Drivers/STM32F4xx_HAL_Driver/Src/stm32f4xx_ll_gpio.o
 .debug_info    0x0000000000008445      0x7e2 ./Drivers/STM32F4xx_HAL_Driver/Src/stm32f4xx_ll_rcc.o
 .debug_info    0x0000000000008c27      0x751 ./Drivers/STM32F4xx_HAL_Driver/Src/stm32f4xx_ll_usart.o
 .debug_info    0x0000000000009378     0x1a97 ./Drivers/STM32F4xx_HAL_Driver/Src/stm32f4xx_ll_usb.o
 .debug_info    0x000000000000ae0f      0x94a ./Drivers/STM32F4xx_HAL_Driver/Src/stm32f4xx_ll_utils.o
 .debug_info    0x000000000000b759      0xbcc ./Library/STM32_USB_Device_Library/Core/Src/usbd_core.o
 .debug_info    0x000000000000c325      0xacc ./Library/STM32_USB_Device_Library/Core/Src/usbd_ctlreq.o
 .debug_info    0x000000000000cdf1      0x77b ./Library/STM32_USB_Device_Library/Core/Src/usbd_ioreq.o
 .debug_info    0x000000000000d56c       0x86 ./Loader/ARMCM4_STM32F4/GCC/cpu_comp.o
 .debug_info    0x000000000000d5f2      0x42d ./Loader/ARMCM4_STM32F4/cpu.o
 .debug_info    0x000000000000da1f      0x735 ./Loader/ARMCM4_STM32F4/flash.o
 .debug_info    0x000000000000e154      0x1fa ./Loader/ARMCM4_STM32F4/nvm.o
 .debug_info    0x000000000000e34e      0x4e8 ./Loader/ARMCM4_STM32F4/rs232.o
 .debug_info    0x000000000000e836      0x170 ./Loader/ARMCM4_STM32F4/timer.o
 .debug_info    0x000000000000e9a6     0x10ed ./Loader/ARMCM4_STM32F4/usb.o
 .debug_info    0x000000000000fa93       0xbd ./Loader/asserts.o
 .debug_info    0x000000000000fb50      0x142 ./Loader/backdoor.o
 .debug_info    0x000000000000fc92       0xd6 ./Loader/boot.o
 .debug_info    0x000000000000fd68      0x2a7 ./Loader/com.o
 .debug_info    0x000000000001000f       0x86 ./Loader/cop.o
 .debug_info    0x0000000000010095      0x6df ./Loader/xcp.o
 .debug_info    0x0000000000010774      0x8e4 ./USB_DEVICE/App/usbd_bulk.o
 .debug_info    0x0000000000011058      0x4fc ./USB_DEVICE/App/usbd_desc.o
 .debug_info    0x0000000000011554     0x1668 ./USB_DEVICE/Target/usbd_conf.o

.debug_abbrev   0x0000000000000000     0x45d1
 .debug_abbrev  0x0000000000000000       0x5a ./App/app.o
 .debug_abbrev  0x000000000000005a      0x1c4 ./App/hooks.o
 .debug_abbrev  0x000000000000021e      0x16a ./App/led.o
 .debug_abbrev  0x0000000000000388      0x31b ./Core/Src/main.o
 .debug_abbrev  0x00000000000006a3      0x1c1 ./Core/Src/stm32f4xx_hal_msp.o
 .debug_abbrev  0x0000000000000864       0xad ./Core/Src/stm32f4xx_it.o
 .debug_abbrev  0x0000000000000911      0x116 ./Core/Src/system_stm32f4xx.o
 .debug_abbrev  0x0000000000000a27       0x12 ./Core/Startup/startup_stm32f407vetx.o
 .debug_abbrev  0x0000000000000a39      0x20d ./Drivers/STM32F4xx_HAL_Driver/Src/stm32f4xx_hal.o
 .debug_abbrev  0x0000000000000c46      0x316 ./Drivers/STM32F4xx_HAL_Driver/Src/stm32f4xx_hal_cortex.o
 .debug_abbrev  0x0000000000000f5c      0x281 ./Drivers/STM32F4xx_HAL_Driver/Src/stm32f4xx_hal_flash.o
 .debug_abbrev  0x00000000000011dd      0x240 ./Drivers/STM32F4xx_HAL_Driver/Src/stm32f4xx_hal_flash_ex.o
 .debug_abbrev  0x000000000000141d      0x1c4 ./Drivers/STM32F4xx_HAL_Driver/Src/stm32f4xx_hal_gpio.o
 .debug_abbrev  0x00000000000015e1      0x2bb ./Drivers/STM32F4xx_HAL_Driver/Src/stm32f4xx_hal_pcd.o
 .debug_abbrev  0x000000000000189c      0x1ce ./Drivers/STM32F4xx_HAL_Driver/Src/stm32f4xx_hal_pcd_ex.o
 .debug_abbrev  0x0000000000001a6a      0x2aa ./Drivers/STM32F4xx_HAL_Driver/Src/stm32f4xx_hal_rcc.o
 .debug_abbrev  0x0000000000001d14      0x20e ./Drivers/STM32F4xx_HAL_Driver/Src/stm32f4xx_ll_gpio.o