../Drivers/STM32F4xx_HAL_Driver/Inc/stm32f4xx_ll_bus.h:409:22:LL_AHB1_GRP1_EnableClock	24	static
../Drivers/STM32F4xx_HAL_Driver/Inc/stm32f4xx_ll_bus.h:1185:22:LL_APB1_GRP1_EnableClock	24	static
../Drivers/STM32F4xx_HAL_Driver/Inc/stm32f4xx_ll_gpio.h:881:22:LL_GPIO_SetOutputPin	16	static
../Drivers/STM32F4xx_HAL_Driver/Inc/stm32f4xx_ll_gpio.h:910:22:LL_GPIO_ResetOutputPin	16	static
../Drivers/STM32F4xx_HAL_Driver/Inc/stm32f4xx_ll_spi.h:298:22:LL_SPI_Enable	16	static
../Drivers/STM32F4xx_HAL_Driver/Inc/stm32f4xx_ll_spi.h:310:22:LL_SPI_Disable	16	static
../Drivers/STM32F4xx_HAL_Driver/Inc/stm32f4xx_ll_spi.h:366:22:LL_SPI_SetStandard	16	static
../Drivers/STM32F4xx_HAL_Driver/Inc/stm32f4xx_ll_spi.h:732:26:LL_SPI_IsActiveFlag_RXNE	16	static
../Drivers/STM32F4xx_HAL_Driver/Inc/stm32f4xx_ll_spi.h:743:26:LL_SPI_IsActiveFlag_TXE	16	static
../Drivers/STM32F4xx_HAL_Driver/Inc/stm32f4xx_ll_spi.h:1076:25:LL_SPI_ReceiveData8	16	static
../Drivers/STM32F4xx_HAL_Driver/Inc/stm32f4xx_ll_spi.h:1099:22:LL_SPI_TransmitData8	24	static
../Library/FatFS/mmc.c:89:6:send_initial_clock_train	40	static
../Library/FatFS/mmc.c:156:6:power_on	72	static
../Library/FatFS/mmc.c:211:6:set_max_speed	48	static
../Library/FatFS/mmc.c:237:6:power_off	4	static
../Library/FatFS/mmc.c:248:6:xchg_spi	24	static
../Library/FatFS/mmc.c:287:6:rcvr_spi_m	16	static
../Library/FatFS/mmc.c:298:5:wait_ready	16	static
../Library/FatFS/mmc.c:321:6:deselect_card	8	static
../Library/FatFS/mmc.c:334:5:select_card	8	static
../Library/FatFS/mmc.c:351:5:rcvr_datablock	24	static
../Library/FatFS/mmc.c:390:5:xmit_datablock	24	static
../Library/FatFS/mmc.c:427:6:send_cmd	24	static
../Library/FatFS/mmc.c:481:9:disk_initialize	40	static
../Library/FatFS/mmc.c:542:9:disk_status	16	static
../Library/FatFS/mmc.c:556:9:disk_read	24	static
../Library/FatFS/mmc.c:595:9:disk_write	24	static
../Library/FatFS/mmc.c:637:9:disk_ioctl	56	static
